Archive member included because of file (symbol)

/Users/nguyenbui/Documents/Eclipse/ARMToolchain/gcc-arm-none-eabi-4_9-2015q3/bin/../lib/gcc/arm-none-eabi/4.9.3/../../../../arm-none-eabi/lib/armv7e-m/libg_nano.a(lib_a-errno.o)
                              ./system/src/newlib/_sbrk.o (__errno)
/Users/nguyenbui/Documents/Eclipse/ARMToolchain/gcc-arm-none-eabi-4_9-2015q3/bin/../lib/gcc/arm-none-eabi/4.9.3/../../../../arm-none-eabi/lib/armv7e-m/libg_nano.a(lib_a-impure.o)
                              /Users/nguyenbui/Documents/Eclipse/ARMToolchain/gcc-arm-none-eabi-4_9-2015q3/bin/../lib/gcc/arm-none-eabi/4.9.3/../../../../arm-none-eabi/lib/armv7e-m/libg_nano.a(lib_a-errno.o) (_impure_ptr)
/Users/nguyenbui/Documents/Eclipse/ARMToolchain/gcc-arm-none-eabi-4_9-2015q3/bin/../lib/gcc/arm-none-eabi/4.9.3/../../../../arm-none-eabi/lib/armv7e-m/libg_nano.a(lib_a-init.o)
                              ./system/src/cmsis/startup_stm32f405xx.o (__libc_init_array)

Allocating common symbols
Common symbol       size              file

htim4               0x3c              ./src/main.o
errno               0x4               ./system/src/newlib/_syscalls.o
uwTick              0x4               ./system/src/stm32f4-hal/stm32f4xx_hal.o
pFlash              0x20              ./system/src/stm32f4-hal/stm32f4xx_hal_flash.o
htim5               0x3c              ./src/main.o
htim3               0x3c              ./src/main.o
hspi3               0x58              ./src/main.o
hadc1               0x48              ./src/main.o
huart1              0x40              ./src/main.o
htim9               0x3c              ./src/main.o
htim2               0x3c              ./src/main.o
htim12              0x3c              ./src/main.o

Discarded input sections

 .text          0x0000000000000000        0x0 ./system/src/stm32f4-hal/stm32f4xx_hal.o
 .data          0x0000000000000000        0x0 ./system/src/stm32f4-hal/stm32f4xx_hal.o
 .bss           0x0000000000000000        0x0 ./system/src/stm32f4-hal/stm32f4xx_hal.o
 .text.HAL_MspInit
                0x0000000000000000        0x2 ./system/src/stm32f4-hal/stm32f4xx_hal.o
 .text.HAL_MspDeInit
                0x0000000000000000        0x2 ./system/src/stm32f4-hal/stm32f4xx_hal.o
 .text.HAL_DeInit
                0x0000000000000000       0x2c ./system/src/stm32f4-hal/stm32f4xx_hal.o
 .text.HAL_Delay
                0x0000000000000000       0x1a ./system/src/stm32f4-hal/stm32f4xx_hal.o
 .text.HAL_SuspendTick
                0x0000000000000000       0x10 ./system/src/stm32f4-hal/stm32f4xx_hal.o
 .text.HAL_ResumeTick
                0x0000000000000000       0x10 ./system/src/stm32f4-hal/stm32f4xx_hal.o
 .text.HAL_GetHalVersion
                0x0000000000000000        0x8 ./system/src/stm32f4-hal/stm32f4xx_hal.o
 .text.HAL_GetREVID
                0x0000000000000000        0xc ./system/src/stm32f4-hal/stm32f4xx_hal.o
 .text.HAL_GetDEVID
                0x0000000000000000       0x10 ./system/src/stm32f4-hal/stm32f4xx_hal.o
 .text.HAL_DBGMCU_EnableDBGSleepMode
                0x0000000000000000       0x10 ./system/src/stm32f4-hal/stm32f4xx_hal.o
 .text.HAL_DBGMCU_DisableDBGSleepMode
                0x0000000000000000       0x10 ./system/src/stm32f4-hal/stm32f4xx_hal.o
 .text.HAL_DBGMCU_EnableDBGStopMode
                0x0000000000000000       0x10 ./system/src/stm32f4-hal/stm32f4xx_hal.o
 .text.HAL_DBGMCU_DisableDBGStopMode
                0x0000000000000000       0x10 ./system/src/stm32f4-hal/stm32f4xx_hal.o
 .text.HAL_DBGMCU_EnableDBGStandbyMode
                0x0000000000000000       0x10 ./system/src/stm32f4-hal/stm32f4xx_hal.o
 .text.HAL_DBGMCU_DisableDBGStandbyMode
                0x0000000000000000       0x10 ./system/src/stm32f4-hal/stm32f4xx_hal.o
 .text.HAL_EnableCompensationCell
                0x0000000000000000       0x18 ./system/src/stm32f4-hal/stm32f4xx_hal.o
 .text.HAL_DisableCompensationCell
                0x0000000000000000       0x1c ./system/src/stm32f4-hal/stm32f4xx_hal.o
 .text          0x0000000000000000        0x0 ./system/src/stm32f4-hal/stm32f4xx_hal_adc.o
 .data          0x0000000000000000        0x0 ./system/src/stm32f4-hal/stm32f4xx_hal_adc.o
 .bss           0x0000000000000000        0x0 ./system/src/stm32f4-hal/stm32f4xx_hal_adc.o
 .text.HAL_ADC_MspInit
                0x0000000000000000        0x2 ./system/src/stm32f4-hal/stm32f4xx_hal_adc.o
 .text.HAL_ADC_MspDeInit
                0x0000000000000000        0x2 ./system/src/stm32f4-hal/stm32f4xx_hal_adc.o
 .text.HAL_ADC_DeInit
                0x0000000000000000       0x34 ./system/src/stm32f4-hal/stm32f4xx_hal_adc.o
 .text.HAL_ADC_Start
                0x0000000000000000       0xc0 ./system/src/stm32f4-hal/stm32f4xx_hal_adc.o
 .text.HAL_ADC_Stop
                0x0000000000000000       0x3e ./system/src/stm32f4-hal/stm32f4xx_hal_adc.o
 .text.HAL_ADC_PollForConversion
                0x0000000000000000       0xa0 ./system/src/stm32f4-hal/stm32f4xx_hal_adc.o
 .text.HAL_ADC_PollForEvent
[...]
Memory Configuration

Name             Origin             Length             Attributes
RAM              0x0000000020000000 0x0000000000020000 xrw
CCMRAM           0x0000000010000000 0x0000000000010000 xrw
FLASH            0x0000000008000000 0x0000000000100000 xr
FLASHB1          0x0000000000000000 0x0000000000000000 xr
EXTMEMB0         0x0000000000000000 0x0000000000000000 xr
EXTMEMB1         0x0000000000000000 0x0000000000000000 xr
EXTMEMB2         0x0000000000000000 0x0000000000000000 xr
EXTMEMB3         0x0000000000000000 0x0000000000000000 xr
MEMORY_ARRAY     0x0000000020002000 0x0000000000000020 xrw
*default*        0x0000000000000000 0xffffffffffffffff

Linker script and memory map

LOAD ./system/src/stm32f4-hal/stm32f4xx_hal.o
LOAD ./system/src/stm32f4-hal/stm32f4xx_hal_adc.o
LOAD ./system/src/stm32f4-hal/stm32f4xx_hal_adc_ex.o
LOAD ./system/src/stm32f4-hal/stm32f4xx_hal_cortex.o
LOAD ./system/src/stm32f4-hal/stm32f4xx_hal_flash.o
LOAD ./system/src/stm32f4-hal/stm32f4xx_hal_gpio.o
LOAD ./system/src/stm32f4-hal/stm32f4xx_hal_iwdg.o
LOAD ./system/src/stm32f4-hal/stm32f4xx_hal_pwr.o
LOAD ./system/src/stm32f4-hal/stm32f4xx_hal_rcc.o
LOAD ./system/src/stm32f4-hal/stm32f4xx_hal_spi.o
LOAD ./system/src/stm32f4-hal/stm32f4xx_hal_tim.o
LOAD ./system/src/stm32f4-hal/stm32f4xx_hal_tim_ex.o
LOAD ./system/src/stm32f4-hal/stm32f4xx_hal_uart.o
LOAD ./system/src/stm32f4-hal/stm32f4xx_hal_usart.o
LOAD ./system/src/newlib/_cxx.o
LOAD ./system/src/newlib/_exit.o
LOAD ./system/src/newlib/_sbrk.o
LOAD ./system/src/newlib/_startup.o
LOAD ./system/src/newlib/_syscalls.o
LOAD ./system/src/newlib/assert.o
LOAD ./system/src/diag/Trace.o
LOAD ./system/src/diag/trace_impl.o
LOAD ./system/src/cortexm/_initialize_hardware.o
LOAD ./system/src/cortexm/_reset_hardware.o
LOAD ./system/src/cortexm/exception_handlers.o
LOAD ./system/src/cmsis/startup_stm32f405xx.o
LOAD ./system/src/cmsis/system_stm32f4xx.o
LOAD ./src/_write.o
LOAD ./src/main.o
LOAD ./src/stm32f4xx_hal_msp.o
LOAD ./src/stm32f4xx_it.o
LOAD /Users/nguyenbui/Documents/Eclipse/ARMToolchain/gcc-arm-none-eabi-4_9-2015q3/bin/../lib/gcc/arm-none-eabi/4.9.3/../../../../arm-none-eabi/lib/armv7e-m/libstdc++_nano.a
LOAD /Users/nguyenbui/Documents/Eclipse/ARMToolchain/gcc-arm-none-eabi-4_9-2015q3/bin/../lib/gcc/arm-none-eabi/4.9.3/../../../../arm-none-eabi/lib/armv7e-m/libm.a
START GROUP
LOAD /Users/nguyenbui/Documents/Eclipse/ARMToolchain/gcc-arm-none-eabi-4_9-2015q3/bin/../lib/gcc/arm-none-eabi/4.9.3/armv7e-m/libgcc.a
LOAD /Users/nguyenbui/Documents/Eclipse/ARMToolchain/gcc-arm-none-eabi-4_9-2015q3/bin/../lib/gcc/arm-none-eabi/4.9.3/../../../../arm-none-eabi/lib/armv7e-m/libg_nano.a
LOAD /Users/nguyenbui/Documents/Eclipse/ARMToolchain/gcc-arm-none-eabi-4_9-2015q3/bin/../lib/gcc/arm-none-eabi/4.9.3/../../../../arm-none-eabi/lib/armv7e-m/libc_nano.a
END GROUP
START GROUP
LOAD /Users/nguyenbui/Documents/Eclipse/ARMToolchain/gcc-arm-none-eabi-4_9-2015q3/bin/../lib/gcc/arm-none-eabi/4.9.3/armv7e-m/libgcc.a
LOAD /Users/nguyenbui/Documents/Eclipse/ARMToolchain/gcc-arm-none-eabi-4_9-2015q3/bin/../lib/gcc/arm-none-eabi/4.9.3/../../../../arm-none-eabi/lib/armv7e-m/libc_nano.a
END GROUP
                0x0000000020020000                __stack = (ORIGIN (RAM) + 0x20000)
                0x0000000020020000                _estack = __stack
                0x0000000000000400                __Main_Stack_Size = 0x400
                0x0000000000000400                PROVIDE (_Main_Stack_Size, __Main_Stack_Size)
                0x000000002001fc00                __Main_Stack_Limit = (__stack - __Main_Stack_Size)
                0x000000002001fc00                PROVIDE (_Main_Stack_Limit, __Main_Stack_Limit)
                0x0000000000000100                _Minimum_Stack_Size = 0x100
                0x000000002000025c                PROVIDE (_Heap_Begin, _end_noinit)
                0x000000002001fc00                PROVIDE (_Heap_Limit, (__stack - __Main_Stack_Size))

.isr_vector     0x0000000008000000      0x2e8
 FILL mask 0xff
                0x0000000008000000                __vectors_start = ABSOLUTE (.)
                0x0000000008000000                __vectors_start__ = ABSOLUTE (.)
 *(.isr_vector)
 .isr_vector    0x0000000008000000      0x188 ./system/src/cmsis/startup_stm32f405xx.o
                0x0000000008000000                g_pfnVectors
 *(.cfmconfig)
 *(.after_vectors .after_vectors.*)
 .after_vectors
                0x0000000008000188       0xd4 ./system/src/newlib/_startup.o
                0x0000000008000188                _start
 .after_vectors
                0x000000000800025c       0x8c ./system/src/cortexm/exception_handlers.o
                0x000000000800025c                Reset_Handler
                0x0000000008000260                NMI_Handler
                0x0000000008000262                HardFault_Handler
                0x0000000008000276                HardFault_Handler_C
                0x00000000080002a0                MemManage_Handler
                0x00000000080002a2                BusFault_Handler
                0x00000000080002b6                BusFault_Handler_C
                0x00000000080002b8                UsageFault_Handler
                0x00000000080002cc                UsageFault_Handler_C
                0x00000000080002ce                SVC_Handler
                0x00000000080002d0                DebugMon_Handler
                0x00000000080002d2                PendSV_Handler

.inits          0x00000000080002e8       0x28
                0x00000000080002e8                __data_regions_array_start = .
                0x00000000080002e8        0x4 LONG 0x80022fc LOADADDR (.data)
                0x00000000080002ec        0x4 LONG 0x20000000 ADDR (.data)
                0x00000000080002f0        0x4 LONG 0x2000000c (ADDR (.data) + SIZEOF (.data))
                0x00000000080002f4        0x4 LONG 0x80022fc LOADADDR (.data_CCMRAM)
                0x00000000080002f8        0x4 LONG 0x10000000 ADDR (.data_CCMRAM)
                0x00000000080002fc        0x4 LONG 0x10000000 (ADDR (.data_CCMRAM) + SIZEOF (.data_CCMRAM))
                0x0000000008000300                __data_regions_array_end = .
                0x0000000008000300                __bss_regions_array_start = .
                0x0000000008000300        0x4 LONG 0x2000000c ADDR (.bss)
                0x0000000008000304        0x4 LONG 0x2000025c (ADDR (.bss) + SIZEOF (.bss))
                0x0000000008000308        0x4 LONG 0x10000000 ADDR (.bss_CCMRAM)
                0x000000000800030c        0x4 LONG 0x10000000 (ADDR (.bss_CCMRAM) + SIZEOF (.bss_CCMRAM))
                0x0000000008000310                __bss_regions_array_end = .
 *(.init)
 *(.fini)
                0x0000000008000310                . = ALIGN (0x4)
                0x0000000008000310                PROVIDE (__preinit_array_start, .)
 *(.preinit_array_sysinit .preinit_array_sysinit.*)
 *(.preinit_array_platform .preinit_array_platform.*)
 *(.preinit_array .preinit_array.*)
                0x0000000008000310                PROVIDE (__preinit_array_end, .)
                0x0000000008000310                . = ALIGN (0x4)
                0x0000000008000310                PROVIDE (__init_array_start, .)
 *(SORT(.init_array.*))
 *(.init_array)
                0x0000000008000310                PROVIDE (__init_array_end, .)
                0x0000000008000310                . = ALIGN (0x4)
                0x0000000008000310                PROVIDE (__fini_array_start, .)
 *(SORT(.fini_array.*))
 *(.fini_array)
                0x0000000008000310                PROVIDE (__fini_array_end, .)

.flashtext
 *(.flashtext .flashtext.*)

.text           0x0000000008000310     0x1fec
 *(.text .text.*)
 .text.HAL_InitTick
                0x0000000008000310       0x24 ./system/src/stm32f4-hal/stm32f4xx_hal.o
                0x0000000008000310                HAL_InitTick
 .text.HAL_Init
                0x0000000008000334       0x34 ./system/src/stm32f4-hal/stm32f4xx_hal.o
                0x0000000008000334                HAL_Init
 .text.HAL_IncTick
                0x0000000008000368       0x10 ./system/src/stm32f4-hal/stm32f4xx_hal.o
                0x0000000008000368                HAL_IncTick
 .text.HAL_GetTick
                0x0000000008000378        0xc ./system/src/stm32f4-hal/stm32f4xx_hal.o
                0x0000000008000378                HAL_GetTick
 .text.HAL_ADC_Init
                0x0000000008000384      0x154 ./system/src/stm32f4-hal/stm32f4xx_hal_adc.o
                0x0000000008000384                HAL_ADC_Init
 .text.HAL_ADC_ConfigChannel
                0x00000000080004d8      0x120 ./system/src/stm32f4-hal/stm32f4xx_hal_adc.o
                0x00000000080004d8                HAL_ADC_ConfigChannel
 .text.HAL_NVIC_SetPriorityGrouping
                0x00000000080005f8       0x24 ./system/src/stm32f4-hal/stm32f4xx_hal_cortex.o
                0x00000000080005f8                HAL_NVIC_SetPriorityGrouping
 .text.HAL_NVIC_SetPriority
                0x000000000800061c       0x60 ./system/src/stm32f4-hal/stm32f4xx_hal_cortex.o
                0x000000000800061c                HAL_NVIC_SetPriority
 .text.HAL_NVIC_EnableIRQ
                0x000000000800067c       0x18 ./system/src/stm32f4-hal/stm32f4xx_hal_cortex.o
                0x000000000800067c                HAL_NVIC_EnableIRQ
 .text.HAL_SYSTICK_Config
                0x0000000008000694       0x2c ./system/src/stm32f4-hal/stm32f4xx_hal_cortex.o
                0x0000000008000694                HAL_SYSTICK_Config
 .text.HAL_SYSTICK_CLKSourceConfig
                0x00000000080006c0       0x18 ./system/src/stm32f4-hal/stm32f4xx_hal_cortex.o
                0x00000000080006c0                HAL_SYSTICK_CLKSourceConfig
 .text.HAL_SYSTICK_Callback
                0x00000000080006d8        0x2 ./system/src/stm32f4-hal/stm32f4xx_hal_cortex.o
                0x00000000080006d8                HAL_SYSTICK_Callback
 .text.HAL_SYSTICK_IRQHandler
                0x00000000080006da        0x8 ./system/src/stm32f4-hal/stm32f4xx_hal_cortex.o
                0x00000000080006da                HAL_SYSTICK_IRQHandler
 *fill*         0x00000000080006e2        0x2 
 .text.HAL_GPIO_Init
                0x00000000080006e4      0x1d4 ./system/src/stm32f4-hal/stm32f4xx_hal_gpio.o
                0x00000000080006e4                HAL_GPIO_Init
 .text.HAL_GPIO_WritePin
                0x00000000080008b8        0x8 ./system/src/stm32f4-hal/stm32f4xx_hal_gpio.o
                0x00000000080008b8                HAL_GPIO_WritePin
 .text.HAL_RCC_OscConfig
                0x00000000080008c0      0x2c4 ./system/src/stm32f4-hal/stm32f4xx_hal_rcc.o
                0x00000000080008c0                HAL_RCC_OscConfig
 .text.HAL_RCC_ClockConfig
                0x0000000008000b84      0x144 ./system/src/stm32f4-hal/stm32f4xx_hal_rcc.o
                0x0000000008000b84                HAL_RCC_ClockConfig
 .text.HAL_RCC_GetSysClockFreq
                0x0000000008000cc8       0x80 ./system/src/stm32f4-hal/stm32f4xx_hal_rcc.o
                0x0000000008000cc8                HAL_RCC_GetSysClockFreq
 .text.HAL_RCC_GetHCLKFreq
                0x0000000008000d48       0x34 ./system/src/stm32f4-hal/stm32f4xx_hal_rcc.o
                0x0000000008000d48                HAL_RCC_GetHCLKFreq
 .text.HAL_RCC_GetPCLK1Freq
                0x0000000008000d7c       0x2c ./system/src/stm32f4-hal/stm32f4xx_hal_rcc.o
                0x0000000008000d7c                HAL_RCC_GetPCLK1Freq
 .text.HAL_RCC_GetPCLK2Freq
                0x0000000008000da8       0x2c ./system/src/stm32f4-hal/stm32f4xx_hal_rcc.o
                0x0000000008000da8                HAL_RCC_GetPCLK2Freq
 .text.HAL_SPI_Init
                0x0000000008000dd4       0x80 ./system/src/stm32f4-hal/stm32f4xx_hal_spi.o
                0x0000000008000dd4                HAL_SPI_Init
 .text.TIM_OC1_SetConfig
                0x0000000008000e54       0x58 ./system/src/stm32f4-hal/stm32f4xx_hal_tim.o
 .text.TIM_OC3_SetConfig
                0x0000000008000eac       0x60 ./system/src/stm32f4-hal/stm32f4xx_hal_tim.o
 .text.TIM_OC4_SetConfig
                0x0000000008000f0c       0x50 ./system/src/stm32f4-hal/stm32f4xx_hal_tim.o
 .text.HAL_TIM_ConfigClockSource
                0x0000000008000f5c      0x174 ./system/src/stm32f4-hal/stm32f4xx_hal_tim.o
                0x0000000008000f5c                HAL_TIM_ConfigClockSource
 .text.HAL_TIM_PeriodElapsedCallback
                0x00000000080010d0        0x2 ./system/src/stm32f4-hal/stm32f4xx_hal_tim.o
                0x00000000080010d0                HAL_TIM_PeriodElapsedCallback
 .text.HAL_TIM_OC_DelayElapsedCallback
                0x00000000080010d2        0x2 ./system/src/stm32f4-hal/stm32f4xx_hal_tim.o
                0x00000000080010d2                HAL_TIM_OC_DelayElapsedCallback
 .text.HAL_TIM_IC_CaptureCallback
                0x00000000080010d4        0x2 ./system/src/stm32f4-hal/stm32f4xx_hal_tim.o
                0x00000000080010d4                HAL_TIM_IC_CaptureCallback
 .text.HAL_TIM_PWM_PulseFinishedCallback
                0x00000000080010d6        0x2 ./system/src/stm32f4-hal/stm32f4xx_hal_tim.o
                0x00000000080010d6                HAL_TIM_PWM_PulseFinishedCallback
 .text.HAL_TIM_TriggerCallback
                0x00000000080010d8        0x2 ./system/src/stm32f4-hal/stm32f4xx_hal_tim.o
                0x00000000080010d8                HAL_TIM_TriggerCallback
 .text.HAL_TIM_IRQHandler
                0x00000000080010da      0x144 ./system/src/stm32f4-hal/stm32f4xx_hal_tim.o
                0x00000000080010da                HAL_TIM_IRQHandler
 *fill*         0x000000000800121e        0x2 
 .text.TIM_Base_SetConfig
                0x0000000008001220       0xc8 ./system/src/stm32f4-hal/stm32f4xx_hal_tim.o
                0x0000000008001220                TIM_Base_SetConfig
 .text.HAL_TIM_Base_Init
                0x00000000080012e8       0x34 ./system/src/stm32f4-hal/stm32f4xx_hal_tim.o
                0x00000000080012e8                HAL_TIM_Base_Init
 .text.HAL_TIM_PWM_Init
                0x000000000800131c       0x34 ./system/src/stm32f4-hal/stm32f4xx_hal_tim.o
                0x000000000800131c                HAL_TIM_PWM_Init
 .text.HAL_TIM_Encoder_Init
                0x0000000008001350       0x92 ./system/src/stm32f4-hal/stm32f4xx_hal_tim.o
                0x0000000008001350                HAL_TIM_Encoder_Init
 *fill*         0x00000000080013e2        0x2 
 .text.TIM_OC2_SetConfig
                0x00000000080013e4       0x64 ./system/src/stm32f4-hal/stm32f4xx_hal_tim.o
                0x00000000080013e4                TIM_OC2_SetConfig
 .text.HAL_TIM_PWM_ConfigChannel
                0x0000000008001448       0xc6 ./system/src/stm32f4-hal/stm32f4xx_hal_tim.o
                0x0000000008001448                HAL_TIM_PWM_ConfigChannel
 .text.TIM_CCxChannelCmd
                0x000000000800150e       0x18 ./system/src/stm32f4-hal/stm32f4xx_hal_tim.o
                0x000000000800150e                TIM_CCxChannelCmd
 *fill*         0x0000000008001526        0x2 
 .text.HAL_TIM_PWM_Start
                0x0000000008001528       0x34 ./system/src/stm32f4-hal/stm32f4xx_hal_tim.o
                0x0000000008001528                HAL_TIM_PWM_Start
 .text.TIM_CCxNChannelCmd
                0x000000000800155c       0x18 ./system/src/stm32f4-hal/stm32f4xx_hal_tim_ex.o
 .text.HAL_TIMEx_PWMN_Start
                0x0000000008001574       0x22 ./system/src/stm32f4-hal/stm32f4xx_hal_tim_ex.o
                0x0000000008001574                HAL_TIMEx_PWMN_Start
 .text.HAL_TIMEx_MasterConfigSynchronization
                0x0000000008001596       0x44 ./system/src/stm32f4-hal/stm32f4xx_hal_tim_ex.o
                0x0000000008001596                HAL_TIMEx_MasterConfigSynchronization
 .text.HAL_TIMEx_CommutationCallback
                0x00000000080015da        0x2 ./system/src/stm32f4-hal/stm32f4xx_hal_tim_ex.o
                0x00000000080015da                HAL_TIMEx_CommutationCallback
 .text.HAL_TIMEx_BreakCallback
                0x00000000080015dc        0x2 ./system/src/stm32f4-hal/stm32f4xx_hal_tim_ex.o
                0x00000000080015dc                HAL_TIMEx_BreakCallback
 *fill*         0x00000000080015de        0x2 
 .text.UART_SetConfig
                0x00000000080015e0      0x238 ./system/src/stm32f4-hal/stm32f4xx_hal_uart.o
 .text.HAL_UART_Init
                0x0000000008001818       0x5c ./system/src/stm32f4-hal/stm32f4xx_hal_uart.o
                0x0000000008001818                HAL_UART_Init
 .text.HAL_UART_TxCpltCallback
                0x0000000008001874        0x2 ./system/src/stm32f4-hal/stm32f4xx_hal_uart.o
                0x0000000008001874                HAL_UART_TxCpltCallback
 .text.HAL_UART_RxCpltCallback
                0x0000000008001876        0x2 ./system/src/stm32f4-hal/stm32f4xx_hal_uart.o
                0x0000000008001876                HAL_UART_RxCpltCallback
 .text.HAL_UART_ErrorCallback
                0x0000000008001878        0x2 ./system/src/stm32f4-hal/stm32f4xx_hal_uart.o
                0x0000000008001878                HAL_UART_ErrorCallback
 .text.HAL_UART_IRQHandler
                0x000000000800187a      0x19c ./system/src/stm32f4-hal/stm32f4xx_hal_uart.o
                0x000000000800187a                HAL_UART_IRQHandler
 .text._exit    0x0000000008001a16        0x6 ./system/src/newlib/_exit.o
                0x0000000008001a16                _exit
 .text.__initialize_args
                0x0000000008001a1c       0x10 ./system/src/newlib/_syscalls.o
                0x0000000008001a1c                __initialize_args
 .text.__initialize_hardware_early
                0x0000000008001a2c       0x18 ./system/src/cortexm/_initialize_hardware.o
                0x0000000008001a2c                __initialize_hardware_early
 .text.__initialize_hardware
                0x0000000008001a44        0x4 ./system/src/cortexm/_initialize_hardware.o
                0x0000000008001a44                __initialize_hardware
 .text.__reset_hardware
                0x0000000008001a48       0x24 ./system/src/cortexm/_reset_hardware.o
                0x0000000008001a48                __reset_hardware
 .text.isSemihosting
                0x0000000008001a6c       0x1c ./system/src/cortexm/exception_handlers.o
                0x0000000008001a6c                isSemihosting
 .text.Default_Handler
                0x0000000008001a88        0x2 ./system/src/cmsis/startup_stm32f405xx.o
                0x0000000008001a88                DMA1_Stream3_IRQHandler
                0x0000000008001a88                HASH_RNG_IRQHandler
                0x0000000008001a88                EXTI2_IRQHandler
                0x0000000008001a88                TIM8_CC_IRQHandler
                0x0000000008001a88                TIM1_CC_IRQHandler
                0x0000000008001a88                DMA2_Stream5_IRQHandler
                0x0000000008001a88                DMA1_Stream5_IRQHandler
                0x0000000008001a88                PVD_IRQHandler
                0x0000000008001a88                SDIO_IRQHandler
                0x0000000008001a88                TAMP_STAMP_IRQHandler
                0x0000000008001a88                CAN2_RX1_IRQHandler
                0x0000000008001a88                EXTI3_IRQHandler
                0x0000000008001a88                TIM8_TRG_COM_TIM14_IRQHandler
                0x0000000008001a88                TIM1_UP_TIM10_IRQHandler
                0x0000000008001a88                TIM8_UP_TIM13_IRQHandler
                0x0000000008001a88                I2C3_ER_IRQHandler
                0x0000000008001a88                EXTI0_IRQHandler
                0x0000000008001a88                I2C2_EV_IRQHandler
                0x0000000008001a88                DMA1_Stream2_IRQHandler
                0x0000000008001a88                CAN1_RX0_IRQHandler
                0x0000000008001a88                FPU_IRQHandler
                0x0000000008001a88                OTG_HS_WKUP_IRQHandler
                0x0000000008001a88                CAN2_SCE_IRQHandler
                0x0000000008001a88                DMA2_Stream2_IRQHandler
                0x0000000008001a88                SPI1_IRQHandler
                0x0000000008001a88                TIM6_DAC_IRQHandler
                0x0000000008001a88                CAN2_RX0_IRQHandler
                0x0000000008001a88                DMA2_Stream3_IRQHandler
                0x0000000008001a88                USART6_IRQHandler
                0x0000000008001a88                USART3_IRQHandler
                0x0000000008001a88                CAN1_RX1_IRQHandler
                0x0000000008001a88                UART5_IRQHandler
                0x0000000008001a88                DMA2_Stream0_IRQHandler
                0x0000000008001a88                TIM4_IRQHandler
                0x0000000008001a88                I2C1_EV_IRQHandler
                0x0000000008001a88                DMA1_Stream6_IRQHandler
                0x0000000008001a88                DMA1_Stream1_IRQHandler
                0x0000000008001a88                UART4_IRQHandler
                0x0000000008001a88                RCC_IRQHandler
                0x0000000008001a88                Default_Handler
                0x0000000008001a88                EXTI15_10_IRQHandler
                0x0000000008001a88                ADC_IRQHandler
                0x0000000008001a88                DMA1_Stream7_IRQHandler
                0x0000000008001a88                TIM7_IRQHandler
                0x0000000008001a88                CAN2_TX_IRQHandler
                0x0000000008001a88                TIM5_IRQHandler
                0x0000000008001a88                DMA2_Stream7_IRQHandler
                0x0000000008001a88                I2C3_EV_IRQHandler
                0x0000000008001a88                EXTI9_5_IRQHandler
                0x0000000008001a88                RTC_WKUP_IRQHandler
                0x0000000008001a88                SPI2_IRQHandler
                0x0000000008001a88                OTG_HS_EP1_IN_IRQHandler
                0x0000000008001a88                DMA1_Stream0_IRQHandler
                0x0000000008001a88                CAN1_TX_IRQHandler
                0x0000000008001a88                EXTI4_IRQHandler
                0x0000000008001a88                FSMC_IRQHandler
                0x0000000008001a88                OTG_HS_EP1_OUT_IRQHandler
                0x0000000008001a88                WWDG_IRQHandler
                0x0000000008001a88                TIM2_IRQHandler
                0x0000000008001a88                OTG_FS_WKUP_IRQHandler
                0x0000000008001a88                TIM1_TRG_COM_TIM11_IRQHandler
                0x0000000008001a88                OTG_HS_IRQHandler
                0x0000000008001a88                EXTI1_IRQHandler
                0x0000000008001a88                USART2_IRQHandler
                0x0000000008001a88                I2C2_ER_IRQHandler
                0x0000000008001a88                DMA2_Stream1_IRQHandler
                0x0000000008001a88                CAN1_SCE_IRQHandler
                0x0000000008001a88                FLASH_IRQHandler
                0x0000000008001a88                DMA2_Stream4_IRQHandler
                0x0000000008001a88                OTG_FS_IRQHandler
                0x0000000008001a88                SPI3_IRQHandler
                0x0000000008001a88                DMA1_Stream4_IRQHandler
                0x0000000008001a88                I2C1_ER_IRQHandler
                0x0000000008001a88                DMA2_Stream6_IRQHandler
                0x0000000008001a88                RTC_Alarm_IRQHandler
 *fill*         0x0000000008001a8a        0x2 
 .text.SystemInit
                0x0000000008001a8c       0x40 ./system/src/cmsis/system_stm32f4xx.o
                0x0000000008001a8c                SystemInit
 .text.SystemCoreClockUpdate
                0x0000000008001acc       0x74 ./system/src/cmsis/system_stm32f4xx.o
                0x0000000008001acc                SystemCoreClockUpdate
 .text.SystemClock_Config
                0x0000000008001b40       0xa0 ./src/main.o
                0x0000000008001b40                SystemClock_Config
 .text.startup.main
                0x0000000008001be0      0x3f0 ./src/main.o
                0x0000000008001be0                main
 .text.HAL_MspInit
                0x0000000008001fd0       0x18 ./src/stm32f4xx_hal_msp.o
                0x0000000008001fd0                HAL_MspInit
 .text.HAL_ADC_MspInit
                0x0000000008001fe8       0x6c ./src/stm32f4xx_hal_msp.o
                0x0000000008001fe8                HAL_ADC_MspInit
 .text.HAL_SPI_MspInit
                0x0000000008002054       0x50 ./src/stm32f4xx_hal_msp.o
                0x0000000008002054                HAL_SPI_MspInit
 .text.HAL_TIM_Encoder_MspInit
                0x00000000080020a4       0x98 ./src/stm32f4xx_hal_msp.o
                0x00000000080020a4                HAL_TIM_Encoder_MspInit
 .text.HAL_TIM_Base_MspInit
                0x000000000800213c       0x9c ./src/stm32f4xx_hal_msp.o
                0x000000000800213c                HAL_TIM_Base_MspInit
 .text.HAL_TIM_PWM_MspInit
                0x00000000080021d8       0x30 ./src/stm32f4xx_hal_msp.o
                0x00000000080021d8                HAL_TIM_PWM_MspInit
 .text.HAL_TIM_MspPostInit
                0x0000000008002208       0x34 ./src/stm32f4xx_hal_msp.o
                0x0000000008002208                HAL_TIM_MspPostInit
 .text.HAL_UART_MspInit
                0x000000000800223c       0x60 ./src/stm32f4xx_hal_msp.o
                0x000000000800223c                HAL_UART_MspInit
 .text.SysTick_Handler
                0x000000000800229c        0xe ./src/stm32f4xx_it.o
                0x000000000800229c                SysTick_Handler
 *fill*         0x00000000080022aa        0x2 
 .text.TIM1_BRK_TIM9_IRQHandler
                0x00000000080022ac        0xc ./src/stm32f4xx_it.o
                0x00000000080022ac                TIM1_BRK_TIM9_IRQHandler
 .text.TIM3_IRQHandler
                0x00000000080022b8        0xc ./src/stm32f4xx_it.o
                0x00000000080022b8                TIM3_IRQHandler
 .text.USART1_IRQHandler
                0x00000000080022c4        0xc ./src/stm32f4xx_it.o
                0x00000000080022c4                USART1_IRQHandler
 .text.TIM8_BRK_TIM12_IRQHandler
                0x00000000080022d0        0xc ./src/stm32f4xx_it.o
                0x00000000080022d0                TIM8_BRK_TIM12_IRQHandler
 *(.rodata .rodata.* .constdata .constdata.*)
 .rodata.APBAHBPrescTable
                0x00000000080022dc       0x10 ./system/src/stm32f4-hal/stm32f4xx_hal_rcc.o
                0x00000000080022dc                APBAHBPrescTable
 .rodata.AHBPrescTable
                0x00000000080022ec       0x10 ./system/src/cmsis/system_stm32f4xx.o
                0x00000000080022ec                AHBPrescTable
 *(vtable)
 *(.eh_frame*)
 *(.glue_7)
 .glue_7        0x0000000000000000        0x0 linker stubs
 *(.glue_7t)
 .glue_7t       0x0000000000000000        0x0 linker stubs

.vfp11_veneer   0x00000000080022fc        0x0
 .vfp11_veneer  0x0000000000000000        0x0 linker stubs

.v4_bx          0x00000000080022fc        0x0
 .v4_bx         0x0000000000000000        0x0 linker stubs

.iplt           0x00000000080022fc        0x0
 .iplt          0x0000000000000000        0x0 ./system/src/stm32f4-hal/stm32f4xx_hal.o

.rel.dyn        0x00000000080022fc        0x0
 .rel.iplt      0x0000000000000000        0x0 ./system/src/stm32f4-hal/stm32f4xx_hal.o

.ARM.extab
 *(.ARM.extab* .gnu.linkonce.armextab.*)
                0x00000000080022fc                . = ALIGN (0x4)
                0x00000000080022fc                __exidx_start = .

.ARM.exidx
 *(.ARM.exidx* .gnu.linkonce.armexidx.*)
                0x00000000080022fc                __exidx_end = .
                0x00000000080022fc                . = ALIGN (0x4)
                0x00000000080022fc                _etext = .
                0x00000000080022fc                __etext = .

.data_CCMRAM    0x0000000010000000        0x0 load address 0x00000000080022fc
 FILL mask 0xff
 *(.data.CCMRAM .data.CCMRAM.*)
                0x0000000010000000                . = ALIGN (0x4)
                0x00000000080022fc                _sidata = LOADADDR (.data)

.data           0x0000000020000000        0xc load address 0x00000000080022fc
 FILL mask 0xff
                0x0000000020000000                _sdata = .
                0x0000000020000000                __data_start__ = .
 *(.data_begin .data_begin.*)
 *(.data .data.*)
 .data.argv.4160
                0x0000000020000000        0x8 ./system/src/newlib/_syscalls.o
 .data.SystemCoreClock
                0x0000000020000008        0x4 ./system/src/cmsis/system_stm32f4xx.o
                0x0000000020000008                SystemCoreClock
 *(.data_end .data_end.*)
                0x000000002000000c                . = ALIGN (0x4)
                0x000000002000000c                _edata = .
                0x000000002000000c                __data_end__ = .

.igot.plt       0x000000002000000c        0x0 load address 0x0000000008002308
 .igot.plt      0x0000000000000000        0x0 ./system/src/stm32f4-hal/stm32f4xx_hal.o

.bss_CCMRAM     0x0000000010000000        0x0
 *(.bss.CCMRAM .bss.CCMRAM.*)

.bss            0x000000002000000c      0x250
                0x000000002000000c                __bss_start__ = .
                0x000000002000000c                _sbss = .
 *(.bss_begin .bss_begin.*)
 *(.bss .bss.*)
 .bss.name.4159
                0x000000002000000c        0x1 ./system/src/newlib/_syscalls.o
 *(COMMON)
 *fill*         0x000000002000000d        0x3 
 COMMON         0x0000000020000010        0x4 ./system/src/stm32f4-hal/stm32f4xx_hal.o
                0x0000000020000010                uwTick
 COMMON         0x0000000020000014      0x248 ./src/main.o
                0x0000000020000014                htim4
                0x0000000020000050                htim5
                0x000000002000008c                htim3
                0x00000000200000c8                hspi3
                0x0000000020000120                hadc1
                0x0000000020000168                huart1
                0x00000000200001a8                htim9
                0x00000000200001e4                htim2
                0x0000000020000220                htim12
 *(.bss_end .bss_end.*)
                0x000000002000025c                . = ALIGN (0x4)
                0x000000002000025c                __bss_end__ = .
                0x000000002000025c                _ebss = .

.noinit_CCMRAM
 *(.noinit.CCMRAM .noinit.CCMRAM.*)

.noinit         0x000000002000025c        0x0
                0x000000002000025c                _noinit = .
 *(.noinit .noinit.*)
                0x000000002000025c                . = ALIGN (0x4)
                0x000000002000025c                _end_noinit = .
                0x000000002000025c                PROVIDE (end, _end_noinit)
                0x000000002000025c                PROVIDE (_end, _end_noinit)
                0x000000002000025c                PROVIDE (__end, _end_noinit)
                0x000000002000025c                PROVIDE (__end__, _end_noinit)

._check_stack   0x000000002000025c      0x100
                0x000000002000035c                . = (. + _Minimum_Stack_Size)
 *fill*         0x000000002000025c      0x100 

.b1text
 *(.b1text)
 *(.b1rodata)
 *(.b1rodata.*)

.eb0text
 *(.eb0text)
 *(.eb0rodata)
 *(.eb0rodata.*)

.eb1text
 *(.eb1text)
 *(.eb1rodata)
 *(.eb1rodata.*)

.eb2text
 *(.eb2text)
 *(.eb2rodata)
 *(.eb2rodata.*)

.eb3text
 *(.eb3text)
 *(.eb3rodata)
 *(.eb3rodata.*)

.stab
 *(.stab)

.stabstr
 *(.stabstr)

.stab.excl
 *(.stab.excl)

.stab.exclstr
 *(.stab.exclstr)

.stab.index
 *(.stab.index)

.stab.indexstr
 *(.stab.indexstr)

.comment        0x0000000000000000       0x70
 *(.comment)
 .comment       0x0000000000000000       0x70 ./system/src/stm32f4-hal/stm32f4xx_hal.o
                                         0x71 (size before relaxing)
 .comment       0x0000000000000000       0x71 ./system/src/stm32f4-hal/stm32f4xx_hal_adc.o
 .comment       0x0000000000000000       0x71 ./system/src/stm32f4-hal/stm32f4xx_hal_cortex.o
 .comment       0x0000000000000000       0x71 ./system/src/stm32f4-hal/stm32f4xx_hal_gpio.o
 .comment       0x0000000000000000       0x71 ./system/src/stm32f4-hal/stm32f4xx_hal_rcc.o
 .comment       0x0000000000000000       0x71 ./system/src/stm32f4-hal/stm32f4xx_hal_spi.o
 .comment       0x0000000000000000       0x71 ./system/src/stm32f4-hal/stm32f4xx_hal_tim.o
 .comment       0x0000000000000000       0x71 ./system/src/stm32f4-hal/stm32f4xx_hal_tim_ex.o
 .comment       0x0000000000000000       0x71 ./system/src/stm32f4-hal/stm32f4xx_hal_uart.o
 .comment       0x0000000000000000       0x71 ./system/src/newlib/_exit.o
 .comment       0x0000000000000000       0x71 ./system/src/newlib/_startup.o
 .comment       0x0000000000000000       0x71 ./system/src/newlib/_syscalls.o
 .comment       0x0000000000000000       0x71 ./system/src/cortexm/_initialize_hardware.o
 .comment       0x0000000000000000       0x71 ./system/src/cortexm/_reset_hardware.o
 .comment       0x0000000000000000       0x71 ./system/src/cortexm/exception_handlers.o
 .comment       0x0000000000000000       0x71 ./system/src/cmsis/system_stm32f4xx.o
 .comment       0x0000000000000000       0x71 ./src/main.o
 .comment       0x0000000000000000       0x71 ./src/stm32f4xx_hal_msp.o
 .comment       0x0000000000000000       0x71 ./src/stm32f4xx_it.o

.ARM.attributes
                0x0000000000000000       0x31
 .ARM.attributes
                0x0000000000000000       0x33 ./system/src/stm32f4-hal/stm32f4xx_hal.o
 .ARM.attributes
                0x0000000000000033       0x33 ./system/src/stm32f4-hal/stm32f4xx_hal_adc.o
 .ARM.attributes
                0x0000000000000066       0x33 ./system/src/stm32f4-hal/stm32f4xx_hal_cortex.o
 .ARM.attributes
                0x0000000000000099       0x33 ./system/src/stm32f4-hal/stm32f4xx_hal_gpio.o
 .ARM.attributes
                0x00000000000000cc       0x33 ./system/src/stm32f4-hal/stm32f4xx_hal_rcc.o
 .ARM.attributes
                0x00000000000000ff       0x33 ./system/src/stm32f4-hal/stm32f4xx_hal_spi.o
 .ARM.attributes
                0x0000000000000132       0x33 ./system/src/stm32f4-hal/stm32f4xx_hal_tim.o
 .ARM.attributes
                0x0000000000000165       0x33 ./system/src/stm32f4-hal/stm32f4xx_hal_tim_ex.o
 .ARM.attributes
                0x0000000000000198       0x33 ./system/src/stm32f4-hal/stm32f4xx_hal_uart.o
 .ARM.attributes
                0x00000000000001cb       0x33 ./system/src/newlib/_exit.o
 .ARM.attributes
                0x00000000000001fe       0x33 ./system/src/newlib/_startup.o
 .ARM.attributes
                0x0000000000000231       0x33 ./system/src/newlib/_syscalls.o
 .ARM.attributes
                0x0000000000000264       0x33 ./system/src/cortexm/_initialize_hardware.o
 .ARM.attributes
                0x0000000000000297       0x33 ./system/src/cortexm/_reset_hardware.o
 .ARM.attributes
                0x00000000000002ca       0x33 ./system/src/cortexm/exception_handlers.o
 .ARM.attributes
                0x00000000000002fd       0x21 ./system/src/cmsis/startup_stm32f405xx.o
 .ARM.attributes
                0x000000000000031e       0x33 ./system/src/cmsis/system_stm32f4xx.o
 .ARM.attributes
                0x0000000000000351       0x33 ./src/main.o
 .ARM.attributes
                0x0000000000000384       0x33 ./src/stm32f4xx_hal_msp.o
 .ARM.attributes
                0x00000000000003b7       0x33 ./src/stm32f4xx_it.o

.debug
 *(.debug)

.line
 *(.line)

.debug_srcinfo
 *(.debug_srcinfo)

.debug_sfnames
 *(.debug_sfnames)

.debug_aranges  0x0000000000000000      0xd18
 *(.debug_aranges)
 .debug_aranges
                0x0000000000000000       0xc0 ./system/src/stm32f4-hal/stm32f4xx_hal.o
 .debug_aranges
                0x00000000000000c0       0xe0 ./system/src/stm32f4-hal/stm32f4xx_hal_adc.o
 .debug_aranges
                0x00000000000001a0       0x98 ./system/src/stm32f4-hal/stm32f4xx_hal_cortex.o
 .debug_aranges
                0x0000000000000238       0x58 ./system/src/stm32f4-hal/stm32f4xx_hal_gpio.o
 .debug_aranges
                0x0000000000000290       0x88 ./system/src/stm32f4-hal/stm32f4xx_hal_rcc.o
 .debug_aranges
                0x0000000000000318      0x1b0 ./system/src/stm32f4-hal/stm32f4xx_hal_spi.o
 .debug_aranges
                0x00000000000004c8      0x330 ./system/src/stm32f4-hal/stm32f4xx_hal_tim.o
 .debug_aranges
                0x00000000000007f8      0x140 ./system/src/stm32f4-hal/stm32f4xx_hal_tim_ex.o
 .debug_aranges
                0x0000000000000938      0x138 ./system/src/stm32f4-hal/stm32f4xx_hal_uart.o
 .debug_aranges
                0x0000000000000a70       0x28 ./system/src/newlib/_exit.o
 .debug_aranges
                0x0000000000000a98       0x40 ./system/src/newlib/_startup.o
 .debug_aranges
                0x0000000000000ad8       0x30 ./system/src/newlib/_syscalls.o
 .debug_aranges
                0x0000000000000b08       0x28 ./system/src/cortexm/_initialize_hardware.o
 .debug_aranges
                0x0000000000000b30       0x20 ./system/src/cortexm/_reset_hardware.o
 .debug_aranges
                0x0000000000000b50       0x88 ./system/src/cortexm/exception_handlers.o
 .debug_aranges
                0x0000000000000bd8       0x28 ./system/src/cmsis/startup_stm32f405xx.o
 .debug_aranges
                0x0000000000000c00       0x28 ./system/src/cmsis/system_stm32f4xx.o
 .debug_aranges
                0x0000000000000c28       0x28 ./src/main.o
 .debug_aranges
                0x0000000000000c50       0x88 ./src/stm32f4xx_hal_msp.o
 .debug_aranges
                0x0000000000000cd8       0x40 ./src/stm32f4xx_it.o

.debug_pubnames
 *(.debug_pubnames)

.debug_info     0x0000000000000000    0x1016c
 *(.debug_info .gnu.linkonce.wi.*)
 .debug_info    0x0000000000000000      0x90a ./system/src/stm32f4-hal/stm32f4xx_hal.o
 .debug_info    0x000000000000090a      0xd77 ./system/src/stm32f4-hal/stm32f4xx_hal_adc.o
 .debug_info    0x0000000000001681      0xe55 ./system/src/stm32f4-hal/stm32f4xx_hal_cortex.o
 .debug_info    0x00000000000024d6      0x6f9 ./system/src/stm32f4-hal/stm32f4xx_hal_gpio.o
 .debug_info    0x0000000000002bcf      0xccb ./system/src/stm32f4-hal/stm32f4xx_hal_rcc.o
 .debug_info    0x000000000000389a     0x1a90 ./system/src/stm32f4-hal/stm32f4xx_hal_spi.o
 .debug_info    0x000000000000532a     0x340c ./system/src/stm32f4-hal/stm32f4xx_hal_tim.o
 .debug_info    0x0000000000008736     0x1273 ./system/src/stm32f4-hal/stm32f4xx_hal_tim_ex.o
 .debug_info    0x00000000000099a9     0x11dd ./system/src/stm32f4-hal/stm32f4xx_hal_uart.o
 .debug_info    0x000000000000ab86      0x100 ./system/src/newlib/_exit.o
 .debug_info    0x000000000000ac86      0x4a9 ./system/src/newlib/_startup.o
 .debug_info    0x000000000000b12f      0x1a5 ./system/src/newlib/_syscalls.o
 .debug_info    0x000000000000b2d4      0x2a9 ./system/src/cortexm/_initialize_hardware.o
 .debug_info    0x000000000000b57d      0x2b8 ./system/src/cortexm/_reset_hardware.o
 .debug_info    0x000000000000b835      0x55e ./system/src/cortexm/exception_handlers.o
 .debug_info    0x000000000000bd93       0x9b ./system/src/cmsis/startup_stm32f405xx.o
 .debug_info    0x000000000000be2e      0x4a1 ./system/src/cmsis/system_stm32f4xx.o
 .debug_info    0x000000000000c2cf     0x1f8d ./src/main.o
 .debug_info    0x000000000000e25c     0x1698 ./src/stm32f4xx_hal_msp.o
 .debug_info    0x000000000000f8f4      0x878 ./src/stm32f4xx_it.o

.debug_abbrev   0x0000000000000000     0x26f5
 *(.debug_abbrev)
 .debug_abbrev  0x0000000000000000      0x25a ./system/src/stm32f4-hal/stm32f4xx_hal.o
 .debug_abbrev  0x000000000000025a      0x2a0 ./system/src/stm32f4-hal/stm32f4xx_hal_adc.o
 .debug_abbrev  0x00000000000004fa      0x30a ./system/src/stm32f4-hal/stm32f4xx_hal_cortex.o
 .debug_abbrev  0x0000000000000804      0x1c8 ./system/src/stm32f4-hal/stm32f4xx_hal_gpio.o
 .debug_abbrev  0x00000000000009cc      0x33d ./system/src/stm32f4-hal/stm32f4xx_hal_rcc.o
 .debug_abbrev  0x0000000000000d09      0x318 ./system/src/stm32f4-hal/stm32f4xx_hal_spi.o
 .debug_abbrev  0x0000000000001021      0x315 ./system/src/stm32f4-hal/stm32f4xx_hal_tim.o
 .debug_abbrev  0x0000000000001336      0x229 ./system/src/stm32f4-hal/stm32f4xx_hal_tim_ex.o
 .debug_abbrev  0x000000000000155f      0x2be ./system/src/stm32f4-hal/stm32f4xx_hal_uart.o
 .debug_abbrev  0x000000000000181d       0xb8 ./system/src/newlib/_exit.o
 .debug_abbrev  0x00000000000018d5      0x219 ./system/src/newlib/_startup.o
 .debug_abbrev  0x0000000000001aee       0xe4 ./system/src/newlib/_syscalls.o
 .debug_abbrev  0x0000000000001bd2       0xf5 ./system/src/cortexm/_initialize_hardware.o
 .debug_abbrev  0x0000000000001cc7       0xe7 ./system/src/cortexm/_reset_hardware.o
 .debug_abbrev  0x0000000000001dae      0x1cc ./system/src/cortexm/exception_handlers.o
 .debug_abbrev  0x0000000000001f7a       0x12 ./system/src/cmsis/startup_stm32f405xx.o
 .debug_abbrev  0x0000000000001f8c      0x101 ./system/src/cmsis/system_stm32f4xx.o
 .debug_abbrev  0x000000000000208d      0x2bf ./src/main.o
 .debug_abbrev  0x000000000000234c      0x229 ./src/stm32f4xx_hal_msp.o
 .debug_abbrev  0x0000000000002575      0x180 ./src/stm32f4xx_it.o

.debug_line     0x0000000000000000     0x5c2a
 *(.debug_line)
 .debug_line    0x0000000000000000      0x39f ./system/src/stm32f4-hal/stm32f4xx_hal.o
 .debug_line    0x000000000000039f      0x708 ./system/src/stm32f4-hal/stm32f4xx_hal_adc.o
 .debug_line    0x0000000000000aa7      0x3c8 ./system/src/stm32f4-hal/stm32f4xx_hal_cortex.o
 .debug_line    0x0000000000000e6f      0x3ad ./system/src/stm32f4-hal/stm32f4xx_hal_gpio.o
 .debug_line    0x000000000000121c      0x54d ./system/src/stm32f4-hal/stm32f4xx_hal_rcc.o
 .debug_line    0x0000000000001769      0xaf3 ./system/src/stm32f4-hal/stm32f4xx_hal_spi.o
 .debug_line    0x000000000000225c     0x12d8 ./system/src/stm32f4-hal/stm32f4xx_hal_tim.o
 .debug_line    0x0000000000003534      0x7d4 ./system/src/stm32f4-hal/stm32f4xx_hal_tim_ex.o
 .debug_line    0x0000000000003d08      0x8ed ./system/src/stm32f4-hal/stm32f4xx_hal_uart.o
 .debug_line    0x00000000000045f5      0x161 ./system/src/newlib/_exit.o
 .debug_line    0x0000000000004756      0x112 ./system/src/newlib/_startup.o
 .debug_line    0x0000000000004868      0x170 ./system/src/newlib/_syscalls.o
 .debug_line    0x00000000000049d8      0x1ab ./system/src/cortexm/_initialize_hardware.o
 .debug_line    0x0000000000004b83      0x125 ./system/src/cortexm/_reset_hardware.o
 .debug_line    0x0000000000004ca8      0x24c ./system/src/cortexm/exception_handlers.o
 .debug_line    0x0000000000004ef4       0x88 ./system/src/cmsis/startup_stm32f405xx.o
 .debug_line    0x0000000000004f7c      0x1be ./system/src/cmsis/system_stm32f4xx.o
 .debug_line    0x000000000000513a      0x45a ./src/main.o
 .debug_line    0x0000000000005594      0x42b ./src/stm32f4xx_hal_msp.o
 .debug_line    0x00000000000059bf      0x26b ./src/stm32f4xx_it.o

.debug_frame    0x0000000000000000     0x1fbc
 *(.debug_frame)
 .debug_frame   0x0000000000000000      0x184 ./system/src/stm32f4-hal/stm32f4xx_hal.o
 .debug_frame   0x0000000000000184      0x23c ./system/src/stm32f4-hal/stm32f4xx_hal_adc.o
 .debug_frame   0x00000000000003c0      0x134 ./system/src/stm32f4-hal/stm32f4xx_hal_cortex.o
 .debug_frame   0x00000000000004f4       0xc4 ./system/src/stm32f4-hal/stm32f4xx_hal_gpio.o
 .debug_frame   0x00000000000005b8      0x154 ./system/src/stm32f4-hal/stm32f4xx_hal_rcc.o
 .debug_frame   0x000000000000070c      0x4cc ./system/src/stm32f4-hal/stm32f4xx_hal_spi.o
 .debug_frame   0x0000000000000bd8      0x88c ./system/src/stm32f4-hal/stm32f4xx_hal_tim.o
 .debug_frame   0x0000000000001464      0x370 ./system/src/stm32f4-hal/stm32f4xx_hal_tim_ex.o
 .debug_frame   0x00000000000017d4      0x318 ./system/src/stm32f4-hal/stm32f4xx_hal_uart.o
 .debug_frame   0x0000000000001aec       0x40 ./system/src/newlib/_exit.o
 .debug_frame   0x0000000000001b2c       0x80 ./system/src/newlib/_startup.o
 .debug_frame   0x0000000000001bac       0x50 ./system/src/newlib/_syscalls.o
 .debug_frame   0x0000000000001bfc       0x38 ./system/src/cortexm/_initialize_hardware.o
 .debug_frame   0x0000000000001c34       0x20 ./system/src/cortexm/_reset_hardware.o
 .debug_frame   0x0000000000001c54       0xf8 ./system/src/cortexm/exception_handlers.o
 .debug_frame   0x0000000000001d4c       0x30 ./system/src/cmsis/system_stm32f4xx.o
 .debug_frame   0x0000000000001d7c       0x50 ./src/main.o
 .debug_frame   0x0000000000001dcc      0x184 ./src/stm32f4xx_hal_msp.o
 .debug_frame   0x0000000000001f50       0x6c ./src/stm32f4xx_it.o

.debug_str      0x0000000000000000     0x4093
 *(.debug_str)
 .debug_str     0x0000000000000000      0xa67 ./system/src/stm32f4-hal/stm32f4xx_hal.o
                                        0xac7 (size before relaxing)
 .debug_str     0x0000000000000a67      0x72c ./system/src/stm32f4-hal/stm32f4xx_hal_adc.o
                                        0x9ef (size before relaxing)
 .debug_str     0x0000000000001193      0x37f ./system/src/stm32f4-hal/stm32f4xx_hal_cortex.o
                                        0xc0d (size before relaxing)
 .debug_str     0x0000000000001512      0x1c9 ./system/src/stm32f4-hal/stm32f4xx_hal_gpio.o
                                        0x525 (size before relaxing)
 .debug_str     0x00000000000016db      0x2b8 ./system/src/stm32f4-hal/stm32f4xx_hal_rcc.o
                                        0x700 (size before relaxing)
 .debug_str     0x0000000000001993      0x642 ./system/src/stm32f4-hal/stm32f4xx_hal_spi.o
                                        0xb9c (size before relaxing)
 .debug_str     0x0000000000001fd5      0xed0 ./system/src/stm32f4-hal/stm32f4xx_hal_tim.o
                                       0x1441 (size before relaxing)
 .debug_str     0x0000000000002ea5      0x4fb ./system/src/stm32f4-hal/stm32f4xx_hal_tim_ex.o
                                        0xcf9 (size before relaxing)
 .debug_str     0x00000000000033a0      0x4bb ./system/src/stm32f4-hal/stm32f4xx_hal_uart.o
                                        0xabc (size before relaxing)
 .debug_str     0x000000000000385b       0x45 ./system/src/newlib/_exit.o
                                        0x20d (size before relaxing)
 .debug_str     0x00000000000038a0      0x1a9 ./system/src/newlib/_startup.o
                                        0x388 (size before relaxing)
 .debug_str     0x0000000000003a49       0x4d ./system/src/newlib/_syscalls.o
                                        0x22d (size before relaxing)
 .debug_str     0x0000000000003a96       0x5e ./system/src/cortexm/_initialize_hardware.o
                                        0x2e2 (size before relaxing)
 .debug_str     0x0000000000003af4       0x28 ./system/src/cortexm/_reset_hardware.o
                                        0x29d (size before relaxing)
 .debug_str     0x0000000000003b1c      0x39f ./system/src/cortexm/exception_handlers.o
                                        0x5fc (size before relaxing)
 .debug_str     0x0000000000003ebb       0x31 ./system/src/cmsis/system_stm32f4xx.o
                                        0x3cf (size before relaxing)
 .debug_str     0x0000000000003eec      0x101 ./src/main.o
                                       0x170e (size before relaxing)
 .debug_str     0x0000000000003fed       0x3b ./src/stm32f4xx_hal_msp.o
                                       0x1305 (size before relaxing)
 .debug_str     0x0000000000004028       0x6b ./src/stm32f4xx_it.o
                                        0x8e9 (size before relaxing)

.debug_loc      0x0000000000000000     0x7d05
 *(.debug_loc)
 .debug_loc     0x0000000000000000       0x82 ./system/src/stm32f4-hal/stm32f4xx_hal.o
 .debug_loc     0x0000000000000082      0x74f ./system/src/stm32f4-hal/stm32f4xx_hal_adc.o
 .debug_loc     0x00000000000007d1      0x31e ./system/src/stm32f4-hal/stm32f4xx_hal_cortex.o
 .debug_loc     0x0000000000000aef      0x3ec ./system/src/stm32f4-hal/stm32f4xx_hal_gpio.o
 .debug_loc     0x0000000000000edb      0x555 ./system/src/stm32f4-hal/stm32f4xx_hal_rcc.o
 .debug_loc     0x0000000000001430     0x1686 ./system/src/stm32f4-hal/stm32f4xx_hal_spi.o
 .debug_loc     0x0000000000002ab6     0x32b8 ./system/src/stm32f4-hal/stm32f4xx_hal_tim.o
 .debug_loc     0x0000000000005d6e      0xa3d ./system/src/stm32f4-hal/stm32f4xx_hal_tim_ex.o
 .debug_loc     0x00000000000067ab      0xdd3 ./system/src/stm32f4-hal/stm32f4xx_hal_uart.o
 .debug_loc     0x000000000000757e       0x21 ./system/src/newlib/_exit.o
 .debug_loc     0x000000000000759f      0x31d ./system/src/newlib/_startup.o
 .debug_loc     0x00000000000078bc       0x63 ./system/src/newlib/_syscalls.o
 .debug_loc     0x000000000000791f       0xd4 ./system/src/cortexm/exception_handlers.o
 .debug_loc     0x00000000000079f3       0xda ./system/src/cmsis/system_stm32f4xx.o
 .debug_loc     0x0000000000007acd      0x238 ./src/stm32f4xx_hal_msp.o

.debug_macinfo
 *(.debug_macinfo)

.debug_weaknames
 *(.debug_weaknames)

.debug_funcnames
 *(.debug_funcnames)

.debug_typenames
 *(.debug_typenames)

.debug_varnames
 *(.debug_varnames)
OUTPUT(Micromouse.elf elf32-littlearm)

.debug_ranges   0x0000000000000000     0x10b8
 .debug_ranges  0x0000000000000000       0xb0 ./system/src/stm32f4-hal/stm32f4xx_hal.o
 .debug_ranges  0x00000000000000b0       0xe8 ./system/src/stm32f4-hal/stm32f4xx_hal_adc.o
 .debug_ranges  0x0000000000000198      0x120 ./system/src/stm32f4-hal/stm32f4xx_hal_cortex.o
 .debug_ranges  0x00000000000002b8       0x48 ./system/src/stm32f4-hal/stm32f4xx_hal_gpio.o
 .debug_ranges  0x0000000000000300      0x158 ./system/src/stm32f4-hal/stm32f4xx_hal_rcc.o
 .debug_ranges  0x0000000000000458      0x1d0 ./system/src/stm32f4-hal/stm32f4xx_hal_spi.o
 .debug_ranges  0x0000000000000628      0x3c8 ./system/src/stm32f4-hal/stm32f4xx_hal_tim.o
 .debug_ranges  0x00000000000009f0      0x130 ./system/src/stm32f4-hal/stm32f4xx_hal_tim_ex.o
 .debug_ranges  0x0000000000000b20      0x128 ./system/src/stm32f4-hal/stm32f4xx_hal_uart.o
 .debug_ranges  0x0000000000000c48       0x18 ./system/src/newlib/_exit.o
 .debug_ranges  0x0000000000000c60       0x48 ./system/src/newlib/_startup.o
 .debug_ranges  0x0000000000000ca8       0x20 ./system/src/newlib/_syscalls.o
 .debug_ranges  0x0000000000000cc8       0x18 ./system/src/cortexm/_initialize_hardware.o
 .debug_ranges  0x0000000000000ce0       0x10 ./system/src/cortexm/_reset_hardware.o
 .debug_ranges  0x0000000000000cf0       0x78 ./system/src/cortexm/exception_handlers.o
 .debug_ranges  0x0000000000000d68       0x20 ./system/src/cmsis/startup_stm32f405xx.o
 .debug_ranges  0x0000000000000d88       0x18 ./system/src/cmsis/system_stm32f4xx.o
 .debug_ranges  0x0000000000000da0      0x188 ./src/main.o
 .debug_ranges  0x0000000000000f28      0x160 ./src/stm32f4xx_hal_msp.o
 .debug_ranges  0x0000000000001088       0x30 ./src/stm32f4xx_it.o
