Archive member included because of file (symbol)

/Users/nguyenbui/Documents/Eclipse/ARMToolchain/gcc-arm-none-eabi-4_9-2015q3/bin/../lib/gcc/arm-none-eabi/4.9.3/../../../../arm-none-eabi/lib/armv7e-m/libg_nano.a(lib_a-errno.o)
                              ./system/src/newlib/_sbrk.o (__errno)
/Users/nguyenbui/Documents/Eclipse/ARMToolchain/gcc-arm-none-eabi-4_9-2015q3/bin/../lib/gcc/arm-none-eabi/4.9.3/../../../../arm-none-eabi/lib/armv7e-m/libg_nano.a(lib_a-impure.o)
                              /Users/nguyenbui/Documents/Eclipse/ARMToolchain/gcc-arm-none-eabi-4_9-2015q3/bin/../lib/gcc/arm-none-eabi/4.9.3/../../../../arm-none-eabi/lib/armv7e-m/libg_nano.a(lib_a-errno.o) (_impure_ptr)

Allocating common symbols
Common symbol       size              file

timer_delayCount    0x4               ./src/Timer.o
htim4               0x3c              ./src/main 2.o
errno               0x4               ./system/src/newlib/_syscalls.o
pFlash              0x20              ./system/src/stm32f4-hal/stm32f4xx_hal_flash.o
htim5               0x3c              ./src/main 2.o
htim3               0x3c              ./src/main 2.o
hspi3               0x58              ./src/main 2.o
hadc1               0x44              ./src/main 2.o
huart1              0x40              ./src/main 2.o
htim1               0x3c              ./src/main 2.o
htim2               0x3c              ./src/main 2.o

Discarded input sections

 .text          0x0000000000000000        0x0 ./system/src/stm32f4-hal/stm32f4xx_hal.o
 .data          0x0000000000000000        0x0 ./system/src/stm32f4-hal/stm32f4xx_hal.o
 .bss           0x0000000000000000        0x0 ./system/src/stm32f4-hal/stm32f4xx_hal.o
 .text.HAL_MspInit
                0x0000000000000000        0x2 ./system/src/stm32f4-hal/stm32f4xx_hal.o
 .text.HAL_MspDeInit
                0x0000000000000000        0x2 ./system/src/stm32f4-hal/stm32f4xx_hal.o
 .text.HAL_DeInit
                0x0000000000000000       0x2c ./system/src/stm32f4-hal/stm32f4xx_hal.o
 .text.HAL_Delay
                0x0000000000000000       0x1a ./system/src/stm32f4-hal/stm32f4xx_hal.o
 .text.HAL_SuspendTick
                0x0000000000000000       0x10 ./system/src/stm32f4-hal/stm32f4xx_hal.o
 .text.HAL_ResumeTick
                0x0000000000000000       0x10 ./system/src/stm32f4-hal/stm32f4xx_hal.o
 .text.HAL_GetHalVersion
                0x0000000000000000        0x8 ./system/src/stm32f4-hal/stm32f4xx_hal.o
 .text.HAL_GetREVID
                0x0000000000000000        0xc ./system/src/stm32f4-hal/stm32f4xx_hal.o
 .text.HAL_GetDEVID
                0x0000000000000000       0x10 ./system/src/stm32f4-hal/stm32f4xx_hal.o
 .text.HAL_DBGMCU_EnableDBGSleepMode
                0x0000000000000000       0x10 ./system/src/stm32f4-hal/stm32f4xx_hal.o
 .text.HAL_DBGMCU_DisableDBGSleepMode
                0x0000000000000000       0x10 ./system/src/stm32f4-hal/stm32f4xx_hal.o
 .text.HAL_DBGMCU_EnableDBGStopMode
                0x0000000000000000       0x10 ./system/src/stm32f4-hal/stm32f4xx_hal.o
 .text.HAL_DBGMCU_DisableDBGStopMode
                0x0000000000000000       0x10 ./system/src/stm32f4-hal/stm32f4xx_hal.o
 .text.HAL_DBGMCU_EnableDBGStandbyMode
                0x0000000000000000       0x10 ./system/src/stm32f4-hal/stm32f4xx_hal.o
 .text.HAL_DBGMCU_DisableDBGStandbyMode
                0x0000000000000000       0x10 ./system/src/stm32f4-hal/stm32f4xx_hal.o
 .text.HAL_EnableCompensationCell
                0x0000000000000000       0x18 ./system/src/stm32f4-hal/stm32f4xx_hal.o
 .text.HAL_DisableCompensationCell
                0x0000000000000000       0x18 ./system/src/stm32f4-hal/stm32f4xx_hal.o
 .text          0x0000000000000000        0x0 ./system/src/stm32f4-hal/stm32f4xx_hal_cortex.o
 .data          0x0000000000000000        0x0 ./system/src/stm32f4-hal/stm32f4xx_hal_cortex.o
 .bss           0x0000000000000000        0x0 ./system/src/stm32f4-hal/stm32f4xx_hal_cortex.o
 .text.HAL_NVIC_EnableIRQ
                0x0000000000000000       0x18 ./system/src/stm32f4-hal/stm32f4xx_hal_cortex.o
 .text.HAL_NVIC_DisableIRQ
                0x0000000000000000       0x18 ./system/src/stm32f4-hal/stm32f4xx_hal_cortex.o
 .text.HAL_NVIC_SystemReset
                0x0000000000000000       0x24 ./system/src/stm32f4-hal/stm32f4xx_hal_cortex.o
 .text.HAL_MPU_ConfigRegion
                0x0000000000000000       0x4c ./system/src/stm32f4-hal/stm32f4xx_hal_cortex.o
 .text.HAL_NVIC_GetPriorityGrouping
                0x0000000000000000       0x10 ./system/src/stm32f4-hal/stm32f4xx_hal_cortex.o
 .text.HAL_NVIC_GetPriority
                0x0000000000000000       0x58 ./system/src/stm32f4-hal/stm32f4xx_hal_cortex.o
 .text.HAL_NVIC_SetPendingIRQ
                0x0000000000000000       0x18 ./system/src/stm32f4-hal/stm32f4xx_hal_cortex.o
 .text.HAL_NVIC_GetPendingIRQ
                0x0000000000000000       0x1c ./system/src/stm32f4-hal/stm32f4xx_hal_cortex.o
 .text.HAL_NVIC_ClearPendingIRQ
                0x0000000000000000       0x18 ./system/src/stm32f4-hal/stm32f4xx_hal_cortex.o
 .text.HAL_NVIC_GetActive
                0x0000000000000000       0x1c ./system/src/stm32f4-hal/stm32f4xx_hal_cortex.o
 .text.HAL_SYSTICK_Callback
                0x0000000000000000        0x2 ./system/src/stm32f4-hal/stm32f4xx_hal_cortex.o
 .text.HAL_SYSTICK_IRQHandler
                0x0000000000000000        0x8 ./system/src/stm32f4-hal/stm32f4xx_hal_cortex.o
 .text          0x0000000000000000        0x0 ./system/src/stm32f4-hal/stm32f4xx_hal_flash.o
 .data          0x0000000000000000        0x0 ./system/src/stm32f4-hal/stm32f4xx_hal_flash.o
 .bss           0x0000000000000000        0x0 ./system/src/stm32f4-hal/stm32f4xx_hal_flash.o
 .text.FLASH_Program_Word
                0x0000000000000000       0x24 ./system/src/stm32f4-hal/stm32f4xx_hal_flash.o
 .text.FLASH_Program_HalfWord
                0x0000000000000000       0x24 ./system/src/stm32f4-hal/stm32f4xx_hal_flash.o
 .text.FLASH_SetErrorCode
                0x0000000000000000       0x98 ./system/src/stm32f4-hal/stm32f4xx_hal_flash.o
 .text.HAL_FLASH_Program_IT
                0x0000000000000000       0x90 ./system/src/stm32f4-hal/stm32f4xx_hal_flash.o
 .text.HAL_FLASH_EndOfOperationCallback
                0x0000000000000000        0x2 ./system/src/stm32f4-hal/stm32f4xx_hal_flash.o
 .text.HAL_FLASH_OperationErrorCallback
                0x0000000000000000        0x2 ./system/src/stm32f4-hal/stm32f4xx_hal_flash.o
 .text.HAL_FLASH_IRQHandler
                0x0000000000000000       0xc8 ./system/src/stm32f4-hal/stm32f4xx_hal_flash.o
 .text.HAL_FLASH_Unlock
                0x0000000000000000       0x24 ./system/src/stm32f4-hal/stm32f4xx_hal_flash.o
 .text.HAL_FLASH_Lock
                0x0000000000000000       0x14 ./system/src/stm32f4-hal/stm32f4xx_hal_flash.o
 .text.HAL_FLASH_OB_Unlock
                0x0000000000000000       0x24 ./system/src/stm32f4-hal/stm32f4xx_hal_flash.o
 .text.HAL_FLASH_OB_Lock
                0x0000000000000000       0x14 ./system/src/stm32f4-hal/stm32f4xx_hal_flash.o
 .text.HAL_FLASH_GetError
                0x0000000000000000        0xc ./system/src/stm32f4-hal/stm32f4xx_hal_flash.o
 .text.FLASH_WaitForLastOperation
                0x0000000000000000       0x50 ./system/src/stm32f4-hal/stm32f4xx_hal_flash.o
 .text.HAL_FLASH_Program
                0x0000000000000000       0xac ./system/src/stm32f4-hal/stm32f4xx_hal_flash.o
 .text.HAL_FLASH_OB_Launch
                0x0000000000000000       0x18 ./system/src/stm32f4-hal/stm32f4xx_hal_flash.o
 .debug_info    0x0000000000000000      0x6d5 ./system/src/stm32f4-hal/stm32f4xx_hal_flash.o
 .debug_abbrev  0x0000000000000000      0x29c ./system/src/stm32f4-hal/stm32f4xx_hal_flash.o
 .debug_loc     0x0000000000000000      0x2ef ./system/src/stm32f4-hal/stm32f4xx_hal_flash.o
 .debug_aranges
                0x0000000000000000       0x90 ./system/src/stm32f4-hal/stm32f4xx_hal_flash.o
 .debug_ranges  0x0000000000000000       0xb0 ./system/src/stm32f4-hal/stm32f4xx_hal_flash.o
 .debug_line    0x0000000000000000      0x407 ./system/src/stm32f4-hal/stm32f4xx_hal_flash.o
 .debug_str     0x0000000000000000      0x561 ./system/src/stm32f4-hal/stm32f4xx_hal_flash.o
 .comment       0x0000000000000000       0x71 ./system/src/stm32f4-hal/stm32f4xx_hal_flash.o
 .debug_frame   0x0000000000000000      0x138 ./system/src/stm32f4-hal/stm32f4xx_hal_flash.o
 .ARM.attributes
                0x0000000000000000       0x33 ./system/src/stm32f4-hal/stm32f4xx_hal_flash.o
 COMMON         0x0000000000000000       0x20 ./system/src/stm32f4-hal/stm32f4xx_hal_flash.o
 .text          0x0000000000000000        0x0 ./system/src/stm32f4-hal/stm32f4xx_hal_gpio.o
 .data          0x0000000000000000        0x0 ./system/src/stm32f4-hal/stm32f4xx_hal_gpio.o
 .bss           0x0000000000000000        0x0 ./system/src/stm32f4-hal/stm32f4xx_hal_gpio.o
 .text.HAL_GPIO_DeInit
                0x0000000000000000      0x124 ./system/src/stm32f4-hal/stm32f4xx_hal_gpio.o
 .text.HAL_GPIO_ReadPin
                0x0000000000000000        0xc ./system/src/stm32f4-hal/stm32f4xx_hal_gpio.o
 .text.HAL_GPIO_TogglePin
                0x0000000000000000        0x8 ./system/src/stm32f4-hal/stm32f4xx_hal_gpio.o
 .text.HAL_GPIO_LockPin
                0x0000000000000000       0x2a ./system/src/stm32f4-hal/stm32f4xx_hal_gpio.o
 .text.HAL_GPIO_EXTI_Callback
                0x0000000000000000        0x2 ./system/src/stm32f4-hal/stm32f4xx_hal_gpio.o
 .text.HAL_GPIO_EXTI_IRQHandler
                0x0000000000000000       0x18 ./system/src/stm32f4-hal/stm32f4xx_hal_gpio.o
 .text          0x0000000000000000        0x0 ./system/src/stm32f4-hal/stm32f4xx_hal_iwdg.o
 .data          0x0000000000000000        0x0 ./system/src/stm32f4-hal/stm32f4xx_hal_iwdg.o
 .bss           0x0000000000000000        0x0 ./system/src/stm32f4-hal/stm32f4xx_hal_iwdg.o
 .debug_info    0x0000000000000000       0x95 ./system/src/stm32f4-hal/stm32f4xx_hal_iwdg.o
 .debug_abbrev  0x0000000000000000       0x4b ./system/src/stm32f4-hal/stm32f4xx_hal_iwdg.o
 .debug_aranges
                0x0000000000000000       0x18 ./system/src/stm32f4-hal/stm32f4xx_hal_iwdg.o
 .debug_line    0x0000000000000000       0xc4 ./system/src/stm32f4-hal/stm32f4xx_hal_iwdg.o
 .debug_str     0x0000000000000000      0x1e8 ./system/src/stm32f4-hal/stm32f4xx_hal_iwdg.o
 .comment       0x0000000000000000       0x71 ./system/src/stm32f4-hal/stm32f4xx_hal_iwdg.o
 .ARM.attributes
                0x0000000000000000       0x33 ./system/src/stm32f4-hal/stm32f4xx_hal_iwdg.o
 .text          0x0000000000000000        0x0 ./system/src/stm32f4-hal/stm32f4xx_hal_pwr.o
 .data          0x0000000000000000        0x0 ./system/src/stm32f4-hal/stm32f4xx_hal_pwr.o
 .bss           0x0000000000000000        0x0 ./system/src/stm32f4-hal/stm32f4xx_hal_pwr.o
 .text.HAL_PWR_DeInit
                0x0000000000000000       0x18 ./system/src/stm32f4-hal/stm32f4xx_hal_pwr.o
 .text.HAL_PWR_EnableBkUpAccess
                0x0000000000000000       0x1c ./system/src/stm32f4-hal/stm32f4xx_hal_pwr.o
 .text.HAL_PWR_DisableBkUpAccess
                0x0000000000000000       0x1c ./system/src/stm32f4-hal/stm32f4xx_hal_pwr.o
 .text.HAL_PWR_ConfigPVD
                0x0000000000000000       0x70 ./system/src/stm32f4-hal/stm32f4xx_hal_pwr.o
 .text.HAL_PWR_EnablePVD
                0x0000000000000000       0x1a ./system/src/stm32f4-hal/stm32f4xx_hal_pwr.o
 .text.HAL_PWR_DisablePVD
                0x0000000000000000       0x1a ./system/src/stm32f4-hal/stm32f4xx_hal_pwr.o
 .text.HAL_PWR_EnableWakeUpPin
                0x0000000000000000       0x10 ./system/src/stm32f4-hal/stm32f4xx_hal_pwr.o
 .text.HAL_PWR_DisableWakeUpPin
                0x0000000000000000       0x10 ./system/src/stm32f4-hal/stm32f4xx_hal_pwr.o
 .text.HAL_PWR_EnterSLEEPMode
                0x0000000000000000       0x20 ./system/src/stm32f4-hal/stm32f4xx_hal_pwr.o
 .text.HAL_PWR_EnterSTOPMode
                0x0000000000000000       0x38 ./system/src/stm32f4-hal/stm32f4xx_hal_pwr.o
 .text.HAL_PWR_EnterSTANDBYMode
                0x0000000000000000       0x20 ./system/src/stm32f4-hal/stm32f4xx_hal_pwr.o
 .text.HAL_PWR_PVDCallback
                0x0000000000000000        0x2 ./system/src/stm32f4-hal/stm32f4xx_hal_pwr.o
 .text.HAL_PWR_PVD_IRQHandler
                0x0000000000000000       0x1c ./system/src/stm32f4-hal/stm32f4xx_hal_pwr.o
 .text.HAL_PWR_EnableSleepOnExit
                0x0000000000000000       0x10 ./system/src/stm32f4-hal/stm32f4xx_hal_pwr.o
 .text.HAL_PWR_DisableSleepOnExit
                0x0000000000000000       0x10 ./system/src/stm32f4-hal/stm32f4xx_hal_pwr.o
 .text.HAL_PWR_EnableSEVOnPend
                0x0000000000000000       0x10 ./system/src/stm32f4-hal/stm32f4xx_hal_pwr.o
 .text.HAL_PWR_DisableSEVOnPend
                0x0000000000000000       0x10 ./system/src/stm32f4-hal/stm32f4xx_hal_pwr.o
 .debug_info    0x0000000000000000      0x83c ./system/src/stm32f4-hal/stm32f4xx_hal_pwr.o
 .debug_abbrev  0x0000000000000000      0x1fe ./system/src/stm32f4-hal/stm32f4xx_hal_pwr.o
 .debug_loc     0x0000000000000000       0xd0 ./system/src/stm32f4-hal/stm32f4xx_hal_pwr.o
 .debug_aranges
                0x0000000000000000       0xa0 ./system/src/stm32f4-hal/stm32f4xx_hal_pwr.o
 .debug_ranges  0x0000000000000000       0x90 ./system/src/stm32f4-hal/stm32f4xx_hal_pwr.o
 .debug_line    0x0000000000000000      0x35d ./system/src/stm32f4-hal/stm32f4xx_hal_pwr.o
 .debug_str     0x0000000000000000      0x594 ./system/src/stm32f4-hal/stm32f4xx_hal_pwr.o
 .comment       0x0000000000000000       0x71 ./system/src/stm32f4-hal/stm32f4xx_hal_pwr.o
 .debug_frame   0x0000000000000000      0x128 ./system/src/stm32f4-hal/stm32f4xx_hal_pwr.o
 .ARM.attributes
                0x0000000000000000       0x33 ./system/src/stm32f4-hal/stm32f4xx_hal_pwr.o
 .text          0x0000000000000000        0x0 ./system/src/stm32f4-hal/stm32f4xx_hal_rcc.o
 .data          0x0000000000000000        0x0 ./system/src/stm32f4-hal/stm32f4xx_hal_rcc.o
 .bss           0x0000000000000000        0x0 ./system/src/stm32f4-hal/stm32f4xx_hal_rcc.o
 .text.HAL_RCC_DeInit
                0x0000000000000000        0x2 ./system/src/stm32f4-hal/stm32f4xx_hal_rcc.o
 .text.HAL_RCC_MCOConfig
                0x0000000000000000       0x90 ./system/src/stm32f4-hal/stm32f4xx_hal_rcc.o
 .text.HAL_RCC_EnableCSS
                0x0000000000000000        0xc ./system/src/stm32f4-hal/stm32f4xx_hal_rcc.o
 .text.HAL_RCC_DisableCSS
                0x0000000000000000        0xc ./system/src/stm32f4-hal/stm32f4xx_hal_rcc.o
 .text.HAL_RCC_GetPCLK1Freq
                0x0000000000000000       0x2c ./system/src/stm32f4-hal/stm32f4xx_hal_rcc.o
 .text.HAL_RCC_GetPCLK2Freq
                0x0000000000000000       0x2c ./system/src/stm32f4-hal/stm32f4xx_hal_rcc.o
 .text.HAL_RCC_GetOscConfig
                0x0000000000000000       0xd0 ./system/src/stm32f4-hal/stm32f4xx_hal_rcc.o
 .text.HAL_RCC_GetClockConfig
                0x0000000000000000       0x3c ./system/src/stm32f4-hal/stm32f4xx_hal_rcc.o
 .text.HAL_RCC_CSSCallback
                0x0000000000000000        0x2 ./system/src/stm32f4-hal/stm32f4xx_hal_rcc.o
 .text.HAL_RCC_NMI_IRQHandler
                0x0000000000000000       0x20 ./system/src/stm32f4-hal/stm32f4xx_hal_rcc.o
 .text          0x0000000000000000        0x0 ./system/src/newlib/_cxx.o
 .data          0x0000000000000000        0x0 ./system/src/newlib/_cxx.o
 .bss           0x0000000000000000        0x0 ./system/src/newlib/_cxx.o
 .text._ZN9__gnu_cxx27__verbose_terminate_handlerEv
                0x0000000000000000        0x6 ./system/src/newlib/_cxx.o
 .text.__cxa_pure_virtual
                0x0000000000000000        0x6 ./system/src/newlib/_cxx.o
 .debug_info    0x0000000000000000      0x593 ./system/src/newlib/_cxx.o
 .debug_abbrev  0x0000000000000000      0x1a4 ./system/src/newlib/_cxx.o
 .debug_aranges
                0x0000000000000000       0x28 ./system/src/newlib/_cxx.o
 .debug_ranges  0x0000000000000000       0x18 ./system/src/newlib/_cxx.o
 .debug_line    0x0000000000000000      0x1f2 ./system/src/newlib/_cxx.o
 .debug_str     0x0000000000000000      0x396 ./system/src/newlib/_cxx.o
 .comment       0x0000000000000000       0x71 ./system/src/newlib/_cxx.o
 .debug_frame   0x0000000000000000       0x40 ./system/src/newlib/_cxx.o
 .ARM.attributes
                0x0000000000000000       0x33 ./system/src/newlib/_cxx.o
 .text          0x0000000000000000        0x0 ./system/src/newlib/_exit.o
 .data          0x0000000000000000        0x0 ./system/src/newlib/_exit.o
 .bss           0x0000000000000000        0x0 ./system/src/newlib/_exit.o
 .text.abort    0x0000000000000000        0x8 ./system/src/newlib/_exit.o
 .text          0x0000000000000000        0x0 ./system/src/newlib/_sbrk.o
 .data          0x0000000000000000        0x0 ./system/src/newlib/_sbrk.o
 .bss           0x0000000000000000        0x0 ./system/src/newlib/_sbrk.o
 .text._sbrk    0x0000000000000000       0x40 ./system/src/newlib/_sbrk.o
 .bss.current_heap_end.3862
                0x0000000000000000        0x4 ./system/src/newlib/_sbrk.o
 .debug_info    0x0000000000000000      0x121 ./system/src/newlib/_sbrk.o
 .debug_abbrev  0x0000000000000000       0xb8 ./system/src/newlib/_sbrk.o
 .debug_loc     0x0000000000000000       0x92 ./system/src/newlib/_sbrk.o
 .debug_aranges
                0x0000000000000000       0x20 ./system/src/newlib/_sbrk.o
 .debug_ranges  0x0000000000000000       0x10 ./system/src/newlib/_sbrk.o
 .debug_line    0x0000000000000000       0xd7 ./system/src/newlib/_sbrk.o
 .debug_str     0x0000000000000000      0x21b ./system/src/newlib/_sbrk.o
 .comment       0x0000000000000000       0x71 ./system/src/newlib/_sbrk.o
 .debug_frame   0x0000000000000000       0x28 ./system/src/newlib/_sbrk.o
 .ARM.attributes
                0x0000000000000000       0x33 ./system/src/newlib/_sbrk.o
 .text          0x0000000000000000        0x0 ./system/src/newlib/_startup.o
 .data          0x0000000000000000        0x0 ./system/src/newlib/_startup.o
 .bss           0x0000000000000000        0x0 ./system/src/newlib/_startup.o
 .text.__initialize_data
                0x0000000000000000       0x10 ./system/src/newlib/_startup.o
 .text.__initialize_bss
                0x0000000000000000        0xe ./system/src/newlib/_startup.o
 .text.__run_init_array
                0x0000000000000000       0x48 ./system/src/newlib/_startup.o
 .text.__run_fini_array
                0x0000000000000000       0x24 ./system/src/newlib/_startup.o
 .text          0x0000000000000000        0x0 ./system/src/newlib/_syscalls.o
 .data          0x0000000000000000        0x0 ./system/src/newlib/_syscalls.o
 .bss           0x0000000000000000        0x0 ./system/src/newlib/_syscalls.o
 .text.raise    0x0000000000000000       0x10 ./system/src/newlib/_syscalls.o
 .text.kill     0x0000000000000000       0x10 ./system/src/newlib/_syscalls.o
 COMMON         0x0000000000000000        0x4 ./system/src/newlib/_syscalls.o
 .text          0x0000000000000000        0x0 ./system/src/newlib/assert.o
 .data          0x0000000000000000        0x0 ./system/src/newlib/assert.o
 .bss           0x0000000000000000        0x0 ./system/src/newlib/assert.o
 .text.__assert_func
                0x0000000000000000        0x6 ./system/src/newlib/assert.o
 .debug_info    0x0000000000000000      0x10b ./system/src/newlib/assert.o
 .debug_abbrev  0x0000000000000000       0xa6 ./system/src/newlib/assert.o
 .debug_loc     0x0000000000000000       0x84 ./system/src/newlib/assert.o
 .debug_aranges
                0x0000000000000000       0x20 ./system/src/newlib/assert.o
 .debug_ranges  0x0000000000000000       0x10 ./system/src/newlib/assert.o
 .debug_line    0x0000000000000000       0xeb ./system/src/newlib/assert.o
 .debug_str     0x0000000000000000      0x204 ./system/src/newlib/assert.o
 .comment       0x0000000000000000       0x71 ./system/src/newlib/assert.o
 .debug_frame   0x0000000000000000       0x28 ./system/src/newlib/assert.o
 .ARM.attributes
                0x0000000000000000       0x33 ./system/src/newlib/assert.o
 .text          0x0000000000000000        0x0 ./system/src/diag/Trace.o
 .data          0x0000000000000000        0x0 ./system/src/diag/Trace.o
 .bss           0x0000000000000000        0x0 ./system/src/diag/Trace.o
 .debug_line    0x0000000000000000        0x0 ./system/src/diag/Trace.o
 .debug_str     0x0000000000000000      0x121 ./system/src/diag/Trace.o
 .comment       0x0000000000000000       0x71 ./system/src/diag/Trace.o
 .ARM.attributes
                0x0000000000000000       0x33 ./system/src/diag/Trace.o
 .text          0x0000000000000000        0x0 ./system/src/diag/trace_impl.o
 .data          0x0000000000000000        0x0 ./system/src/diag/trace_impl.o
 .bss           0x0000000000000000        0x0 ./system/src/diag/trace_impl.o
 .debug_line    0x0000000000000000        0x0 ./system/src/diag/trace_impl.o
 .debug_str     0x0000000000000000      0x126 ./system/src/diag/trace_impl.o
 .comment       0x0000000000000000       0x71 ./system/src/diag/trace_impl.o
 .ARM.attributes
                0x0000000000000000       0x33 ./system/src/diag/trace_impl.o
 .text          0x0000000000000000        0x0 ./system/src/cortexm/_initialize_hardware.o
 .data          0x0000000000000000        0x0 ./system/src/cortexm/_initialize_hardware.o
 .bss           0x0000000000000000        0x0 ./system/src/cortexm/_initialize_hardware.o
 .text.__initialize_hardware
                0x0000000000000000        0x4 ./system/src/cortexm/_initialize_hardware.o
 .text          0x0000000000000000        0x0 ./system/src/cortexm/_reset_hardware.o
 .data          0x0000000000000000        0x0 ./system/src/cortexm/_reset_hardware.o
 .bss           0x0000000000000000        0x0 ./system/src/cortexm/_reset_hardware.o
 .text          0x0000000000000000        0x0 ./system/src/cortexm/exception_handlers.o
 .data          0x0000000000000000        0x0 ./system/src/cortexm/exception_handlers.o
 .bss           0x0000000000000000        0x0 ./system/src/cortexm/exception_handlers.o
 .text          0x0000000000000000        0x0 ./system/src/cmsis/system_stm32f4xx.o
 .data          0x0000000000000000        0x0 ./system/src/cmsis/system_stm32f4xx.o
 .bss           0x0000000000000000        0x0 ./system/src/cmsis/system_stm32f4xx.o
 .text          0x0000000000000000        0x0 ./system/src/cmsis/vectors_stm32f405xx.o
 .data          0x0000000000000000        0x0 ./system/src/cmsis/vectors_stm32f405xx.o
 .bss           0x0000000000000000        0x0 ./system/src/cmsis/vectors_stm32f405xx.o
 .text          0x0000000000000000        0x0 ./src/BlinkLed.o
 .data          0x0000000000000000        0x0 ./src/BlinkLed.o
 .bss           0x0000000000000000        0x0 ./src/BlinkLed.o
 .text.blink_led_init
                0x0000000000000000       0x40 ./src/BlinkLed.o
 .debug_info    0x0000000000000000      0x41c ./src/BlinkLed.o
 .debug_abbrev  0x0000000000000000      0x15f ./src/BlinkLed.o
 .debug_aranges
                0x0000000000000000       0x20 ./src/BlinkLed.o
 .debug_ranges  0x0000000000000000       0x10 ./src/BlinkLed.o
 .debug_line    0x0000000000000000      0x1e3 ./src/BlinkLed.o
 .debug_str     0x0000000000000000      0x3bd ./src/BlinkLed.o
 .comment       0x0000000000000000       0x71 ./src/BlinkLed.o
 .debug_frame   0x0000000000000000       0x30 ./src/BlinkLed.o
 .ARM.attributes
                0x0000000000000000       0x33 ./src/BlinkLed.o
 .text          0x0000000000000000        0x0 ./src/Timer.o
 .data          0x0000000000000000        0x0 ./src/Timer.o
 .bss           0x0000000000000000        0x0 ./src/Timer.o
 .text.timer_start
                0x0000000000000000       0x38 ./src/Timer.o
 .text.timer_sleep
                0x0000000000000000       0x10 ./src/Timer.o
 .text          0x0000000000000000        0x0 ./src/_initialize_hardware.o
 .data          0x0000000000000000        0x0 ./src/_initialize_hardware.o
 .bss           0x0000000000000000        0x0 ./src/_initialize_hardware.o
 .text.SystemClock_Config
                0x0000000000000000       0x94 ./src/_initialize_hardware.o
 .text          0x0000000000000000        0x0 ./src/_write.o
 .data          0x0000000000000000        0x0 ./src/_write.o
 .bss           0x0000000000000000        0x0 ./src/_write.o
 .debug_line    0x0000000000000000        0x0 ./src/_write.o
 .debug_str     0x0000000000000000      0x116 ./src/_write.o
 .comment       0x0000000000000000       0x71 ./src/_write.o
 .ARM.attributes
                0x0000000000000000       0x33 ./src/_write.o
 .text          0x0000000000000000        0x0 ./src/main 2.o
 .data          0x0000000000000000        0x0 ./src/main 2.o
 .bss           0x0000000000000000        0x0 ./src/main 2.o
 .text          0x0000000000000000        0x0 ./src/main.o
 .data          0x0000000000000000        0x0 ./src/main.o
 .bss           0x0000000000000000        0x0 ./src/main.o
 .text.SystemClock_Config
                0x0000000000000000       0x84 ./src/main.o
 .text.startup.main
                0x0000000000000000      0x44c ./src/main.o
 .debug_info    0x0000000000000000     0x1276 ./src/main.o
 .debug_abbrev  0x0000000000000000      0x240 ./src/main.o
 .debug_loc     0x0000000000000000       0x8c ./src/main.o
 .debug_aranges
                0x0000000000000000       0x28 ./src/main.o
 .debug_ranges  0x0000000000000000       0x68 ./src/main.o
 .debug_line    0x0000000000000000      0x458 ./src/main.o
 .debug_str     0x0000000000000000      0xaa7 ./src/main.o
 .comment       0x0000000000000000       0x71 ./src/main.o
 .debug_frame   0x0000000000000000       0x58 ./src/main.o
 .ARM.attributes
                0x0000000000000000       0x33 ./src/main.o
 .text          0x0000000000000000        0x0 ./src/stm32f4xx_hal_msp.o
 .data          0x0000000000000000        0x0 ./src/stm32f4xx_hal_msp.o
 .bss           0x0000000000000000        0x0 ./src/stm32f4xx_hal_msp.o
 .text.HAL_ADC_MspInit
                0x0000000000000000       0x68 ./src/stm32f4xx_hal_msp.o
 .text.HAL_ADC_MspDeInit
                0x0000000000000000       0x48 ./src/stm32f4xx_hal_msp.o
 .text.HAL_SPI_MspInit
                0x0000000000000000       0x4c ./src/stm32f4xx_hal_msp.o
 .text.HAL_SPI_MspDeInit
                0x0000000000000000       0x2c ./src/stm32f4xx_hal_msp.o
 .text.HAL_TIM_Base_MspInit
                0x0000000000000000       0x5c ./src/stm32f4xx_hal_msp.o
 .text.HAL_TIM_Encoder_MspInit
                0x0000000000000000       0x94 ./src/stm32f4xx_hal_msp.o
 .text.HAL_TIM_PWM_MspInit
                0x0000000000000000       0x28 ./src/stm32f4xx_hal_msp.o
 .text.HAL_TIM_Base_MspDeInit
                0x0000000000000000       0x38 ./src/stm32f4xx_hal_msp.o
 .text.HAL_TIM_Encoder_MspDeInit
                0x0000000000000000       0x54 ./src/stm32f4xx_hal_msp.o
 .text.HAL_TIM_PWM_MspDeInit
                0x0000000000000000       0x1c ./src/stm32f4xx_hal_msp.o
 .text.HAL_UART_MspInit
                0x0000000000000000       0x4c ./src/stm32f4xx_hal_msp.o
 .text.HAL_UART_MspDeInit
                0x0000000000000000       0x2c ./src/stm32f4xx_hal_msp.o
 .text          0x0000000000000000        0x0 ./src/stm32f4xx_it.o
 .data          0x0000000000000000        0x0 ./src/stm32f4xx_it.o
 .bss           0x0000000000000000        0x0 ./src/stm32f4xx_it.o
 .text.SysTick_Handler
                0x0000000000000000        0xe ./src/stm32f4xx_it.o
 .text          0x0000000000000000        0x0 /Users/nguyenbui/Documents/Eclipse/ARMToolchain/gcc-arm-none-eabi-4_9-2015q3/bin/../lib/gcc/arm-none-eabi/4.9.3/../../../../arm-none-eabi/lib/armv7e-m/libg_nano.a(lib_a-errno.o)
 .data          0x0000000000000000        0x0 /Users/nguyenbui/Documents/Eclipse/ARMToolchain/gcc-arm-none-eabi-4_9-2015q3/bin/../lib/gcc/arm-none-eabi/4.9.3/../../../../arm-none-eabi/lib/armv7e-m/libg_nano.a(lib_a-errno.o)
 .bss           0x0000000000000000        0x0 /Users/nguyenbui/Documents/Eclipse/ARMToolchain/gcc-arm-none-eabi-4_9-2015q3/bin/../lib/gcc/arm-none-eabi/4.9.3/../../../../arm-none-eabi/lib/armv7e-m/libg_nano.a(lib_a-errno.o)
 .text.__errno  0x0000000000000000        0xc /Users/nguyenbui/Documents/Eclipse/ARMToolchain/gcc-arm-none-eabi-4_9-2015q3/bin/../lib/gcc/arm-none-eabi/4.9.3/../../../../arm-none-eabi/lib/armv7e-m/libg_nano.a(lib_a-errno.o)
 .debug_frame   0x0000000000000000       0x20 /Users/nguyenbui/Documents/Eclipse/ARMToolchain/gcc-arm-none-eabi-4_9-2015q3/bin/../lib/gcc/arm-none-eabi/4.9.3/../../../../arm-none-eabi/lib/armv7e-m/libg_nano.a(lib_a-errno.o)
 .ARM.attributes
                0x0000000000000000       0x2e /Users/nguyenbui/Documents/Eclipse/ARMToolchain/gcc-arm-none-eabi-4_9-2015q3/bin/../lib/gcc/arm-none-eabi/4.9.3/../../../../arm-none-eabi/lib/armv7e-m/libg_nano.a(lib_a-errno.o)
 .text          0x0000000000000000        0x0 /Users/nguyenbui/Documents/Eclipse/ARMToolchain/gcc-arm-none-eabi-4_9-2015q3/bin/../lib/gcc/arm-none-eabi/4.9.3/../../../../arm-none-eabi/lib/armv7e-m/libg_nano.a(lib_a-impure.o)
 .data          0x0000000000000000        0x0 /Users/nguyenbui/Documents/Eclipse/ARMToolchain/gcc-arm-none-eabi-4_9-2015q3/bin/../lib/gcc/arm-none-eabi/4.9.3/../../../../arm-none-eabi/lib/armv7e-m/libg_nano.a(lib_a-impure.o)
 .bss           0x0000000000000000        0x0 /Users/nguyenbui/Documents/Eclipse/ARMToolchain/gcc-arm-none-eabi-4_9-2015q3/bin/../lib/gcc/arm-none-eabi/4.9.3/../../../../arm-none-eabi/lib/armv7e-m/libg_nano.a(lib_a-impure.o)
 .data.impure_data
                0x0000000000000000       0x60 /Users/nguyenbui/Documents/Eclipse/ARMToolchain/gcc-arm-none-eabi-4_9-2015q3/bin/../lib/gcc/arm-none-eabi/4.9.3/../../../../arm-none-eabi/lib/armv7e-m/libg_nano.a(lib_a-impure.o)
 .data._impure_ptr
                0x0000000000000000        0x4 /Users/nguyenbui/Documents/Eclipse/ARMToolchain/gcc-arm-none-eabi-4_9-2015q3/bin/../lib/gcc/arm-none-eabi/4.9.3/../../../../arm-none-eabi/lib/armv7e-m/libg_nano.a(lib_a-impure.o)
 .rodata.str1.1
                0x0000000000000000        0x2 /Users/nguyenbui/Documents/Eclipse/ARMToolchain/gcc-arm-none-eabi-4_9-2015q3/bin/../lib/gcc/arm-none-eabi/4.9.3/../../../../arm-none-eabi/lib/armv7e-m/libg_nano.a(lib_a-impure.o)
 .rodata._global_impure_ptr
                0x0000000000000000        0x4 /Users/nguyenbui/Documents/Eclipse/ARMToolchain/gcc-arm-none-eabi-4_9-2015q3/bin/../lib/gcc/arm-none-eabi/4.9.3/../../../../arm-none-eabi/lib/armv7e-m/libg_nano.a(lib_a-impure.o)
 .ARM.attributes
                0x0000000000000000       0x2e /Users/nguyenbui/Documents/Eclipse/ARMToolchain/gcc-arm-none-eabi-4_9-2015q3/bin/../lib/gcc/arm-none-eabi/4.9.3/../../../../arm-none-eabi/lib/armv7e-m/libg_nano.a(lib_a-impure.o)

Memory Configuration

Name             Origin             Length             Attributes
RAM              0x0000000020000000 0x0000000000020000 xrw
CCMRAM           0x0000000010000000 0x0000000000010000 xrw
FLASH            0x0000000008000000 0x0000000000100000 xr
FLASHB1          0x0000000000000000 0x0000000000000000 xr
EXTMEMB0         0x0000000000000000 0x0000000000000000 xr
EXTMEMB1         0x0000000000000000 0x0000000000000000 xr
EXTMEMB2         0x0000000000000000 0x0000000000000000 xr
EXTMEMB3         0x0000000000000000 0x0000000000000000 xr
MEMORY_ARRAY     0x0000000020002000 0x0000000000000020 xrw
*default*        0x0000000000000000 0xffffffffffffffff

Linker script and memory map

LOAD ./system/src/stm32f4-hal/stm32f4xx_hal.o
LOAD ./system/src/stm32f4-hal/stm32f4xx_hal_cortex.o
LOAD ./system/src/stm32f4-hal/stm32f4xx_hal_flash.o
LOAD ./system/src/stm32f4-hal/stm32f4xx_hal_gpio.o
LOAD ./system/src/stm32f4-hal/stm32f4xx_hal_iwdg.o
LOAD ./system/src/stm32f4-hal/stm32f4xx_hal_pwr.o
LOAD ./system/src/stm32f4-hal/stm32f4xx_hal_rcc.o
LOAD ./system/src/newlib/_cxx.o
LOAD ./system/src/newlib/_exit.o
LOAD ./system/src/newlib/_sbrk.o
LOAD ./system/src/newlib/_startup.o
LOAD ./system/src/newlib/_syscalls.o
LOAD ./system/src/newlib/assert.o
LOAD ./system/src/diag/Trace.o
LOAD ./system/src/diag/trace_impl.o
LOAD ./system/src/cortexm/_initialize_hardware.o
LOAD ./system/src/cortexm/_reset_hardware.o
LOAD ./system/src/cortexm/exception_handlers.o
LOAD ./system/src/cmsis/system_stm32f4xx.o
LOAD ./system/src/cmsis/vectors_stm32f405xx.o
LOAD ./src/BlinkLed.o
LOAD ./src/Timer.o
LOAD ./src/_initialize_hardware.o
LOAD ./src/_write.o
LOAD ./src/main 2.o
LOAD ./src/main.o
LOAD ./src/stm32f4xx_hal_msp.o
LOAD ./src/stm32f4xx_it.o
LOAD /Users/nguyenbui/Documents/Eclipse/ARMToolchain/gcc-arm-none-eabi-4_9-2015q3/bin/../lib/gcc/arm-none-eabi/4.9.3/../../../../arm-none-eabi/lib/armv7e-m/libstdc++_nano.a
LOAD /Users/nguyenbui/Documents/Eclipse/ARMToolchain/gcc-arm-none-eabi-4_9-2015q3/bin/../lib/gcc/arm-none-eabi/4.9.3/../../../../arm-none-eabi/lib/armv7e-m/libm.a
START GROUP
LOAD /Users/nguyenbui/Documents/Eclipse/ARMToolchain/gcc-arm-none-eabi-4_9-2015q3/bin/../lib/gcc/arm-none-eabi/4.9.3/armv7e-m/libgcc.a
LOAD /Users/nguyenbui/Documents/Eclipse/ARMToolchain/gcc-arm-none-eabi-4_9-2015q3/bin/../lib/gcc/arm-none-eabi/4.9.3/../../../../arm-none-eabi/lib/armv7e-m/libg_nano.a
LOAD /Users/nguyenbui/Documents/Eclipse/ARMToolchain/gcc-arm-none-eabi-4_9-2015q3/bin/../lib/gcc/arm-none-eabi/4.9.3/../../../../arm-none-eabi/lib/armv7e-m/libc_nano.a
END GROUP
START GROUP
LOAD /Users/nguyenbui/Documents/Eclipse/ARMToolchain/gcc-arm-none-eabi-4_9-2015q3/bin/../lib/gcc/arm-none-eabi/4.9.3/armv7e-m/libgcc.a
LOAD /Users/nguyenbui/Documents/Eclipse/ARMToolchain/gcc-arm-none-eabi-4_9-2015q3/bin/../lib/gcc/arm-none-eabi/4.9.3/../../../../arm-none-eabi/lib/armv7e-m/libc_nano.a
END GROUP
                0x0000000020020000                __stack = (ORIGIN (RAM) + 0x20000)
                0x0000000020020000                _estack = __stack
                0x0000000000000400                __Main_Stack_Size = 0x400
                0x0000000000000400                PROVIDE (_Main_Stack_Size, __Main_Stack_Size)
                0x000000002001fc00                __Main_Stack_Limit = (__stack - __Main_Stack_Size)
                0x000000002001fc00                PROVIDE (_Main_Stack_Limit, __Main_Stack_Limit)
                0x0000000000000100                _Minimum_Stack_Size = 0x100
                0x0000000020000220                PROVIDE (_Heap_Begin, _end_noinit)
                0x000000002001fc00                PROVIDE (_Heap_Limit, (__stack - __Main_Stack_Size))

.isr_vector     0x0000000008000000      0x2ea
 FILL mask 0xff
                0x0000000008000000                __vectors_start = ABSOLUTE (.)
                0x0000000008000000                __vectors_start__ = ABSOLUTE (.)
 *(.isr_vector)
 .isr_vector    0x0000000008000000      0x188 ./system/src/cmsis/vectors_stm32f405xx.o
                0x0000000008000000                __isr_vectors
 *(.cfmconfig)
 *(.after_vectors .after_vectors.*)
 .after_vectors
                0x0000000008000188       0xd4 ./system/src/newlib/_startup.o
                0x0000000008000188                _start
 .after_vectors
                0x000000000800025c       0x8c ./system/src/cortexm/exception_handlers.o
                0x000000000800025c                Reset_Handler
                0x0000000008000260                NMI_Handler
                0x0000000008000262                HardFault_Handler
                0x0000000008000276                HardFault_Handler_C
                0x00000000080002a0                MemManage_Handler
                0x00000000080002a2                BusFault_Handler
                0x00000000080002b6                BusFault_Handler_C
                0x00000000080002b8                UsageFault_Handler
                0x00000000080002cc                UsageFault_Handler_C
                0x00000000080002ce                SVC_Handler
                0x00000000080002d0                DebugMon_Handler
                0x00000000080002d2                PendSV_Handler
 .after_vectors
                0x00000000080002e8        0x2 ./system/src/cmsis/vectors_stm32f405xx.o
                0x00000000080002e8                DMA1_Stream3_IRQHandler
                0x00000000080002e8                HASH_RNG_IRQHandler
                0x00000000080002e8                EXTI2_IRQHandler
                0x00000000080002e8                TIM8_CC_IRQHandler
                0x00000000080002e8                TIM1_CC_IRQHandler
                0x00000000080002e8                DMA2_Stream5_IRQHandler
                0x00000000080002e8                DMA1_Stream5_IRQHandler
                0x00000000080002e8                PVD_IRQHandler
                0x00000000080002e8                SDIO_IRQHandler
                0x00000000080002e8                TAMP_STAMP_IRQHandler
                0x00000000080002e8                CAN2_RX1_IRQHandler
                0x00000000080002e8                EXTI3_IRQHandler
                0x00000000080002e8                TIM8_TRG_COM_TIM14_IRQHandler
                0x00000000080002e8                TIM8_UP_TIM13_IRQHandler
                0x00000000080002e8                I2C3_ER_IRQHandler
                0x00000000080002e8                EXTI0_IRQHandler
                0x00000000080002e8                I2C2_EV_IRQHandler
                0x00000000080002e8                DMA1_Stream2_IRQHandler
                0x00000000080002e8                CAN1_RX0_IRQHandler
                0x00000000080002e8                FPU_IRQHandler
                0x00000000080002e8                OTG_HS_WKUP_IRQHandler
                0x00000000080002e8                CAN2_SCE_IRQHandler
                0x00000000080002e8                DMA2_Stream2_IRQHandler
                0x00000000080002e8                SPI1_IRQHandler
                0x00000000080002e8                TIM6_DAC_IRQHandler
                0x00000000080002e8                TIM1_BRK_TIM9_IRQHandler
                0x00000000080002e8                CAN2_RX0_IRQHandler
                0x00000000080002e8                DMA2_Stream3_IRQHandler
                0x00000000080002e8                USART6_IRQHandler
                0x00000000080002e8                USART3_IRQHandler
                0x00000000080002e8                CAN1_RX1_IRQHandler
                0x00000000080002e8                UART5_IRQHandler
                0x00000000080002e8                DMA2_Stream0_IRQHandler
                0x00000000080002e8                TIM4_IRQHandler
                0x00000000080002e8                I2C1_EV_IRQHandler
                0x00000000080002e8                DMA1_Stream6_IRQHandler
                0x00000000080002e8                DMA1_Stream1_IRQHandler
                0x00000000080002e8                UART4_IRQHandler
                0x00000000080002e8                TIM3_IRQHandler
                0x00000000080002e8                RCC_IRQHandler
                0x00000000080002e8                TIM8_BRK_TIM12_IRQHandler
                0x00000000080002e8                Default_Handler
                0x00000000080002e8                EXTI15_10_IRQHandler
                0x00000000080002e8                ADC_IRQHandler
                0x00000000080002e8                DMA1_Stream7_IRQHandler
                0x00000000080002e8                TIM7_IRQHandler
                0x00000000080002e8                CAN2_TX_IRQHandler
                0x00000000080002e8                TIM5_IRQHandler
                0x00000000080002e8                DMA2_Stream7_IRQHandler
                0x00000000080002e8                I2C3_EV_IRQHandler
                0x00000000080002e8                EXTI9_5_IRQHandler
                0x00000000080002e8                RTC_WKUP_IRQHandler
                0x00000000080002e8                SPI2_IRQHandler
                0x00000000080002e8                OTG_HS_EP1_IN_IRQHandler
                0x00000000080002e8                DMA1_Stream0_IRQHandler
                0x00000000080002e8                CAN1_TX_IRQHandler
                0x00000000080002e8                EXTI4_IRQHandler
                0x00000000080002e8                OTG_HS_EP1_OUT_IRQHandler
                0x00000000080002e8                WWDG_IRQHandler
                0x00000000080002e8                TIM2_IRQHandler
                0x00000000080002e8                OTG_FS_WKUP_IRQHandler
                0x00000000080002e8                TIM1_TRG_COM_TIM11_IRQHandler
                0x00000000080002e8                OTG_HS_IRQHandler
                0x00000000080002e8                EXTI1_IRQHandler
                0x00000000080002e8                USART2_IRQHandler
                0x00000000080002e8                I2C2_ER_IRQHandler
                0x00000000080002e8                DMA2_Stream1_IRQHandler
                0x00000000080002e8                CAN1_SCE_IRQHandler
                0x00000000080002e8                FLASH_IRQHandler
                0x00000000080002e8                DMA2_Stream4_IRQHandler
                0x00000000080002e8                USART1_IRQHandler
                0x00000000080002e8                OTG_FS_IRQHandler
                0x00000000080002e8                SPI3_IRQHandler
                0x00000000080002e8                DMA1_Stream4_IRQHandler
                0x00000000080002e8                I2C1_ER_IRQHandler
                0x00000000080002e8                FMC_IRQHandler
                0x00000000080002e8                DMA2_Stream6_IRQHandler
                0x00000000080002e8                RTC_Alarm_IRQHandler

.inits          0x00000000080002ec       0x28
                0x00000000080002ec                __data_regions_array_start = .
                0x00000000080002ec        0x4 LONG 0x8001184 LOADADDR (.data)
                0x00000000080002f0        0x4 LONG 0x20000000 ADDR (.data)
                0x00000000080002f4        0x4 LONG 0x2000000c (ADDR (.data) + SIZEOF (.data))
                0x00000000080002f8        0x4 LONG 0x8001184 LOADADDR (.data_CCMRAM)
                0x00000000080002fc        0x4 LONG 0x10000000 ADDR (.data_CCMRAM)
                0x0000000008000300        0x4 LONG 0x10000000 (ADDR (.data_CCMRAM) + SIZEOF (.data_CCMRAM))
                0x0000000008000304                __data_regions_array_end = .
                0x0000000008000304                __bss_regions_array_start = .
                0x0000000008000304        0x4 LONG 0x2000000c ADDR (.bss)
                0x0000000008000308        0x4 LONG 0x20000220 (ADDR (.bss) + SIZEOF (.bss))
                0x000000000800030c        0x4 LONG 0x10000000 ADDR (.bss_CCMRAM)
                0x0000000008000310        0x4 LONG 0x10000000 (ADDR (.bss_CCMRAM) + SIZEOF (.bss_CCMRAM))
                0x0000000008000314                __bss_regions_array_end = .
 *(.init)
 *(.fini)
                0x0000000008000314                . = ALIGN (0x4)
                0x0000000008000314                PROVIDE (__preinit_array_start, .)
 *(.preinit_array_sysinit .preinit_array_sysinit.*)
 *(.preinit_array_platform .preinit_array_platform.*)
 *(.preinit_array .preinit_array.*)
                0x0000000008000314                PROVIDE (__preinit_array_end, .)
                0x0000000008000314                . = ALIGN (0x4)
                0x0000000008000314                PROVIDE (__init_array_start, .)
 *(SORT(.init_array.*))
 *(.init_array)
                0x0000000008000314                PROVIDE (__init_array_end, .)
                0x0000000008000314                . = ALIGN (0x4)
                0x0000000008000314                PROVIDE (__fini_array_start, .)
 *(SORT(.fini_array.*))
 *(.fini_array)
                0x0000000008000314                PROVIDE (__fini_array_end, .)

.flashtext
 *(.flashtext .flashtext.*)

.text           0x0000000008000314      0xe70
 *(.text .text.*)
 .text.HAL_InitTick
                0x0000000008000314       0x24 ./system/src/stm32f4-hal/stm32f4xx_hal.o
                0x0000000008000314                HAL_InitTick
 .text.HAL_Init
                0x0000000008000338       0x34 ./system/src/stm32f4-hal/stm32f4xx_hal.o
                0x0000000008000338                HAL_Init
 .text.HAL_IncTick
                0x000000000800036c       0x10 ./system/src/stm32f4-hal/stm32f4xx_hal.o
                0x000000000800036c                HAL_IncTick
 .text.HAL_GetTick
                0x000000000800037c        0xc ./system/src/stm32f4-hal/stm32f4xx_hal.o
                0x000000000800037c                HAL_GetTick
 .text.HAL_NVIC_SetPriorityGrouping
                0x0000000008000388       0x24 ./system/src/stm32f4-hal/stm32f4xx_hal_cortex.o
                0x0000000008000388                HAL_NVIC_SetPriorityGrouping
 .text.HAL_NVIC_SetPriority
                0x00000000080003ac       0x60 ./system/src/stm32f4-hal/stm32f4xx_hal_cortex.o
                0x00000000080003ac                HAL_NVIC_SetPriority
 .text.HAL_SYSTICK_Config
                0x000000000800040c       0x2c ./system/src/stm32f4-hal/stm32f4xx_hal_cortex.o
                0x000000000800040c                HAL_SYSTICK_Config
 .text.HAL_SYSTICK_CLKSourceConfig
                0x0000000008000438       0x18 ./system/src/stm32f4-hal/stm32f4xx_hal_cortex.o
                0x0000000008000438                HAL_SYSTICK_CLKSourceConfig
 .text.HAL_GPIO_Init
                0x0000000008000450      0x1c8 ./system/src/stm32f4-hal/stm32f4xx_hal_gpio.o
                0x0000000008000450                HAL_GPIO_Init
 .text.HAL_GPIO_WritePin
                0x0000000008000618        0x8 ./system/src/stm32f4-hal/stm32f4xx_hal_gpio.o
                0x0000000008000618                HAL_GPIO_WritePin
 .text.HAL_RCC_OscConfig
                0x0000000008000620      0x304 ./system/src/stm32f4-hal/stm32f4xx_hal_rcc.o
                0x0000000008000620                HAL_RCC_OscConfig
 .text.HAL_RCC_ClockConfig
                0x0000000008000924      0x208 ./system/src/stm32f4-hal/stm32f4xx_hal_rcc.o
                0x0000000008000924                HAL_RCC_ClockConfig
 .text.HAL_RCC_GetSysClockFreq
                0x0000000008000b2c       0x80 ./system/src/stm32f4-hal/stm32f4xx_hal_rcc.o
                0x0000000008000b2c                HAL_RCC_GetSysClockFreq
 .text.HAL_RCC_GetHCLKFreq
                0x0000000008000bac       0x34 ./system/src/stm32f4-hal/stm32f4xx_hal_rcc.o
                0x0000000008000bac                HAL_RCC_GetHCLKFreq
 .text._exit    0x0000000008000be0        0x6 ./system/src/newlib/_exit.o
                0x0000000008000be0                _exit
 *fill*         0x0000000008000be6        0x2 
 .text.__initialize_args
                0x0000000008000be8       0x10 ./system/src/newlib/_syscalls.o
                0x0000000008000be8                __initialize_args
 .text.__initialize_hardware_early
                0x0000000008000bf8       0x18 ./system/src/cortexm/_initialize_hardware.o
                0x0000000008000bf8                __initialize_hardware_early
 .text.__reset_hardware
                0x0000000008000c10       0x24 ./system/src/cortexm/_reset_hardware.o
                0x0000000008000c10                __reset_hardware
 .text.isSemihosting
                0x0000000008000c34       0x1c ./system/src/cortexm/exception_handlers.o
                0x0000000008000c34                isSemihosting
 .text.SystemInit
                0x0000000008000c50       0x40 ./system/src/cmsis/system_stm32f4xx.o
                0x0000000008000c50                SystemInit
 .text.SystemCoreClockUpdate
                0x0000000008000c90       0x74 ./system/src/cmsis/system_stm32f4xx.o
                0x0000000008000c90                SystemCoreClockUpdate
 .text.timer_tick
                0x0000000008000d04       0x14 ./src/Timer.o
                0x0000000008000d04                timer_tick
 .text.SysTick_Handler
                0x0000000008000d18        0xe ./src/Timer.o
                0x0000000008000d18                SysTick_Handler
 .text.__initialize_hardware
                0x0000000008000d26       0x12 ./src/_initialize_hardware.o
                0x0000000008000d26                __initialize_hardware
 .text.SystemClock_Config
                0x0000000008000d38       0x9c ./src/main 2.o
                0x0000000008000d38                SystemClock_Config
 .text.startup.main
                0x0000000008000dd4      0x338 ./src/main 2.o
                0x0000000008000dd4                main
 .text.HAL_MspInit
                0x000000000800110c       0x18 ./src/stm32f4xx_hal_msp.o
                0x000000000800110c                HAL_MspInit
 .text.HAL_TIM_MspPostInit
                0x0000000008001124       0x34 ./src/stm32f4xx_hal_msp.o
                0x0000000008001124                HAL_TIM_MspPostInit
 .text.TIM1_UP_TIM10_IRQHandler
                0x0000000008001158        0xc ./src/stm32f4xx_it.o
                0x0000000008001158                TIM1_UP_TIM10_IRQHandler
 *(.rodata .rodata.* .constdata .constdata.*)
 .rodata.APBAHBPrescTable
                0x0000000008001164       0x10 ./system/src/stm32f4-hal/stm32f4xx_hal_rcc.o
                0x0000000008001164                APBAHBPrescTable
 .rodata.AHBPrescTable
                0x0000000008001174       0x10 ./system/src/cmsis/system_stm32f4xx.o
                0x0000000008001174                AHBPrescTable
 *(vtable)
 *(.eh_frame*)
 *(.glue_7)
 .glue_7        0x0000000000000000        0x0 linker stubs
 *(.glue_7t)
 .glue_7t       0x0000000000000000        0x0 linker stubs

.vfp11_veneer   0x0000000008001184        0x0
 .vfp11_veneer  0x0000000000000000        0x0 linker stubs

.v4_bx          0x0000000008001184        0x0
 .v4_bx         0x0000000000000000        0x0 linker stubs

.iplt           0x0000000008001184        0x0
 .iplt          0x0000000000000000        0x0 ./system/src/stm32f4-hal/stm32f4xx_hal.o

.rel.dyn        0x0000000008001184        0x0
 .rel.iplt      0x0000000000000000        0x0 ./system/src/stm32f4-hal/stm32f4xx_hal.o

.ARM.extab
 *(.ARM.extab* .gnu.linkonce.armextab.*)
                0x0000000008001184                . = ALIGN (0x4)
                0x0000000008001184                __exidx_start = .

.ARM.exidx
 *(.ARM.exidx* .gnu.linkonce.armexidx.*)
                0x0000000008001184                __exidx_end = .
                0x0000000008001184                . = ALIGN (0x4)
                0x0000000008001184                _etext = .
                0x0000000008001184                __etext = .

.data_CCMRAM    0x0000000010000000        0x0 load address 0x0000000008001184
 FILL mask 0xff
 *(.data.CCMRAM .data.CCMRAM.*)
                0x0000000010000000                . = ALIGN (0x4)
                0x0000000008001184                _sidata = LOADADDR (.data)

.data           0x0000000020000000        0xc load address 0x0000000008001184
 FILL mask 0xff
                0x0000000020000000                _sdata = .
                0x0000000020000000                __data_start__ = .
 *(.data_begin .data_begin.*)
 *(.data .data.*)
 .data.argv.4160
                0x0000000020000000        0x8 ./system/src/newlib/_syscalls.o
 .data.SystemCoreClock
                0x0000000020000008        0x4 ./system/src/cmsis/system_stm32f4xx.o
                0x0000000020000008                SystemCoreClock
 *(.data_end .data_end.*)
                0x000000002000000c                . = ALIGN (0x4)
                0x000000002000000c                _edata = .
                0x000000002000000c                __data_end__ = .

.igot.plt       0x000000002000000c        0x0 load address 0x0000000008001190
 .igot.plt      0x0000000000000000        0x0 ./system/src/stm32f4-hal/stm32f4xx_hal.o

.bss_CCMRAM     0x0000000010000000        0x0
 *(.bss.CCMRAM .bss.CCMRAM.*)

.bss            0x000000002000000c      0x214
                0x000000002000000c                __bss_start__ = .
                0x000000002000000c                _sbss = .
 *(.bss_begin .bss_begin.*)
 *(.bss .bss.*)
 .bss.uwTick    0x000000002000000c        0x4 ./system/src/stm32f4-hal/stm32f4xx_hal.o
 .bss.name.4159
                0x0000000020000010        0x1 ./system/src/newlib/_syscalls.o
 *(COMMON)
 *fill*         0x0000000020000011        0x3 
 COMMON         0x0000000020000014        0x4 ./src/Timer.o
                0x0000000020000014                timer_delayCount
 COMMON         0x0000000020000018      0x208 ./src/main 2.o
                0x0000000020000018                htim4
                0x0000000020000054                htim5
                0x0000000020000090                htim3
                0x00000000200000cc                hspi3
                0x0000000020000124                hadc1
                0x0000000020000168                huart1
                0x00000000200001a8                htim1
                0x00000000200001e4                htim2
 *(.bss_end .bss_end.*)
                0x0000000020000220                . = ALIGN (0x4)
                0x0000000020000220                __bss_end__ = .
                0x0000000020000220                _ebss = .

.noinit_CCMRAM
 *(.noinit.CCMRAM .noinit.CCMRAM.*)

.noinit         0x0000000020000220        0x0
                0x0000000020000220                _noinit = .
 *(.noinit .noinit.*)
                0x0000000020000220                . = ALIGN (0x4)
                0x0000000020000220                _end_noinit = .
                0x0000000020000220                PROVIDE (end, _end_noinit)
                0x0000000020000220                PROVIDE (_end, _end_noinit)
                0x0000000020000220                PROVIDE (__end, _end_noinit)
                0x0000000020000220                PROVIDE (__end__, _end_noinit)

._check_stack   0x0000000020000220      0x100
                0x0000000020000320                . = (. + _Minimum_Stack_Size)
 *fill*         0x0000000020000220      0x100 

.b1text
 *(.b1text)
 *(.b1rodata)
 *(.b1rodata.*)

.eb0text
 *(.eb0text)
 *(.eb0rodata)
 *(.eb0rodata.*)

.eb1text
 *(.eb1text)
 *(.eb1rodata)
 *(.eb1rodata.*)

.eb2text
 *(.eb2text)
 *(.eb2rodata)
 *(.eb2rodata.*)

.eb3text
 *(.eb3text)
 *(.eb3rodata)
 *(.eb3rodata.*)

.stab
 *(.stab)

.stabstr
 *(.stabstr)

.stab.excl
 *(.stab.excl)

.stab.exclstr
 *(.stab.exclstr)

.stab.index
 *(.stab.index)

.stab.indexstr
 *(.stab.indexstr)

.comment        0x0000000000000000       0x70
 *(.comment)
 .comment       0x0000000000000000       0x70 ./system/src/stm32f4-hal/stm32f4xx_hal.o
                                         0x71 (size before relaxing)
 .comment       0x0000000000000000       0x71 ./system/src/stm32f4-hal/stm32f4xx_hal_cortex.o
 .comment       0x0000000000000000       0x71 ./system/src/stm32f4-hal/stm32f4xx_hal_gpio.o
 .comment       0x0000000000000000       0x71 ./system/src/stm32f4-hal/stm32f4xx_hal_rcc.o
 .comment       0x0000000000000000       0x71 ./system/src/newlib/_exit.o
 .comment       0x0000000000000000       0x71 ./system/src/newlib/_startup.o
 .comment       0x0000000000000000       0x71 ./system/src/newlib/_syscalls.o
 .comment       0x0000000000000000       0x71 ./system/src/cortexm/_initialize_hardware.o
 .comment       0x0000000000000000       0x71 ./system/src/cortexm/_reset_hardware.o
 .comment       0x0000000000000000       0x71 ./system/src/cortexm/exception_handlers.o
 .comment       0x0000000000000000       0x71 ./system/src/cmsis/system_stm32f4xx.o
 .comment       0x0000000000000000       0x71 ./system/src/cmsis/vectors_stm32f405xx.o
 .comment       0x0000000000000000       0x71 ./src/Timer.o
 .comment       0x0000000000000000       0x71 ./src/_initialize_hardware.o
 .comment       0x0000000000000000       0x71 ./src/main 2.o
 .comment       0x0000000000000000       0x71 ./src/stm32f4xx_hal_msp.o
 .comment       0x0000000000000000       0x71 ./src/stm32f4xx_it.o

.ARM.attributes
                0x0000000000000000       0x33
 .ARM.attributes
                0x0000000000000000       0x33 ./system/src/stm32f4-hal/stm32f4xx_hal.o
 .ARM.attributes
                0x0000000000000033       0x33 ./system/src/stm32f4-hal/stm32f4xx_hal_cortex.o
 .ARM.attributes
                0x0000000000000066       0x33 ./system/src/stm32f4-hal/stm32f4xx_hal_gpio.o
 .ARM.attributes
                0x0000000000000099       0x33 ./system/src/stm32f4-hal/stm32f4xx_hal_rcc.o
 .ARM.attributes
                0x00000000000000cc       0x33 ./system/src/newlib/_exit.o
 .ARM.attributes
                0x00000000000000ff       0x33 ./system/src/newlib/_startup.o
 .ARM.attributes
                0x0000000000000132       0x33 ./system/src/newlib/_syscalls.o
 .ARM.attributes
                0x0000000000000165       0x33 ./system/src/cortexm/_initialize_hardware.o
 .ARM.attributes
                0x0000000000000198       0x33 ./system/src/cortexm/_reset_hardware.o
 .ARM.attributes
                0x00000000000001cb       0x33 ./system/src/cortexm/exception_handlers.o
 .ARM.attributes
                0x00000000000001fe       0x33 ./system/src/cmsis/system_stm32f4xx.o
 .ARM.attributes
                0x0000000000000231       0x33 ./system/src/cmsis/vectors_stm32f405xx.o
 .ARM.attributes
                0x0000000000000264       0x33 ./src/Timer.o
 .ARM.attributes
                0x0000000000000297       0x33 ./src/_initialize_hardware.o
 .ARM.attributes
                0x00000000000002ca       0x33 ./src/main 2.o
 .ARM.attributes
                0x00000000000002fd       0x33 ./src/stm32f4xx_hal_msp.o
 .ARM.attributes
                0x0000000000000330       0x33 ./src/stm32f4xx_it.o

.debug
 *(.debug)

.line
 *(.line)

.debug_srcinfo
 *(.debug_srcinfo)

.debug_sfnames
 *(.debug_sfnames)

.debug_aranges  0x0000000000000000      0x520
 *(.debug_aranges)
 .debug_aranges
                0x0000000000000000       0xc0 ./system/src/stm32f4-hal/stm32f4xx_hal.o
 .debug_aranges
                0x00000000000000c0       0x98 ./system/src/stm32f4-hal/stm32f4xx_hal_cortex.o
 .debug_aranges
                0x0000000000000158       0x58 ./system/src/stm32f4-hal/stm32f4xx_hal_gpio.o
 .debug_aranges
                0x00000000000001b0       0x88 ./system/src/stm32f4-hal/stm32f4xx_hal_rcc.o
 .debug_aranges
                0x0000000000000238       0x28 ./system/src/newlib/_exit.o
 .debug_aranges
                0x0000000000000260       0x40 ./system/src/newlib/_startup.o
 .debug_aranges
                0x00000000000002a0       0x30 ./system/src/newlib/_syscalls.o
 .debug_aranges
                0x00000000000002d0       0x28 ./system/src/cortexm/_initialize_hardware.o
 .debug_aranges
                0x00000000000002f8       0x20 ./system/src/cortexm/_reset_hardware.o
 .debug_aranges
                0x0000000000000318       0x88 ./system/src/cortexm/exception_handlers.o
 .debug_aranges
                0x00000000000003a0       0x28 ./system/src/cmsis/system_stm32f4xx.o
 .debug_aranges
                0x00000000000003c8       0x20 ./system/src/cmsis/vectors_stm32f405xx.o
 .debug_aranges
                0x00000000000003e8       0x38 ./src/Timer.o
 .debug_aranges
                0x0000000000000420       0x28 ./src/_initialize_hardware.o
 .debug_aranges
                0x0000000000000448       0x28 ./src/main 2.o
 .debug_aranges
                0x0000000000000470       0x88 ./src/stm32f4xx_hal_msp.o
 .debug_aranges
                0x00000000000004f8       0x28 ./src/stm32f4xx_it.o

.debug_pubnames
 *(.debug_pubnames)

.debug_info     0x0000000000000000     0x89e0
 *(.debug_info .gnu.linkonce.wi.*)
 .debug_info    0x0000000000000000      0x90a ./system/src/stm32f4-hal/stm32f4xx_hal.o
 .debug_info    0x000000000000090a      0xe55 ./system/src/stm32f4-hal/stm32f4xx_hal_cortex.o
 .debug_info    0x000000000000175f      0x6f5 ./system/src/stm32f4-hal/stm32f4xx_hal_gpio.o
 .debug_info    0x0000000000001e54      0xd1c ./system/src/stm32f4-hal/stm32f4xx_hal_rcc.o
 .debug_info    0x0000000000002b70      0x100 ./system/src/newlib/_exit.o
 .debug_info    0x0000000000002c70      0x4a9 ./system/src/newlib/_startup.o
 .debug_info    0x0000000000003119      0x1a5 ./system/src/newlib/_syscalls.o
 .debug_info    0x00000000000032be      0x2a9 ./system/src/cortexm/_initialize_hardware.o
 .debug_info    0x0000000000003567      0x2b8 ./system/src/cortexm/_reset_hardware.o
 .debug_info    0x000000000000381f      0x55e ./system/src/cortexm/exception_handlers.o
 .debug_info    0x0000000000003d7d      0x4a1 ./system/src/cmsis/system_stm32f4xx.o
 .debug_info    0x000000000000421e       0xcd ./system/src/cmsis/vectors_stm32f405xx.o
 .debug_info    0x00000000000042eb      0x726 ./src/Timer.o
 .debug_info    0x0000000000004a11      0x54e ./src/_initialize_hardware.o
 .debug_info    0x0000000000004f5f     0x1e3b ./src/main 2.o
 .debug_info    0x0000000000006d9a     0x1664 ./src/stm32f4xx_hal_msp.o
 .debug_info    0x00000000000083fe      0x5e2 ./src/stm32f4xx_it.o

.debug_abbrev   0x0000000000000000     0x1d4d
 *(.debug_abbrev)
 .debug_abbrev  0x0000000000000000      0x258 ./system/src/stm32f4-hal/stm32f4xx_hal.o
 .debug_abbrev  0x0000000000000258      0x30a ./system/src/stm32f4-hal/stm32f4xx_hal_cortex.o
 .debug_abbrev  0x0000000000000562      0x1c6 ./system/src/stm32f4-hal/stm32f4xx_hal_gpio.o
 .debug_abbrev  0x0000000000000728      0x33d ./system/src/stm32f4-hal/stm32f4xx_hal_rcc.o
 .debug_abbrev  0x0000000000000a65       0xb8 ./system/src/newlib/_exit.o
 .debug_abbrev  0x0000000000000b1d      0x219 ./system/src/newlib/_startup.o
 .debug_abbrev  0x0000000000000d36       0xe4 ./system/src/newlib/_syscalls.o
 .debug_abbrev  0x0000000000000e1a       0xf5 ./system/src/cortexm/_initialize_hardware.o
 .debug_abbrev  0x0000000000000f0f       0xe7 ./system/src/cortexm/_reset_hardware.o
 .debug_abbrev  0x0000000000000ff6      0x1cc ./system/src/cortexm/exception_handlers.o
 .debug_abbrev  0x00000000000011c2      0x101 ./system/src/cmsis/system_stm32f4xx.o
 .debug_abbrev  0x00000000000012c3       0x9a ./system/src/cmsis/vectors_stm32f405xx.o
 .debug_abbrev  0x000000000000135d      0x1d8 ./src/Timer.o
 .debug_abbrev  0x0000000000001535      0x1c3 ./src/_initialize_hardware.o
 .debug_abbrev  0x00000000000016f8      0x2ac ./src/main 2.o
 .debug_abbrev  0x00000000000019a4      0x229 ./src/stm32f4xx_hal_msp.o
 .debug_abbrev  0x0000000000001bcd      0x180 ./src/stm32f4xx_it.o

.debug_line     0x0000000000000000     0x2a64
 *(.debug_line)
 .debug_line    0x0000000000000000      0x39f ./system/src/stm32f4-hal/stm32f4xx_hal.o
 .debug_line    0x000000000000039f      0x3c8 ./system/src/stm32f4-hal/stm32f4xx_hal_cortex.o
 .debug_line    0x0000000000000767      0x3ad ./system/src/stm32f4-hal/stm32f4xx_hal_gpio.o
 .debug_line    0x0000000000000b14      0x578 ./system/src/stm32f4-hal/stm32f4xx_hal_rcc.o
 .debug_line    0x000000000000108c      0x161 ./system/src/newlib/_exit.o
 .debug_line    0x00000000000011ed      0x112 ./system/src/newlib/_startup.o
 .debug_line    0x00000000000012ff      0x170 ./system/src/newlib/_syscalls.o
 .debug_line    0x000000000000146f      0x1ab ./system/src/cortexm/_initialize_hardware.o
 .debug_line    0x000000000000161a      0x125 ./system/src/cortexm/_reset_hardware.o
 .debug_line    0x000000000000173f      0x24c ./system/src/cortexm/exception_handlers.o
 .debug_line    0x000000000000198b      0x1be ./system/src/cmsis/system_stm32f4xx.o
 .debug_line    0x0000000000001b49       0x5f ./system/src/cmsis/vectors_stm32f405xx.o
 .debug_line    0x0000000000001ba8      0x1eb ./src/Timer.o
 .debug_line    0x0000000000001d93      0x26f ./src/_initialize_hardware.o
 .debug_line    0x0000000000002002      0x430 ./src/main 2.o
 .debug_line    0x0000000000002432      0x412 ./src/stm32f4xx_hal_msp.o
 .debug_line    0x0000000000002844      0x220 ./src/stm32f4xx_it.o

.debug_frame    0x0000000000000000      0xa18
 *(.debug_frame)
 .debug_frame   0x0000000000000000      0x184 ./system/src/stm32f4-hal/stm32f4xx_hal.o
 .debug_frame   0x0000000000000184      0x134 ./system/src/stm32f4-hal/stm32f4xx_hal_cortex.o
 .debug_frame   0x00000000000002b8       0xc4 ./system/src/stm32f4-hal/stm32f4xx_hal_gpio.o
 .debug_frame   0x000000000000037c      0x154 ./system/src/stm32f4-hal/stm32f4xx_hal_rcc.o
 .debug_frame   0x00000000000004d0       0x40 ./system/src/newlib/_exit.o
 .debug_frame   0x0000000000000510       0x80 ./system/src/newlib/_startup.o
 .debug_frame   0x0000000000000590       0x50 ./system/src/newlib/_syscalls.o
 .debug_frame   0x00000000000005e0       0x38 ./system/src/cortexm/_initialize_hardware.o
 .debug_frame   0x0000000000000618       0x20 ./system/src/cortexm/_reset_hardware.o
 .debug_frame   0x0000000000000638       0xf8 ./system/src/cortexm/exception_handlers.o
 .debug_frame   0x0000000000000730       0x30 ./system/src/cmsis/system_stm32f4xx.o
 .debug_frame   0x0000000000000760       0x20 ./system/src/cmsis/vectors_stm32f405xx.o
 .debug_frame   0x0000000000000780       0x5c ./src/Timer.o
 .debug_frame   0x00000000000007dc       0x4c ./src/_initialize_hardware.o
 .debug_frame   0x0000000000000828       0x4c ./src/main 2.o
 .debug_frame   0x0000000000000874      0x168 ./src/stm32f4xx_hal_msp.o
 .debug_frame   0x00000000000009dc       0x3c ./src/stm32f4xx_it.o

.debug_str      0x0000000000000000     0x2858
 *(.debug_str)
 .debug_str     0x0000000000000000      0xa48 ./system/src/stm32f4-hal/stm32f4xx_hal.o
                                        0xaa8 (size before relaxing)
 .debug_str     0x0000000000000a48      0x389 ./system/src/stm32f4-hal/stm32f4xx_hal_cortex.o
                                        0xbee (size before relaxing)
 .debug_str     0x0000000000000dd1      0x1d4 ./system/src/stm32f4-hal/stm32f4xx_hal_gpio.o
                                        0x506 (size before relaxing)
 .debug_str     0x0000000000000fa5      0x2c8 ./system/src/stm32f4-hal/stm32f4xx_hal_rcc.o
                                        0x6e1 (size before relaxing)
 .debug_str     0x000000000000126d       0x4a ./system/src/newlib/_exit.o
                                        0x1ee (size before relaxing)
 .debug_str     0x00000000000012b7      0x1a9 ./system/src/newlib/_startup.o
                                        0x369 (size before relaxing)
 .debug_str     0x0000000000001460       0x4d ./system/src/newlib/_syscalls.o
                                        0x20e (size before relaxing)
 .debug_str     0x00000000000014ad       0x5e ./system/src/cortexm/_initialize_hardware.o
                                        0x2c3 (size before relaxing)
 .debug_str     0x000000000000150b       0x28 ./system/src/cortexm/_reset_hardware.o
                                        0x27e (size before relaxing)
 .debug_str     0x0000000000001533      0x39f ./system/src/cortexm/exception_handlers.o
                                        0x5dd (size before relaxing)
 .debug_str     0x00000000000018d2       0x31 ./system/src/cmsis/system_stm32f4xx.o
                                        0x3b0 (size before relaxing)
 .debug_str     0x0000000000001903       0x59 ./system/src/cmsis/vectors_stm32f405xx.o
                                        0x1ec (size before relaxing)
 .debug_str     0x000000000000195c       0x51 ./src/Timer.o
                                        0x836 (size before relaxing)
 .debug_str     0x00000000000019ad       0x31 ./src/_initialize_hardware.o
                                        0x4fb (size before relaxing)
 .debug_str     0x00000000000019de      0xcf8 ./src/main 2.o
                                       0x17d3 (size before relaxing)
 .debug_str     0x00000000000026d6      0x140 ./src/stm32f4xx_hal_msp.o
                                       0x1404 (size before relaxing)
 .debug_str     0x0000000000002816       0x42 ./src/stm32f4xx_it.o
                                        0x6b6 (size before relaxing)

.debug_loc      0x0000000000000000     0x153d
 *(.debug_loc)
 .debug_loc     0x0000000000000000       0x82 ./system/src/stm32f4-hal/stm32f4xx_hal.o
 .debug_loc     0x0000000000000082      0x31e ./system/src/stm32f4-hal/stm32f4xx_hal_cortex.o
 .debug_loc     0x00000000000003a0      0x3b7 ./system/src/stm32f4-hal/stm32f4xx_hal_gpio.o
 .debug_loc     0x0000000000000757      0x622 ./system/src/stm32f4-hal/stm32f4xx_hal_rcc.o
 .debug_loc     0x0000000000000d79       0x21 ./system/src/newlib/_exit.o
 .debug_loc     0x0000000000000d9a      0x31d ./system/src/newlib/_startup.o
 .debug_loc     0x00000000000010b7       0x63 ./system/src/newlib/_syscalls.o
 .debug_loc     0x000000000000111a       0xd4 ./system/src/cortexm/exception_handlers.o
 .debug_loc     0x00000000000011ee       0xda ./system/src/cmsis/system_stm32f4xx.o
 .debug_loc     0x00000000000012c8       0x88 ./src/Timer.o
 .debug_loc     0x0000000000001350      0x1ed ./src/stm32f4xx_hal_msp.o

.debug_macinfo
 *(.debug_macinfo)

.debug_weaknames
 *(.debug_weaknames)

.debug_funcnames
 *(.debug_funcnames)

.debug_typenames
 *(.debug_typenames)

.debug_varnames
 *(.debug_varnames)
OUTPUT(test2.elf elf32-littlearm)

.debug_ranges   0x0000000000000000      0x7e0
 .debug_ranges  0x0000000000000000       0xb0 ./system/src/stm32f4-hal/stm32f4xx_hal.o
 .debug_ranges  0x00000000000000b0      0x120 ./system/src/stm32f4-hal/stm32f4xx_hal_cortex.o
 .debug_ranges  0x00000000000001d0       0x60 ./system/src/stm32f4-hal/stm32f4xx_hal_gpio.o
 .debug_ranges  0x0000000000000230      0x158 ./system/src/stm32f4-hal/stm32f4xx_hal_rcc.o
 .debug_ranges  0x0000000000000388       0x18 ./system/src/newlib/_exit.o
 .debug_ranges  0x00000000000003a0       0x48 ./system/src/newlib/_startup.o
 .debug_ranges  0x00000000000003e8       0x20 ./system/src/newlib/_syscalls.o
 .debug_ranges  0x0000000000000408       0x18 ./system/src/cortexm/_initialize_hardware.o
 .debug_ranges  0x0000000000000420       0x10 ./system/src/cortexm/_reset_hardware.o
 .debug_ranges  0x0000000000000430       0x78 ./system/src/cortexm/exception_handlers.o
 .debug_ranges  0x00000000000004a8       0x18 ./system/src/cmsis/system_stm32f4xx.o
 .debug_ranges  0x00000000000004c0       0x10 ./system/src/cmsis/vectors_stm32f405xx.o
 .debug_ranges  0x00000000000004d0       0x28 ./src/Timer.o
 .debug_ranges  0x00000000000004f8       0x38 ./src/_initialize_hardware.o
 .debug_ranges  0x0000000000000530      0x160 ./src/main 2.o
 .debug_ranges  0x0000000000000690      0x138 ./src/stm32f4xx_hal_msp.o
 .debug_ranges  0x00000000000007c8       0x18 ./src/stm32f4xx_it.o
