Archive member included because of file (symbol)

/Users/nguyenbui/Documents/Eclipse/ARMToolchain/gcc-arm-none-eabi-4_9-2015q3/bin/../lib/gcc/arm-none-eabi/4.9.3/../../../../arm-none-eabi/lib/armv7e-m/libg_nano.a(lib_a-errno.o)
                              ./system/src/newlib/_sbrk.o (__errno)
/Users/nguyenbui/Documents/Eclipse/ARMToolchain/gcc-arm-none-eabi-4_9-2015q3/bin/../lib/gcc/arm-none-eabi/4.9.3/../../../../arm-none-eabi/lib/armv7e-m/libg_nano.a(lib_a-impure.o)
                              /Users/nguyenbui/Documents/Eclipse/ARMToolchain/gcc-arm-none-eabi-4_9-2015q3/bin/../lib/gcc/arm-none-eabi/4.9.3/../../../../arm-none-eabi/lib/armv7e-m/libg_nano.a(lib_a-errno.o) (_impure_ptr)
/Users/nguyenbui/Documents/Eclipse/ARMToolchain/gcc-arm-none-eabi-4_9-2015q3/bin/../lib/gcc/arm-none-eabi/4.9.3/../../../../arm-none-eabi/lib/armv7e-m/libg_nano.a(lib_a-memset.o)
                              ./system/src/stm32f4-hal/stm32f4xx_hal_sd.o (memset)

Allocating common symbols
Common symbol       size              file

timer_delayCount    0x4               ./src/Timer.o
errno               0x4               ./system/src/newlib/_syscalls.o
pFlash              0x20              ./system/src/stm32f4-hal/stm32f4xx_hal_flash.o

Discarded input sections

 .text          0x0000000000000000        0x0 ./system/src/stm32f4-hal/stm32f4xx_hal.o
 .data          0x0000000000000000        0x0 ./system/src/stm32f4-hal/stm32f4xx_hal.o
 .bss           0x0000000000000000        0x0 ./system/src/stm32f4-hal/stm32f4xx_hal.o
 .text.HAL_MspDeInit
                0x0000000000000000        0x2 ./system/src/stm32f4-hal/stm32f4xx_hal.o
 .text.HAL_DeInit
                0x0000000000000000       0x2c ./system/src/stm32f4-hal/stm32f4xx_hal.o
 .text.HAL_Delay
                0x0000000000000000       0x1a ./system/src/stm32f4-hal/stm32f4xx_hal.o
 .text.HAL_SuspendTick
                0x0000000000000000       0x10 ./system/src/stm32f4-hal/stm32f4xx_hal.o
 .text.HAL_ResumeTick
                0x0000000000000000       0x10 ./system/src/stm32f4-hal/stm32f4xx_hal.o
 .text.HAL_GetHalVersion
                0x0000000000000000        0x8 ./system/src/stm32f4-hal/stm32f4xx_hal.o
 .text.HAL_GetREVID
                0x0000000000000000        0xc ./system/src/stm32f4-hal/stm32f4xx_hal.o
 .text.HAL_GetDEVID
                0x0000000000000000       0x10 ./system/src/stm32f4-hal/stm32f4xx_hal.o
 .text.HAL_DBGMCU_EnableDBGSleepMode
                0x0000000000000000       0x10 ./system/src/stm32f4-hal/stm32f4xx_hal.o
 .text.HAL_DBGMCU_DisableDBGSleepMode
                0x0000000000000000       0x10 ./system/src/stm32f4-hal/stm32f4xx_hal.o
 .text.HAL_DBGMCU_EnableDBGStopMode
                0x0000000000000000       0x10 ./system/src/stm32f4-hal/stm32f4xx_hal.o
 .text.HAL_DBGMCU_DisableDBGStopMode
                0x0000000000000000       0x10 ./system/src/stm32f4-hal/stm32f4xx_hal.o
 .text.HAL_DBGMCU_EnableDBGStandbyMode
                0x0000000000000000       0x10 ./system/src/stm32f4-hal/stm32f4xx_hal.o
 .text.HAL_DBGMCU_DisableDBGStandbyMode
                0x0000000000000000       0x10 ./system/src/stm32f4-hal/stm32f4xx_hal.o
 .text.HAL_EnableCompensationCell
                0x0000000000000000       0x18 ./system/src/stm32f4-hal/stm32f4xx_hal.o
 .text.HAL_DisableCompensationCell
                0x0000000000000000       0x18 ./system/src/stm32f4-hal/stm32f4xx_hal.o
 .text          0x0000000000000000        0x0 ./system/src/stm32f4-hal/stm32f4xx_hal_adc.o
 .data          0x0000000000000000        0x0 ./system/src/stm32f4-hal/stm32f4xx_hal_adc.o
 .bss           0x0000000000000000        0x0 ./system/src/stm32f4-hal/stm32f4xx_hal_adc.o
 .text.HAL_ADC_MspInit
                0x0000000000000000        0x2 ./system/src/stm32f4-hal/stm32f4xx_hal_adc.o
 .text.HAL_ADC_Init
                0x0000000000000000      0x138 ./system/src/stm32f4-hal/stm32f4xx_hal_adc.o
 .text.HAL_ADC_MspDeInit
                0x0000000000000000        0x2 ./system/src/stm32f4-hal/stm32f4xx_hal_adc.o
 .text.HAL_ADC_DeInit
                0x0000000000000000       0x1e ./system/src/stm32f4-hal/stm32f4xx_hal_adc.o
 .text.HAL_ADC_Start
                0x0000000000000000       0xa8 ./system/src/stm32f4-hal/stm32f4xx_hal_adc.o
 .text.HAL_ADC_Stop
                0x0000000000000000       0x14 ./system/src/stm32f4-hal/stm32f4xx_hal_adc.o
 .text.HAL_ADC_PollForConversion
                0x0000000000000000       0x66 ./system/src/stm32f4-hal/stm32f4xx_hal_adc.o
 .text.HAL_ADC_PollForEvent
                0x0000000000000000       0x58 ./system/src/stm32f4-hal/stm32f4xx_hal_adc.o
 .text.HAL_ADC_Start_IT
                0x0000000000000000       0xbc ./system/src/stm32f4-hal/stm32f4xx_hal_adc.o
 .text.HAL_ADC_Stop_IT
                0x0000000000000000       0x24 ./system/src/stm32f4-hal/stm32f4xx_hal_adc.o
 .text.HAL_ADC_Start_DMA
                0x0000000000000000       0xa8 ./system/src/stm32f4-hal/stm32f4xx_hal_adc.o
 .text.HAL_ADC_Stop_DMA
[...]
Memory Configuration

Name             Origin             Length             Attributes
RAM              0x0000000020000000 0x0000000000020000 xrw
CCMRAM           0x0000000010000000 0x0000000000010000 xrw
FLASH            0x0000000008000000 0x0000000000100000 xr
FLASHB1          0x0000000000000000 0x0000000000000000 xr
EXTMEMB0         0x0000000000000000 0x0000000000000000 xr
EXTMEMB1         0x0000000000000000 0x0000000000000000 xr
EXTMEMB2         0x0000000000000000 0x0000000000000000 xr
EXTMEMB3         0x0000000000000000 0x0000000000000000 xr
MEMORY_ARRAY     0x0000000020002000 0x0000000000000020 xrw
*default*        0x0000000000000000 0xffffffffffffffff

Linker script and memory map

LOAD ./system/src/stm32f4-hal/stm32f4xx_hal.o
LOAD ./system/src/stm32f4-hal/stm32f4xx_hal_adc.o
LOAD ./system/src/stm32f4-hal/stm32f4xx_hal_adc_ex.o
LOAD ./system/src/stm32f4-hal/stm32f4xx_hal_can.o
LOAD ./system/src/stm32f4-hal/stm32f4xx_hal_cec.o
LOAD ./system/src/stm32f4-hal/stm32f4xx_hal_cortex.o
LOAD ./system/src/stm32f4-hal/stm32f4xx_hal_crc.o
LOAD ./system/src/stm32f4-hal/stm32f4xx_hal_cryp.o
LOAD ./system/src/stm32f4-hal/stm32f4xx_hal_cryp_ex.o
LOAD ./system/src/stm32f4-hal/stm32f4xx_hal_dac.o
LOAD ./system/src/stm32f4-hal/stm32f4xx_hal_dac_ex.o
LOAD ./system/src/stm32f4-hal/stm32f4xx_hal_dcmi.o
LOAD ./system/src/stm32f4-hal/stm32f4xx_hal_dcmi_ex.o
LOAD ./system/src/stm32f4-hal/stm32f4xx_hal_dma.o
LOAD ./system/src/stm32f4-hal/stm32f4xx_hal_dma2d.o
LOAD ./system/src/stm32f4-hal/stm32f4xx_hal_dma_ex.o
LOAD ./system/src/stm32f4-hal/stm32f4xx_hal_dsi.o
LOAD ./system/src/stm32f4-hal/stm32f4xx_hal_eth.o
LOAD ./system/src/stm32f4-hal/stm32f4xx_hal_flash.o
LOAD ./system/src/stm32f4-hal/stm32f4xx_hal_flash_ex.o
LOAD ./system/src/stm32f4-hal/stm32f4xx_hal_flash_ramfunc.o
LOAD ./system/src/stm32f4-hal/stm32f4xx_hal_fmpi2c.o
LOAD ./system/src/stm32f4-hal/stm32f4xx_hal_fmpi2c_ex.o
LOAD ./system/src/stm32f4-hal/stm32f4xx_hal_gpio.o
LOAD ./system/src/stm32f4-hal/stm32f4xx_hal_hash.o
LOAD ./system/src/stm32f4-hal/stm32f4xx_hal_hash_ex.o
LOAD ./system/src/stm32f4-hal/stm32f4xx_hal_hcd.o
LOAD ./system/src/stm32f4-hal/stm32f4xx_hal_i2c.o
LOAD ./system/src/stm32f4-hal/stm32f4xx_hal_i2c_ex.o
LOAD ./system/src/stm32f4-hal/stm32f4xx_hal_i2s.o
LOAD ./system/src/stm32f4-hal/stm32f4xx_hal_i2s_ex.o
LOAD ./system/src/stm32f4-hal/stm32f4xx_hal_irda.o
LOAD ./system/src/stm32f4-hal/stm32f4xx_hal_iwdg.o
LOAD ./system/src/stm32f4-hal/stm32f4xx_hal_lptim.o
LOAD ./system/src/stm32f4-hal/stm32f4xx_hal_ltdc.o
LOAD ./system/src/stm32f4-hal/stm32f4xx_hal_ltdc_ex.o
LOAD ./system/src/stm32f4-hal/stm32f4xx_hal_nand.o
LOAD ./system/src/stm32f4-hal/stm32f4xx_hal_nor.o
LOAD ./system/src/stm32f4-hal/stm32f4xx_hal_pccard.o
LOAD ./system/src/stm32f4-hal/stm32f4xx_hal_pcd.o
LOAD ./system/src/stm32f4-hal/stm32f4xx_hal_pcd_ex.o
LOAD ./system/src/stm32f4-hal/stm32f4xx_hal_pwr.o
LOAD ./system/src/stm32f4-hal/stm32f4xx_hal_pwr_ex.o
LOAD ./system/src/stm32f4-hal/stm32f4xx_hal_qspi.o
LOAD ./system/src/stm32f4-hal/stm32f4xx_hal_rcc.o
LOAD ./system/src/stm32f4-hal/stm32f4xx_hal_rcc_ex.o
LOAD ./system/src/stm32f4-hal/stm32f4xx_hal_rng.o
LOAD ./system/src/stm32f4-hal/stm32f4xx_hal_rtc.o
LOAD ./system/src/stm32f4-hal/stm32f4xx_hal_rtc_ex.o
LOAD ./system/src/stm32f4-hal/stm32f4xx_hal_sai.o
LOAD ./system/src/stm32f4-hal/stm32f4xx_hal_sai_ex.o
LOAD ./system/src/stm32f4-hal/stm32f4xx_hal_sd.o
LOAD ./system/src/stm32f4-hal/stm32f4xx_hal_sdram.o
LOAD ./system/src/stm32f4-hal/stm32f4xx_hal_smartcard.o
LOAD ./system/src/stm32f4-hal/stm32f4xx_hal_spdifrx.o
LOAD ./system/src/stm32f4-hal/stm32f4xx_hal_spi.o
LOAD ./system/src/stm32f4-hal/stm32f4xx_hal_sram.o
LOAD ./system/src/stm32f4-hal/stm32f4xx_hal_tim.o
LOAD ./system/src/stm32f4-hal/stm32f4xx_hal_tim_ex.o
LOAD ./system/src/stm32f4-hal/stm32f4xx_hal_uart.o
LOAD ./system/src/stm32f4-hal/stm32f4xx_hal_usart.o
LOAD ./system/src/stm32f4-hal/stm32f4xx_hal_wwdg.o
LOAD ./system/src/stm32f4-hal/stm32f4xx_ll_fmc.o
LOAD ./system/src/stm32f4-hal/stm32f4xx_ll_fsmc.o
LOAD ./system/src/stm32f4-hal/stm32f4xx_ll_sdmmc.o
LOAD ./system/src/stm32f4-hal/stm32f4xx_ll_usb.o
LOAD ./system/src/newlib/_cxx.o
LOAD ./system/src/newlib/_exit.o
LOAD ./system/src/newlib/_sbrk.o
LOAD ./system/src/newlib/_startup.o
LOAD ./system/src/newlib/_syscalls.o
LOAD ./system/src/newlib/assert.o
LOAD ./system/src/diag/Trace.o
LOAD ./system/src/diag/trace_impl.o
LOAD ./system/src/cortexm/_initialize_hardware.o
LOAD ./system/src/cortexm/_reset_hardware.o
LOAD ./system/src/cortexm/exception_handlers.o
LOAD ./system/src/cmsis/system_stm32f4xx.o
LOAD ./system/src/cmsis/vectors_stm32f405xx.o
LOAD ./src/Led.o
LOAD ./src/Timer.o
LOAD ./src/_initialize_hardware.o
LOAD ./src/_write.o
LOAD ./src/main.o
LOAD /Users/nguyenbui/Documents/Eclipse/ARMToolchain/gcc-arm-none-eabi-4_9-2015q3/bin/../lib/gcc/arm-none-eabi/4.9.3/../../../../arm-none-eabi/lib/armv7e-m/libstdc++_nano.a
LOAD /Users/nguyenbui/Documents/Eclipse/ARMToolchain/gcc-arm-none-eabi-4_9-2015q3/bin/../lib/gcc/arm-none-eabi/4.9.3/../../../../arm-none-eabi/lib/armv7e-m/libm.a
START GROUP
LOAD /Users/nguyenbui/Documents/Eclipse/ARMToolchain/gcc-arm-none-eabi-4_9-2015q3/bin/../lib/gcc/arm-none-eabi/4.9.3/armv7e-m/libgcc.a
LOAD /Users/nguyenbui/Documents/Eclipse/ARMToolchain/gcc-arm-none-eabi-4_9-2015q3/bin/../lib/gcc/arm-none-eabi/4.9.3/../../../../arm-none-eabi/lib/armv7e-m/libg_nano.a
LOAD /Users/nguyenbui/Documents/Eclipse/ARMToolchain/gcc-arm-none-eabi-4_9-2015q3/bin/../lib/gcc/arm-none-eabi/4.9.3/../../../../arm-none-eabi/lib/armv7e-m/libc_nano.a
END GROUP
START GROUP
LOAD /Users/nguyenbui/Documents/Eclipse/ARMToolchain/gcc-arm-none-eabi-4_9-2015q3/bin/../lib/gcc/arm-none-eabi/4.9.3/armv7e-m/libgcc.a
LOAD /Users/nguyenbui/Documents/Eclipse/ARMToolchain/gcc-arm-none-eabi-4_9-2015q3/bin/../lib/gcc/arm-none-eabi/4.9.3/../../../../arm-none-eabi/lib/armv7e-m/libc_nano.a
END GROUP
                0x0000000020020000                __stack = (ORIGIN (RAM) + 0x20000)
                0x0000000020020000                _estack = __stack
                0x0000000000000400                __Main_Stack_Size = 0x400
                0x0000000000000400                PROVIDE (_Main_Stack_Size, __Main_Stack_Size)
                0x000000002001fc00                __Main_Stack_Limit = (__stack - __Main_Stack_Size)
                0x000000002001fc00                PROVIDE (_Main_Stack_Limit, __Main_Stack_Limit)
                0x0000000000000100                _Minimum_Stack_Size = 0x100
                0x0000000020000018                PROVIDE (_Heap_Begin, _end_noinit)
                0x000000002001fc00                PROVIDE (_Heap_Limit, (__stack - __Main_Stack_Size))

.isr_vector     0x0000000008000000      0x2ea
 FILL mask 0xff
                0x0000000008000000                __vectors_start = ABSOLUTE (.)
                0x0000000008000000                __vectors_start__ = ABSOLUTE (.)
 *(.isr_vector)
 .isr_vector    0x0000000008000000      0x188 ./system/src/cmsis/vectors_stm32f405xx.o
                0x0000000008000000                __isr_vectors
 *(.cfmconfig)
 *(.after_vectors .after_vectors.*)
 .after_vectors
                0x0000000008000188       0xd4 ./system/src/newlib/_startup.o
                0x0000000008000188                _start
 .after_vectors
                0x000000000800025c       0x8c ./system/src/cortexm/exception_handlers.o
                0x000000000800025c                Reset_Handler
                0x0000000008000260                NMI_Handler
                0x0000000008000262                HardFault_Handler
                0x0000000008000276                HardFault_Handler_C
                0x00000000080002a0                MemManage_Handler
                0x00000000080002a2                BusFault_Handler
                0x00000000080002b6                BusFault_Handler_C
                0x00000000080002b8                UsageFault_Handler
                0x00000000080002cc                UsageFault_Handler_C
                0x00000000080002ce                SVC_Handler
                0x00000000080002d0                DebugMon_Handler
                0x00000000080002d2                PendSV_Handler
 .after_vectors
                0x00000000080002e8        0x2 ./system/src/cmsis/vectors_stm32f405xx.o
                0x00000000080002e8                DMA1_Stream3_IRQHandler
                0x00000000080002e8                HASH_RNG_IRQHandler
                0x00000000080002e8                EXTI2_IRQHandler
                0x00000000080002e8                TIM8_CC_IRQHandler
                0x00000000080002e8                TIM1_CC_IRQHandler
                0x00000000080002e8                DMA2_Stream5_IRQHandler
                0x00000000080002e8                DMA1_Stream5_IRQHandler
                0x00000000080002e8                PVD_IRQHandler
                0x00000000080002e8                SDIO_IRQHandler
                0x00000000080002e8                TAMP_STAMP_IRQHandler
                0x00000000080002e8                CAN2_RX1_IRQHandler
                0x00000000080002e8                EXTI3_IRQHandler
                0x00000000080002e8                TIM8_TRG_COM_TIM14_IRQHandler
                0x00000000080002e8                TIM1_UP_TIM10_IRQHandler
                0x00000000080002e8                TIM8_UP_TIM13_IRQHandler
                0x00000000080002e8                I2C3_ER_IRQHandler
                0x00000000080002e8                EXTI0_IRQHandler
                0x00000000080002e8                I2C2_EV_IRQHandler
                0x00000000080002e8                DMA1_Stream2_IRQHandler
                0x00000000080002e8                CAN1_RX0_IRQHandler
                0x00000000080002e8                FPU_IRQHandler
                0x00000000080002e8                OTG_HS_WKUP_IRQHandler
                0x00000000080002e8                CAN2_SCE_IRQHandler
                0x00000000080002e8                DMA2_Stream2_IRQHandler
                0x00000000080002e8                SPI1_IRQHandler
                0x00000000080002e8                TIM6_DAC_IRQHandler
                0x00000000080002e8                TIM1_BRK_TIM9_IRQHandler
                0x00000000080002e8                CAN2_RX0_IRQHandler
                0x00000000080002e8                DMA2_Stream3_IRQHandler
                0x00000000080002e8                USART6_IRQHandler
                0x00000000080002e8                USART3_IRQHandler
                0x00000000080002e8                CAN1_RX1_IRQHandler
                0x00000000080002e8                UART5_IRQHandler
                0x00000000080002e8                DMA2_Stream0_IRQHandler
                0x00000000080002e8                TIM4_IRQHandler
                0x00000000080002e8                I2C1_EV_IRQHandler
                0x00000000080002e8                DMA1_Stream6_IRQHandler
                0x00000000080002e8                DMA1_Stream1_IRQHandler
                0x00000000080002e8                UART4_IRQHandler
                0x00000000080002e8                TIM3_IRQHandler
                0x00000000080002e8                RCC_IRQHandler
                0x00000000080002e8                TIM8_BRK_TIM12_IRQHandler
                0x00000000080002e8                Default_Handler
                0x00000000080002e8                EXTI15_10_IRQHandler
                0x00000000080002e8                ADC_IRQHandler
                0x00000000080002e8                DMA1_Stream7_IRQHandler
                0x00000000080002e8                TIM7_IRQHandler
                0x00000000080002e8                CAN2_TX_IRQHandler
                0x00000000080002e8                TIM5_IRQHandler
                0x00000000080002e8                DMA2_Stream7_IRQHandler
                0x00000000080002e8                I2C3_EV_IRQHandler
                0x00000000080002e8                EXTI9_5_IRQHandler
                0x00000000080002e8                RTC_WKUP_IRQHandler
                0x00000000080002e8                SPI2_IRQHandler
                0x00000000080002e8                OTG_HS_EP1_IN_IRQHandler
                0x00000000080002e8                DMA1_Stream0_IRQHandler
                0x00000000080002e8                CAN1_TX_IRQHandler
                0x00000000080002e8                EXTI4_IRQHandler
                0x00000000080002e8                OTG_HS_EP1_OUT_IRQHandler
                0x00000000080002e8                WWDG_IRQHandler
                0x00000000080002e8                TIM2_IRQHandler
                0x00000000080002e8                OTG_FS_WKUP_IRQHandler
                0x00000000080002e8                TIM1_TRG_COM_TIM11_IRQHandler
                0x00000000080002e8                OTG_HS_IRQHandler
                0x00000000080002e8                EXTI1_IRQHandler
                0x00000000080002e8                USART2_IRQHandler
                0x00000000080002e8                I2C2_ER_IRQHandler
                0x00000000080002e8                DMA2_Stream1_IRQHandler
                0x00000000080002e8                CAN1_SCE_IRQHandler
                0x00000000080002e8                FLASH_IRQHandler
                0x00000000080002e8                DMA2_Stream4_IRQHandler
                0x00000000080002e8                USART1_IRQHandler
                0x00000000080002e8                OTG_FS_IRQHandler
                0x00000000080002e8                SPI3_IRQHandler
                0x00000000080002e8                DMA1_Stream4_IRQHandler
                0x00000000080002e8                I2C1_ER_IRQHandler
                0x00000000080002e8                FMC_IRQHandler
                0x00000000080002e8                DMA2_Stream6_IRQHandler
                0x00000000080002e8                RTC_Alarm_IRQHandler

.inits          0x00000000080002ec       0x28
                0x00000000080002ec                __data_regions_array_start = .
                0x00000000080002ec        0x4 LONG 0x800101c LOADADDR (.data)
                0x00000000080002f0        0x4 LONG 0x20000000 ADDR (.data)
                0x00000000080002f4        0x4 LONG 0x2000000c (ADDR (.data) + SIZEOF (.data))
                0x00000000080002f8        0x4 LONG 0x800101c LOADADDR (.data_CCMRAM)
                0x00000000080002fc        0x4 LONG 0x10000000 ADDR (.data_CCMRAM)
                0x0000000008000300        0x4 LONG 0x10000000 (ADDR (.data_CCMRAM) + SIZEOF (.data_CCMRAM))
                0x0000000008000304                __data_regions_array_end = .
                0x0000000008000304                __bss_regions_array_start = .
                0x0000000008000304        0x4 LONG 0x2000000c ADDR (.bss)
                0x0000000008000308        0x4 LONG 0x20000018 (ADDR (.bss) + SIZEOF (.bss))
                0x000000000800030c        0x4 LONG 0x10000000 ADDR (.bss_CCMRAM)
                0x0000000008000310        0x4 LONG 0x10000000 (ADDR (.bss_CCMRAM) + SIZEOF (.bss_CCMRAM))
                0x0000000008000314                __bss_regions_array_end = .
 *(.init)
 *(.fini)
                0x0000000008000314                . = ALIGN (0x4)
                0x0000000008000314                PROVIDE (__preinit_array_start, .)
 *(.preinit_array_sysinit .preinit_array_sysinit.*)
 *(.preinit_array_platform .preinit_array_platform.*)
 *(.preinit_array .preinit_array.*)
                0x0000000008000314                PROVIDE (__preinit_array_end, .)
                0x0000000008000314                . = ALIGN (0x4)
                0x0000000008000314                PROVIDE (__init_array_start, .)
 *(SORT(.init_array.*))
 *(.init_array)
                0x0000000008000314                PROVIDE (__init_array_end, .)
                0x0000000008000314                . = ALIGN (0x4)
                0x0000000008000314                PROVIDE (__fini_array_start, .)
 *(SORT(.fini_array.*))
 *(.fini_array)
                0x0000000008000314                PROVIDE (__fini_array_end, .)

.flashtext
 *(.flashtext .flashtext.*)

.text           0x0000000008000314      0xd08
 *(.text .text.*)
 .text.HAL_MspInit
                0x0000000008000314        0x2 ./system/src/stm32f4-hal/stm32f4xx_hal.o
                0x0000000008000314                HAL_MspInit
 .text.HAL_InitTick
                0x0000000008000316       0x24 ./system/src/stm32f4-hal/stm32f4xx_hal.o
                0x0000000008000316                HAL_InitTick
 *fill*         0x000000000800033a        0x2 
 .text.HAL_Init
                0x000000000800033c       0x34 ./system/src/stm32f4-hal/stm32f4xx_hal.o
                0x000000000800033c                HAL_Init
 .text.HAL_IncTick
                0x0000000008000370       0x10 ./system/src/stm32f4-hal/stm32f4xx_hal.o
                0x0000000008000370                HAL_IncTick
 .text.HAL_GetTick
                0x0000000008000380        0xc ./system/src/stm32f4-hal/stm32f4xx_hal.o
                0x0000000008000380                HAL_GetTick
 .text.HAL_NVIC_SetPriorityGrouping
                0x000000000800038c       0x24 ./system/src/stm32f4-hal/stm32f4xx_hal_cortex.o
                0x000000000800038c                HAL_NVIC_SetPriorityGrouping
 .text.HAL_NVIC_SetPriority
                0x00000000080003b0       0x60 ./system/src/stm32f4-hal/stm32f4xx_hal_cortex.o
                0x00000000080003b0                HAL_NVIC_SetPriority
 .text.HAL_SYSTICK_Config
                0x0000000008000410       0x2c ./system/src/stm32f4-hal/stm32f4xx_hal_cortex.o
                0x0000000008000410                HAL_SYSTICK_Config
 .text.HAL_SYSTICK_CLKSourceConfig
                0x000000000800043c       0x18 ./system/src/stm32f4-hal/stm32f4xx_hal_cortex.o
                0x000000000800043c                HAL_SYSTICK_CLKSourceConfig
 .text.HAL_GPIO_Init
                0x0000000008000454      0x1c8 ./system/src/stm32f4-hal/stm32f4xx_hal_gpio.o
                0x0000000008000454                HAL_GPIO_Init
 .text.HAL_GPIO_WritePin
                0x000000000800061c        0x8 ./system/src/stm32f4-hal/stm32f4xx_hal_gpio.o
                0x000000000800061c                HAL_GPIO_WritePin
 .text.HAL_RCC_OscConfig
                0x0000000008000624      0x310 ./system/src/stm32f4-hal/stm32f4xx_hal_rcc.o
                0x0000000008000624                HAL_RCC_OscConfig
 .text.HAL_RCC_ClockConfig
                0x0000000008000934      0x208 ./system/src/stm32f4-hal/stm32f4xx_hal_rcc.o
                0x0000000008000934                HAL_RCC_ClockConfig
 .text.HAL_RCC_GetSysClockFreq
                0x0000000008000b3c       0x7c ./system/src/stm32f4-hal/stm32f4xx_hal_rcc.o
                0x0000000008000b3c                HAL_RCC_GetSysClockFreq
 .text.HAL_RCC_GetHCLKFreq
                0x0000000008000bb8       0x34 ./system/src/stm32f4-hal/stm32f4xx_hal_rcc.o
                0x0000000008000bb8                HAL_RCC_GetHCLKFreq
 .text._exit    0x0000000008000bec        0x6 ./system/src/newlib/_exit.o
                0x0000000008000bec                _exit
 *fill*         0x0000000008000bf2        0x2 
 .text.__initialize_args
                0x0000000008000bf4       0x10 ./system/src/newlib/_syscalls.o
                0x0000000008000bf4                __initialize_args
 .text.__initialize_hardware_early
                0x0000000008000c04       0x18 ./system/src/cortexm/_initialize_hardware.o
                0x0000000008000c04                __initialize_hardware_early
 .text.__reset_hardware
                0x0000000008000c1c       0x24 ./system/src/cortexm/_reset_hardware.o
                0x0000000008000c1c                __reset_hardware
 .text.isSemihosting
                0x0000000008000c40       0x1c ./system/src/cortexm/exception_handlers.o
                0x0000000008000c40                isSemihosting
 .text.SystemInit
                0x0000000008000c5c       0x40 ./system/src/cmsis/system_stm32f4xx.o
                0x0000000008000c5c                SystemInit
 .text.SystemCoreClockUpdate
                0x0000000008000c9c       0x78 ./system/src/cmsis/system_stm32f4xx.o
                0x0000000008000c9c                SystemCoreClockUpdate
 .text.led_init
                0x0000000008000d14       0x80 ./src/Led.o
                0x0000000008000d14                led_init
 .text.timer_sleep
                0x0000000008000d94       0x10 ./src/Timer.o
                0x0000000008000d94                timer_sleep
 .text.timer_tick
                0x0000000008000da4       0x14 ./src/Timer.o
                0x0000000008000da4                timer_tick
 .text.SysTick_Handler
                0x0000000008000db8        0xe ./src/Timer.o
                0x0000000008000db8                SysTick_Handler
 *fill*         0x0000000008000dc6        0x2 
 .text.SystemClock_Config
                0x0000000008000dc8       0x9c ./src/_initialize_hardware.o
                0x0000000008000dc8                SystemClock_Config
 .text.__initialize_hardware
                0x0000000008000e64       0x12 ./src/_initialize_hardware.o
                0x0000000008000e64                __initialize_hardware
 *fill*         0x0000000008000e76        0x2 
 .text.startup.main
                0x0000000008000e78      0x184 ./src/main.o
                0x0000000008000e78                main
 *(.rodata .rodata.* .constdata .constdata.*)
 .rodata.APBAHBPrescTable
                0x0000000008000ffc       0x10 ./system/src/stm32f4-hal/stm32f4xx_hal_rcc.o
                0x0000000008000ffc                APBAHBPrescTable
 .rodata.AHBPrescTable
                0x000000000800100c       0x10 ./system/src/cmsis/system_stm32f4xx.o
                0x000000000800100c                AHBPrescTable
 *(vtable)
 *(.eh_frame*)
 *(.glue_7)
 .glue_7        0x0000000000000000        0x0 linker stubs
 *(.glue_7t)
 .glue_7t       0x0000000000000000        0x0 linker stubs

.vfp11_veneer   0x000000000800101c        0x0
 .vfp11_veneer  0x0000000000000000        0x0 linker stubs

.v4_bx          0x000000000800101c        0x0
 .v4_bx         0x0000000000000000        0x0 linker stubs

.iplt           0x000000000800101c        0x0
 .iplt          0x0000000000000000        0x0 ./system/src/stm32f4-hal/stm32f4xx_hal.o

.rel.dyn        0x000000000800101c        0x0
 .rel.iplt      0x0000000000000000        0x0 ./system/src/stm32f4-hal/stm32f4xx_hal.o

.ARM.extab
 *(.ARM.extab* .gnu.linkonce.armextab.*)
                0x000000000800101c                . = ALIGN (0x4)
                0x000000000800101c                __exidx_start = .

.ARM.exidx
 *(.ARM.exidx* .gnu.linkonce.armexidx.*)
                0x000000000800101c                __exidx_end = .
                0x000000000800101c                . = ALIGN (0x4)
                0x000000000800101c                _etext = .
                0x000000000800101c                __etext = .

.data_CCMRAM    0x0000000010000000        0x0 load address 0x000000000800101c
 FILL mask 0xff
 *(.data.CCMRAM .data.CCMRAM.*)
                0x0000000010000000                . = ALIGN (0x4)
                0x000000000800101c                _sidata = LOADADDR (.data)

.data           0x0000000020000000        0xc load address 0x000000000800101c
 FILL mask 0xff
                0x0000000020000000                _sdata = .
                0x0000000020000000                __data_start__ = .
 *(.data_begin .data_begin.*)
 *(.data .data.*)
 .data.argv.4160
                0x0000000020000000        0x8 ./system/src/newlib/_syscalls.o
 .data.SystemCoreClock
                0x0000000020000008        0x4 ./system/src/cmsis/system_stm32f4xx.o
                0x0000000020000008                SystemCoreClock
 *(.data_end .data_end.*)
                0x000000002000000c                . = ALIGN (0x4)
                0x000000002000000c                _edata = .
                0x000000002000000c                __data_end__ = .

.igot.plt       0x000000002000000c        0x0 load address 0x0000000008001028
 .igot.plt      0x0000000000000000        0x0 ./system/src/stm32f4-hal/stm32f4xx_hal.o

.bss_CCMRAM     0x0000000010000000        0x0
 *(.bss.CCMRAM .bss.CCMRAM.*)

.bss            0x000000002000000c        0xc
                0x000000002000000c                __bss_start__ = .
                0x000000002000000c                _sbss = .
 *(.bss_begin .bss_begin.*)
 *(.bss .bss.*)
 .bss.uwTick    0x000000002000000c        0x4 ./system/src/stm32f4-hal/stm32f4xx_hal.o
 .bss.name.4159
                0x0000000020000010        0x1 ./system/src/newlib/_syscalls.o
 *(COMMON)
 *fill*         0x0000000020000011        0x3 
 COMMON         0x0000000020000014        0x4 ./src/Timer.o
                0x0000000020000014                timer_delayCount
 *(.bss_end .bss_end.*)
                0x0000000020000018                . = ALIGN (0x4)
                0x0000000020000018                __bss_end__ = .
                0x0000000020000018                _ebss = .

.noinit_CCMRAM
 *(.noinit.CCMRAM .noinit.CCMRAM.*)

.noinit         0x0000000020000018        0x0
                0x0000000020000018                _noinit = .
 *(.noinit .noinit.*)
                0x0000000020000018                . = ALIGN (0x4)
                0x0000000020000018                _end_noinit = .
                0x0000000020000018                PROVIDE (end, _end_noinit)
                0x0000000020000018                PROVIDE (_end, _end_noinit)
                0x0000000020000018                PROVIDE (__end, _end_noinit)
                0x0000000020000018                PROVIDE (__end__, _end_noinit)

._check_stack   0x0000000020000018      0x100
                0x0000000020000118                . = (. + _Minimum_Stack_Size)
 *fill*         0x0000000020000018      0x100 

.b1text
 *(.b1text)
 *(.b1rodata)
 *(.b1rodata.*)

.eb0text
 *(.eb0text)
 *(.eb0rodata)
 *(.eb0rodata.*)

.eb1text
 *(.eb1text)
 *(.eb1rodata)
 *(.eb1rodata.*)

.eb2text
 *(.eb2text)
 *(.eb2rodata)
 *(.eb2rodata.*)

.eb3text
 *(.eb3text)
 *(.eb3rodata)
 *(.eb3rodata.*)

.stab
 *(.stab)

.stabstr
 *(.stabstr)

.stab.excl
 *(.stab.excl)

.stab.exclstr
 *(.stab.exclstr)

.stab.index
 *(.stab.index)

.stab.indexstr
 *(.stab.indexstr)

.comment        0x0000000000000000       0x70
 *(.comment)
 .comment       0x0000000000000000       0x70 ./system/src/stm32f4-hal/stm32f4xx_hal.o
                                         0x71 (size before relaxing)
 .comment       0x0000000000000000       0x71 ./system/src/stm32f4-hal/stm32f4xx_hal_cortex.o
 .comment       0x0000000000000000       0x71 ./system/src/stm32f4-hal/stm32f4xx_hal_gpio.o
 .comment       0x0000000000000000       0x71 ./system/src/stm32f4-hal/stm32f4xx_hal_rcc.o
 .comment       0x0000000000000000       0x71 ./system/src/newlib/_exit.o
 .comment       0x0000000000000000       0x71 ./system/src/newlib/_startup.o
 .comment       0x0000000000000000       0x71 ./system/src/newlib/_syscalls.o
 .comment       0x0000000000000000       0x71 ./system/src/cortexm/_initialize_hardware.o
 .comment       0x0000000000000000       0x71 ./system/src/cortexm/_reset_hardware.o
 .comment       0x0000000000000000       0x71 ./system/src/cortexm/exception_handlers.o
 .comment       0x0000000000000000       0x71 ./system/src/cmsis/system_stm32f4xx.o
 .comment       0x0000000000000000       0x71 ./system/src/cmsis/vectors_stm32f405xx.o
 .comment       0x0000000000000000       0x71 ./src/Led.o
 .comment       0x0000000000000000       0x71 ./src/Timer.o
 .comment       0x0000000000000000       0x71 ./src/_initialize_hardware.o
 .comment       0x0000000000000000       0x71 ./src/main.o

.ARM.attributes
                0x0000000000000000       0x33
 .ARM.attributes
                0x0000000000000000       0x33 ./system/src/stm32f4-hal/stm32f4xx_hal.o
 .ARM.attributes
                0x0000000000000033       0x33 ./system/src/stm32f4-hal/stm32f4xx_hal_cortex.o
 .ARM.attributes
                0x0000000000000066       0x33 ./system/src/stm32f4-hal/stm32f4xx_hal_gpio.o
 .ARM.attributes
                0x0000000000000099       0x33 ./system/src/stm32f4-hal/stm32f4xx_hal_rcc.o
 .ARM.attributes
                0x00000000000000cc       0x33 ./system/src/newlib/_exit.o
 .ARM.attributes
                0x00000000000000ff       0x33 ./system/src/newlib/_startup.o
 .ARM.attributes
                0x0000000000000132       0x33 ./system/src/newlib/_syscalls.o
 .ARM.attributes
                0x0000000000000165       0x33 ./system/src/cortexm/_initialize_hardware.o
 .ARM.attributes
                0x0000000000000198       0x33 ./system/src/cortexm/_reset_hardware.o
 .ARM.attributes
                0x00000000000001cb       0x33 ./system/src/cortexm/exception_handlers.o
 .ARM.attributes
                0x00000000000001fe       0x33 ./system/src/cmsis/system_stm32f4xx.o
 .ARM.attributes
                0x0000000000000231       0x33 ./system/src/cmsis/vectors_stm32f405xx.o
 .ARM.attributes
                0x0000000000000264       0x33 ./src/Led.o
 .ARM.attributes
                0x0000000000000297       0x33 ./src/Timer.o
 .ARM.attributes
                0x00000000000002ca       0x33 ./src/_initialize_hardware.o
 .ARM.attributes
                0x00000000000002fd       0x33 ./src/main.o

.debug
 *(.debug)

.line
 *(.line)

.debug_srcinfo
 *(.debug_srcinfo)

.debug_sfnames
 *(.debug_sfnames)

.debug_aranges  0x0000000000000000      0x488
 *(.debug_aranges)
 .debug_aranges
                0x0000000000000000       0xc0 ./system/src/stm32f4-hal/stm32f4xx_hal.o
 .debug_aranges
                0x00000000000000c0       0x98 ./system/src/stm32f4-hal/stm32f4xx_hal_cortex.o
 .debug_aranges
                0x0000000000000158       0x58 ./system/src/stm32f4-hal/stm32f4xx_hal_gpio.o
 .debug_aranges
                0x00000000000001b0       0x88 ./system/src/stm32f4-hal/stm32f4xx_hal_rcc.o
 .debug_aranges
                0x0000000000000238       0x28 ./system/src/newlib/_exit.o
 .debug_aranges
                0x0000000000000260       0x40 ./system/src/newlib/_startup.o
 .debug_aranges
                0x00000000000002a0       0x30 ./system/src/newlib/_syscalls.o
 .debug_aranges
                0x00000000000002d0       0x28 ./system/src/cortexm/_initialize_hardware.o
 .debug_aranges
                0x00000000000002f8       0x20 ./system/src/cortexm/_reset_hardware.o
 .debug_aranges
                0x0000000000000318       0x88 ./system/src/cortexm/exception_handlers.o
 .debug_aranges
                0x00000000000003a0       0x28 ./system/src/cmsis/system_stm32f4xx.o
 .debug_aranges
                0x00000000000003c8       0x20 ./system/src/cmsis/vectors_stm32f405xx.o
 .debug_aranges
                0x00000000000003e8       0x20 ./src/Led.o
 .debug_aranges
                0x0000000000000408       0x38 ./src/Timer.o
 .debug_aranges
                0x0000000000000440       0x28 ./src/_initialize_hardware.o
 .debug_aranges
                0x0000000000000468       0x20 ./src/main.o

.debug_pubnames
 *(.debug_pubnames)

.debug_info     0x0000000000000000     0x5cb2
 *(.debug_info .gnu.linkonce.wi.*)
 .debug_info    0x0000000000000000      0x90a ./system/src/stm32f4-hal/stm32f4xx_hal.o
 .debug_info    0x000000000000090a      0xe55 ./system/src/stm32f4-hal/stm32f4xx_hal_cortex.o
 .debug_info    0x000000000000175f      0x6f5 ./system/src/stm32f4-hal/stm32f4xx_hal_gpio.o
 .debug_info    0x0000000000001e54      0xd49 ./system/src/stm32f4-hal/stm32f4xx_hal_rcc.o
 .debug_info    0x0000000000002b9d      0x100 ./system/src/newlib/_exit.o
 .debug_info    0x0000000000002c9d      0x4a9 ./system/src/newlib/_startup.o
 .debug_info    0x0000000000003146      0x1a5 ./system/src/newlib/_syscalls.o
 .debug_info    0x00000000000032eb      0x2a9 ./system/src/cortexm/_initialize_hardware.o
 .debug_info    0x0000000000003594      0x2b8 ./system/src/cortexm/_reset_hardware.o
 .debug_info    0x000000000000384c      0x55e ./system/src/cortexm/exception_handlers.o
 .debug_info    0x0000000000003daa      0x4a1 ./system/src/cmsis/system_stm32f4xx.o
 .debug_info    0x000000000000424b       0xcd ./system/src/cmsis/vectors_stm32f405xx.o
 .debug_info    0x0000000000004318      0x471 ./src/Led.o
 .debug_info    0x0000000000004789      0x726 ./src/Timer.o
 .debug_info    0x0000000000004eaf      0x7b4 ./src/_initialize_hardware.o
 .debug_info    0x0000000000005663      0x64f ./src/main.o

.debug_abbrev   0x0000000000000000     0x19ab
 *(.debug_abbrev)
 .debug_abbrev  0x0000000000000000      0x258 ./system/src/stm32f4-hal/stm32f4xx_hal.o
 .debug_abbrev  0x0000000000000258      0x30a ./system/src/stm32f4-hal/stm32f4xx_hal_cortex.o
 .debug_abbrev  0x0000000000000562      0x1c6 ./system/src/stm32f4-hal/stm32f4xx_hal_gpio.o
 .debug_abbrev  0x0000000000000728      0x33d ./system/src/stm32f4-hal/stm32f4xx_hal_rcc.o
 .debug_abbrev  0x0000000000000a65       0xb8 ./system/src/newlib/_exit.o
 .debug_abbrev  0x0000000000000b1d      0x219 ./system/src/newlib/_startup.o
 .debug_abbrev  0x0000000000000d36       0xe4 ./system/src/newlib/_syscalls.o
 .debug_abbrev  0x0000000000000e1a       0xf5 ./system/src/cortexm/_initialize_hardware.o
 .debug_abbrev  0x0000000000000f0f       0xe7 ./system/src/cortexm/_reset_hardware.o
 .debug_abbrev  0x0000000000000ff6      0x1cc ./system/src/cortexm/exception_handlers.o
 .debug_abbrev  0x00000000000011c2      0x101 ./system/src/cmsis/system_stm32f4xx.o
 .debug_abbrev  0x00000000000012c3       0x9a ./system/src/cmsis/vectors_stm32f405xx.o
 .debug_abbrev  0x000000000000135d      0x162 ./src/Led.o
 .debug_abbrev  0x00000000000014bf      0x1d8 ./src/Timer.o
 .debug_abbrev  0x0000000000001697      0x1c3 ./src/_initialize_hardware.o
 .debug_abbrev  0x000000000000185a      0x151 ./src/main.o

.debug_line     0x0000000000000000     0x23c7
 *(.debug_line)
 .debug_line    0x0000000000000000      0x39f ./system/src/stm32f4-hal/stm32f4xx_hal.o
 .debug_line    0x000000000000039f      0x3c8 ./system/src/stm32f4-hal/stm32f4xx_hal_cortex.o
 .debug_line    0x0000000000000767      0x3ad ./system/src/stm32f4-hal/stm32f4xx_hal_gpio.o
 .debug_line    0x0000000000000b14      0x587 ./system/src/stm32f4-hal/stm32f4xx_hal_rcc.o
 .debug_line    0x000000000000109b      0x161 ./system/src/newlib/_exit.o
 .debug_line    0x00000000000011fc      0x112 ./system/src/newlib/_startup.o
 .debug_line    0x000000000000130e      0x170 ./system/src/newlib/_syscalls.o
 .debug_line    0x000000000000147e      0x1ab ./system/src/cortexm/_initialize_hardware.o
 .debug_line    0x0000000000001629      0x125 ./system/src/cortexm/_reset_hardware.o
 .debug_line    0x000000000000174e      0x24c ./system/src/cortexm/exception_handlers.o
 .debug_line    0x000000000000199a      0x1c5 ./system/src/cmsis/system_stm32f4xx.o
 .debug_line    0x0000000000001b5f       0x5f ./system/src/cmsis/vectors_stm32f405xx.o
 .debug_line    0x0000000000001bbe      0x1cc ./src/Led.o
 .debug_line    0x0000000000001d8a      0x1eb ./src/Timer.o
 .debug_line    0x0000000000001f75      0x265 ./src/_initialize_hardware.o
 .debug_line    0x00000000000021da      0x1ed ./src/main.o

.debug_frame    0x0000000000000000      0x88c
 *(.debug_frame)
 .debug_frame   0x0000000000000000      0x184 ./system/src/stm32f4-hal/stm32f4xx_hal.o
 .debug_frame   0x0000000000000184      0x134 ./system/src/stm32f4-hal/stm32f4xx_hal_cortex.o
 .debug_frame   0x00000000000002b8       0xc4 ./system/src/stm32f4-hal/stm32f4xx_hal_gpio.o
 .debug_frame   0x000000000000037c      0x154 ./system/src/stm32f4-hal/stm32f4xx_hal_rcc.o
 .debug_frame   0x00000000000004d0       0x40 ./system/src/newlib/_exit.o
 .debug_frame   0x0000000000000510       0x80 ./system/src/newlib/_startup.o
 .debug_frame   0x0000000000000590       0x50 ./system/src/newlib/_syscalls.o
 .debug_frame   0x00000000000005e0       0x38 ./system/src/cortexm/_initialize_hardware.o
 .debug_frame   0x0000000000000618       0x20 ./system/src/cortexm/_reset_hardware.o
 .debug_frame   0x0000000000000638       0xf8 ./system/src/cortexm/exception_handlers.o
 .debug_frame   0x0000000000000730       0x30 ./system/src/cmsis/system_stm32f4xx.o
 .debug_frame   0x0000000000000760       0x20 ./system/src/cmsis/vectors_stm32f405xx.o
 .debug_frame   0x0000000000000780       0x34 ./src/Led.o
 .debug_frame   0x00000000000007b4       0x5c ./src/Timer.o
 .debug_frame   0x0000000000000810       0x50 ./src/_initialize_hardware.o
 .debug_frame   0x0000000000000860       0x2c ./src/main.o

.debug_str      0x0000000000000000     0x1a35
 *(.debug_str)
 .debug_str     0x0000000000000000      0xa62 ./system/src/stm32f4-hal/stm32f4xx_hal.o
                                        0xac2 (size before relaxing)
 .debug_str     0x0000000000000a62      0x39a ./system/src/stm32f4-hal/stm32f4xx_hal_cortex.o
                                        0xc08 (size before relaxing)
 .debug_str     0x0000000000000dfc      0x1d4 ./system/src/stm32f4-hal/stm32f4xx_hal_gpio.o
                                        0x520 (size before relaxing)
 .debug_str     0x0000000000000fd0      0x2c8 ./system/src/stm32f4-hal/stm32f4xx_hal_rcc.o
                                        0x6fb (size before relaxing)
 .debug_str     0x0000000000001298       0x4a ./system/src/newlib/_exit.o
                                        0x208 (size before relaxing)
 .debug_str     0x00000000000012e2      0x1a9 ./system/src/newlib/_startup.o
                                        0x383 (size before relaxing)
 .debug_str     0x000000000000148b       0x4d ./system/src/newlib/_syscalls.o
                                        0x228 (size before relaxing)
 .debug_str     0x00000000000014d8       0x5e ./system/src/cortexm/_initialize_hardware.o
                                        0x2dd (size before relaxing)
 .debug_str     0x0000000000001536       0x28 ./system/src/cortexm/_reset_hardware.o
                                        0x298 (size before relaxing)
 .debug_str     0x000000000000155e      0x39f ./system/src/cortexm/exception_handlers.o
                                        0x5f7 (size before relaxing)
 .debug_str     0x00000000000018fd       0x31 ./system/src/cmsis/system_stm32f4xx.o
                                        0x3ca (size before relaxing)
 .debug_str     0x000000000000192e       0x59 ./system/src/cmsis/vectors_stm32f405xx.o
                                        0x206 (size before relaxing)
 .debug_str     0x0000000000001987       0x16 ./src/Led.o
                                        0x3c2 (size before relaxing)
 .debug_str     0x000000000000199d       0x51 ./src/Timer.o
                                        0x850 (size before relaxing)
 .debug_str     0x00000000000019ee       0x31 ./src/_initialize_hardware.o
                                        0xa06 (size before relaxing)
 .debug_str     0x0000000000001a1f       0x16 ./src/main.o
                                        0x29e (size before relaxing)

.debug_loc      0x0000000000000000     0x13ab
 *(.debug_loc)
 .debug_loc     0x0000000000000000       0x82 ./system/src/stm32f4-hal/stm32f4xx_hal.o
 .debug_loc     0x0000000000000082      0x31e ./system/src/stm32f4-hal/stm32f4xx_hal_cortex.o
 .debug_loc     0x00000000000003a0      0x3b7 ./system/src/stm32f4-hal/stm32f4xx_hal_gpio.o
 .debug_loc     0x0000000000000757      0x659 ./system/src/stm32f4-hal/stm32f4xx_hal_rcc.o
 .debug_loc     0x0000000000000db0       0x21 ./system/src/newlib/_exit.o
 .debug_loc     0x0000000000000dd1      0x31d ./system/src/newlib/_startup.o
 .debug_loc     0x00000000000010ee       0x63 ./system/src/newlib/_syscalls.o
 .debug_loc     0x0000000000001151       0xd4 ./system/src/cortexm/exception_handlers.o
 .debug_loc     0x0000000000001225       0xdf ./system/src/cmsis/system_stm32f4xx.o
 .debug_loc     0x0000000000001304       0x88 ./src/Timer.o
 .debug_loc     0x000000000000138c       0x1f ./src/main.o

.debug_macinfo
 *(.debug_macinfo)

.debug_weaknames
 *(.debug_weaknames)

.debug_funcnames
 *(.debug_funcnames)

.debug_typenames
 *(.debug_typenames)

.debug_varnames
 *(.debug_varnames)
OUTPUT(Micromouse.elf elf32-littlearm)

.debug_ranges   0x0000000000000000      0x590
 .debug_ranges  0x0000000000000000       0xb0 ./system/src/stm32f4-hal/stm32f4xx_hal.o
 .debug_ranges  0x00000000000000b0      0x120 ./system/src/stm32f4-hal/stm32f4xx_hal_cortex.o
 .debug_ranges  0x00000000000001d0       0x60 ./system/src/stm32f4-hal/stm32f4xx_hal_gpio.o
 .debug_ranges  0x0000000000000230      0x158 ./system/src/stm32f4-hal/stm32f4xx_hal_rcc.o
 .debug_ranges  0x0000000000000388       0x18 ./system/src/newlib/_exit.o
 .debug_ranges  0x00000000000003a0       0x48 ./system/src/newlib/_startup.o
 .debug_ranges  0x00000000000003e8       0x20 ./system/src/newlib/_syscalls.o
 .debug_ranges  0x0000000000000408       0x18 ./system/src/cortexm/_initialize_hardware.o
 .debug_ranges  0x0000000000000420       0x10 ./system/src/cortexm/_reset_hardware.o
 .debug_ranges  0x0000000000000430       0x78 ./system/src/cortexm/exception_handlers.o
 .debug_ranges  0x00000000000004a8       0x18 ./system/src/cmsis/system_stm32f4xx.o
 .debug_ranges  0x00000000000004c0       0x10 ./system/src/cmsis/vectors_stm32f405xx.o
 .debug_ranges  0x00000000000004d0       0x50 ./src/Led.o
 .debug_ranges  0x0000000000000520       0x28 ./src/Timer.o
 .debug_ranges  0x0000000000000548       0x38 ./src/_initialize_hardware.o
 .debug_ranges  0x0000000000000580       0x10 ./src/main.o
