Archive member included because of file (symbol)

/Users/nguyenbui/Documents/Eclipse/ARMToolchain/gcc-arm-none-eabi-4_9-2015q3/bin/../lib/gcc/arm-none-eabi/4.9.3/../../../../arm-none-eabi/lib/armv7e-m/libg_nano.a(lib_a-atoi.o)
                              ./src/main.o (atoi)
/Users/nguyenbui/Documents/Eclipse/ARMToolchain/gcc-arm-none-eabi-4_9-2015q3/bin/../lib/gcc/arm-none-eabi/4.9.3/../../../../arm-none-eabi/lib/armv7e-m/libg_nano.a(lib_a-errno.o)
                              ./system/src/newlib/_sbrk.o (__errno)
/Users/nguyenbui/Documents/Eclipse/ARMToolchain/gcc-arm-none-eabi-4_9-2015q3/bin/../lib/gcc/arm-none-eabi/4.9.3/../../../../arm-none-eabi/lib/armv7e-m/libg_nano.a(lib_a-impure.o)
                              /Users/nguyenbui/Documents/Eclipse/ARMToolchain/gcc-arm-none-eabi-4_9-2015q3/bin/../lib/gcc/arm-none-eabi/4.9.3/../../../../arm-none-eabi/lib/armv7e-m/libg_nano.a(lib_a-errno.o) (_impure_ptr)
/Users/nguyenbui/Documents/Eclipse/ARMToolchain/gcc-arm-none-eabi-4_9-2015q3/bin/../lib/gcc/arm-none-eabi/4.9.3/../../../../arm-none-eabi/lib/armv7e-m/libg_nano.a(lib_a-init.o)
                              ./system/src/cmsis/startup_stm32f405xx.o (__libc_init_array)
/Users/nguyenbui/Documents/Eclipse/ARMToolchain/gcc-arm-none-eabi-4_9-2015q3/bin/../lib/gcc/arm-none-eabi/4.9.3/../../../../arm-none-eabi/lib/armv7e-m/libg_nano.a(lib_a-sprintf.o)
                              ./src/main.o (sprintf)
/Users/nguyenbui/Documents/Eclipse/ARMToolchain/gcc-arm-none-eabi-4_9-2015q3/bin/../lib/gcc/arm-none-eabi/4.9.3/../../../../arm-none-eabi/lib/armv7e-m/libg_nano.a(lib_a-strlen.o)
                              ./system/src/diag/Trace.o (strlen)
/Users/nguyenbui/Documents/Eclipse/ARMToolchain/gcc-arm-none-eabi-4_9-2015q3/bin/../lib/gcc/arm-none-eabi/4.9.3/../../../../arm-none-eabi/lib/armv7e-m/libg_nano.a(lib_a-strtol.o)
                              /Users/nguyenbui/Documents/Eclipse/ARMToolchain/gcc-arm-none-eabi-4_9-2015q3/bin/../lib/gcc/arm-none-eabi/4.9.3/../../../../arm-none-eabi/lib/armv7e-m/libg_nano.a(lib_a-atoi.o) (_strtol_r)
/Users/nguyenbui/Documents/Eclipse/ARMToolchain/gcc-arm-none-eabi-4_9-2015q3/bin/../lib/gcc/arm-none-eabi/4.9.3/../../../../arm-none-eabi/lib/armv7e-m/libg_nano.a(lib_a-vsnprintf.o)
                              ./system/src/diag/Trace.o (vsnprintf)
/Users/nguyenbui/Documents/Eclipse/ARMToolchain/gcc-arm-none-eabi-4_9-2015q3/bin/../lib/gcc/arm-none-eabi/4.9.3/../../../../arm-none-eabi/lib/armv7e-m/libg_nano.a(lib_a-ctype_.o)
                              /Users/nguyenbui/Documents/Eclipse/ARMToolchain/gcc-arm-none-eabi-4_9-2015q3/bin/../lib/gcc/arm-none-eabi/4.9.3/../../../../arm-none-eabi/lib/armv7e-m/libg_nano.a(lib_a-strtol.o) (__ctype_ptr__)
/Users/nguyenbui/Documents/Eclipse/ARMToolchain/gcc-arm-none-eabi-4_9-2015q3/bin/../lib/gcc/arm-none-eabi/4.9.3/../../../../arm-none-eabi/lib/armv7e-m/libg_nano.a(lib_a-nano-svfprintf.o)
                              /Users/nguyenbui/Documents/Eclipse/ARMToolchain/gcc-arm-none-eabi-4_9-2015q3/bin/../lib/gcc/arm-none-eabi/4.9.3/../../../../arm-none-eabi/lib/armv7e-m/libg_nano.a(lib_a-sprintf.o) (_svfprintf_r)
/Users/nguyenbui/Documents/Eclipse/ARMToolchain/gcc-arm-none-eabi-4_9-2015q3/bin/../lib/gcc/arm-none-eabi/4.9.3/../../../../arm-none-eabi/lib/armv7e-m/libg_nano.a(lib_a-nano-vfprintf_i.o)
                              /Users/nguyenbui/Documents/Eclipse/ARMToolchain/gcc-arm-none-eabi-4_9-2015q3/bin/../lib/gcc/arm-none-eabi/4.9.3/../../../../arm-none-eabi/lib/armv7e-m/libg_nano.a(lib_a-nano-svfprintf.o) (_printf_i)
/Users/nguyenbui/Documents/Eclipse/ARMToolchain/gcc-arm-none-eabi-4_9-2015q3/bin/../lib/gcc/arm-none-eabi/4.9.3/../../../../arm-none-eabi/lib/armv7e-m/libg_nano.a(lib_a-memchr.o)
                              /Users/nguyenbui/Documents/Eclipse/ARMToolchain/gcc-arm-none-eabi-4_9-2015q3/bin/../lib/gcc/arm-none-eabi/4.9.3/../../../../arm-none-eabi/lib/armv7e-m/libg_nano.a(lib_a-nano-svfprintf.o) (memchr)
/Users/nguyenbui/Documents/Eclipse/ARMToolchain/gcc-arm-none-eabi-4_9-2015q3/bin/../lib/gcc/arm-none-eabi/4.9.3/../../../../arm-none-eabi/lib/armv7e-m/libg_nano.a(lib_a-memcpy.o)
                              /Users/nguyenbui/Documents/Eclipse/ARMToolchain/gcc-arm-none-eabi-4_9-2015q3/bin/../lib/gcc/arm-none-eabi/4.9.3/../../../../arm-none-eabi/lib/armv7e-m/libg_nano.a(lib_a-nano-svfprintf.o) (memcpy)
/Users/nguyenbui/Documents/Eclipse/ARMToolchain/gcc-arm-none-eabi-4_9-2015q3/bin/../lib/gcc/arm-none-eabi/4.9.3/../../../../arm-none-eabi/lib/armv7e-m/libg_nano.a(lib_a-memmove.o)
                              /Users/nguyenbui/Documents/Eclipse/ARMToolchain/gcc-arm-none-eabi-4_9-2015q3/bin/../lib/gcc/arm-none-eabi/4.9.3/../../../../arm-none-eabi/lib/armv7e-m/libg_nano.a(lib_a-nano-svfprintf.o) (memmove)
/Users/nguyenbui/Documents/Eclipse/ARMToolchain/gcc-arm-none-eabi-4_9-2015q3/bin/../lib/gcc/arm-none-eabi/4.9.3/../../../../arm-none-eabi/lib/armv7e-m/libg_nano.a(lib_a-nano-freer.o)
[...]
Memory Configuration

Name             Origin             Length             Attributes
RAM              0x0000000020000000 0x0000000000020000 xrw
CCMRAM           0x0000000010000000 0x0000000000010000 xrw
FLASH            0x0000000008000000 0x0000000000100000 xr
FLASHB1          0x0000000000000000 0x0000000000000000 xr
EXTMEMB0         0x0000000000000000 0x0000000000000000 xr
EXTMEMB1         0x0000000000000000 0x0000000000000000 xr
EXTMEMB2         0x0000000000000000 0x0000000000000000 xr
EXTMEMB3         0x0000000000000000 0x0000000000000000 xr
MEMORY_ARRAY     0x0000000020002000 0x0000000000000020 xrw
*default*        0x0000000000000000 0xffffffffffffffff

Linker script and memory map

LOAD ./system/src/stm32f4-hal/stm32f4xx_hal.o
LOAD ./system/src/stm32f4-hal/stm32f4xx_hal_adc.o
LOAD ./system/src/stm32f4-hal/stm32f4xx_hal_adc_ex.o
LOAD ./system/src/stm32f4-hal/stm32f4xx_hal_cortex.o
LOAD ./system/src/stm32f4-hal/stm32f4xx_hal_flash.o
LOAD ./system/src/stm32f4-hal/stm32f4xx_hal_gpio.o
LOAD ./system/src/stm32f4-hal/stm32f4xx_hal_iwdg.o
LOAD ./system/src/stm32f4-hal/stm32f4xx_hal_pwr.o
LOAD ./system/src/stm32f4-hal/stm32f4xx_hal_rcc.o
LOAD ./system/src/stm32f4-hal/stm32f4xx_hal_spi.o
LOAD ./system/src/stm32f4-hal/stm32f4xx_hal_tim.o
LOAD ./system/src/stm32f4-hal/stm32f4xx_hal_tim_ex.o
LOAD ./system/src/stm32f4-hal/stm32f4xx_hal_uart.o
LOAD ./system/src/newlib/_cxx.o
LOAD ./system/src/newlib/_exit.o
LOAD ./system/src/newlib/_sbrk.o
LOAD ./system/src/newlib/_startup.o
LOAD ./system/src/newlib/_syscalls.o
LOAD ./system/src/newlib/assert.o
LOAD ./system/src/diag/Trace.o
LOAD ./system/src/diag/trace_impl.o
LOAD ./system/src/cortexm/_initialize_hardware.o
LOAD ./system/src/cortexm/_reset_hardware.o
LOAD ./system/src/cortexm/exception_handlers.o
LOAD ./system/src/cmsis/startup_stm32f405xx.o
LOAD ./system/src/cmsis/system_stm32f4xx.o
LOAD ./src/_write.o
LOAD ./src/main.o
LOAD ./src/stm32f4xx_hal_msp.o
LOAD ./src/stm32f4xx_it.o
LOAD /Users/nguyenbui/Documents/Eclipse/ARMToolchain/gcc-arm-none-eabi-4_9-2015q3/bin/../lib/gcc/arm-none-eabi/4.9.3/../../../../arm-none-eabi/lib/armv7e-m/libstdc++_nano.a
LOAD /Users/nguyenbui/Documents/Eclipse/ARMToolchain/gcc-arm-none-eabi-4_9-2015q3/bin/../lib/gcc/arm-none-eabi/4.9.3/../../../../arm-none-eabi/lib/armv7e-m/libm.a
START GROUP
LOAD /Users/nguyenbui/Documents/Eclipse/ARMToolchain/gcc-arm-none-eabi-4_9-2015q3/bin/../lib/gcc/arm-none-eabi/4.9.3/armv7e-m/libgcc.a
LOAD /Users/nguyenbui/Documents/Eclipse/ARMToolchain/gcc-arm-none-eabi-4_9-2015q3/bin/../lib/gcc/arm-none-eabi/4.9.3/../../../../arm-none-eabi/lib/armv7e-m/libg_nano.a
LOAD /Users/nguyenbui/Documents/Eclipse/ARMToolchain/gcc-arm-none-eabi-4_9-2015q3/bin/../lib/gcc/arm-none-eabi/4.9.3/../../../../arm-none-eabi/lib/armv7e-m/libc_nano.a
END GROUP
START GROUP
LOAD /Users/nguyenbui/Documents/Eclipse/ARMToolchain/gcc-arm-none-eabi-4_9-2015q3/bin/../lib/gcc/arm-none-eabi/4.9.3/armv7e-m/libgcc.a
LOAD /Users/nguyenbui/Documents/Eclipse/ARMToolchain/gcc-arm-none-eabi-4_9-2015q3/bin/../lib/gcc/arm-none-eabi/4.9.3/../../../../arm-none-eabi/lib/armv7e-m/libc_nano.a
END GROUP
                0x0000000020020000                __stack = (ORIGIN (RAM) + 0x20000)
                0x0000000020020000                _estack = __stack
                0x0000000000000400                __Main_Stack_Size = 0x400
                0x0000000000000400                PROVIDE (_Main_Stack_Size, __Main_Stack_Size)
                0x000000002001fc00                __Main_Stack_Limit = (__stack - __Main_Stack_Size)
                0x000000002001fc00                PROVIDE (_Main_Stack_Limit, __Main_Stack_Limit)
                0x0000000000000100                _Minimum_Stack_Size = 0x100
                0x0000000020000380                PROVIDE (_Heap_Begin, _end_noinit)
                0x000000002001fc00                PROVIDE (_Heap_Limit, (__stack - __Main_Stack_Size))

.isr_vector     0x0000000008000000      0x3e8
 FILL mask 0xff
                0x0000000008000000                __vectors_start = ABSOLUTE (.)
                0x0000000008000000                __vectors_start__ = ABSOLUTE (.)
 *(.isr_vector)
 .isr_vector    0x0000000008000000      0x188 ./system/src/cmsis/startup_stm32f405xx.o
                0x0000000008000000                g_pfnVectors
 *(.cfmconfig)
 *(.after_vectors .after_vectors.*)
 .after_vectors
                0x0000000008000188      0x130 ./system/src/newlib/_startup.o
                0x0000000008000188                _start
 .after_vectors
                0x00000000080002b8      0x130 ./system/src/cortexm/exception_handlers.o
                0x00000000080002b8                Reset_Handler
                0x00000000080002c0                NMI_Handler
                0x00000000080002c4                HardFault_Handler
                0x00000000080002d8                HardFault_Handler_C
                0x0000000008000338                MemManage_Handler
                0x000000000800033c                BusFault_Handler
                0x0000000008000350                BusFault_Handler_C
                0x0000000008000384                UsageFault_Handler
                0x0000000008000398                UsageFault_Handler_C
                0x00000000080003cc                SVC_Handler
                0x00000000080003d0                DebugMon_Handler
                0x00000000080003d4                PendSV_Handler

.inits          0x00000000080003e8       0x28
                0x00000000080003e8                __data_regions_array_start = .
                0x00000000080003e8        0x4 LONG 0x80051ec LOADADDR (.data)
                0x00000000080003ec        0x4 LONG 0x20000000 ADDR (.data)
                0x00000000080003f0        0x4 LONG 0x2000008c (ADDR (.data) + SIZEOF (.data))
                0x00000000080003f4        0x4 LONG 0x80051ec LOADADDR (.data_CCMRAM)
                0x00000000080003f8        0x4 LONG 0x10000000 ADDR (.data_CCMRAM)
                0x00000000080003fc        0x4 LONG 0x10000000 (ADDR (.data_CCMRAM) + SIZEOF (.data_CCMRAM))
                0x0000000008000400                __data_regions_array_end = .
                0x0000000008000400                __bss_regions_array_start = .
                0x0000000008000400        0x4 LONG 0x2000008c ADDR (.bss)
                0x0000000008000404        0x4 LONG 0x20000380 (ADDR (.bss) + SIZEOF (.bss))
                0x0000000008000408        0x4 LONG 0x10000000 ADDR (.bss_CCMRAM)
                0x000000000800040c        0x4 LONG 0x10000000 (ADDR (.bss_CCMRAM) + SIZEOF (.bss_CCMRAM))
                0x0000000008000410                __bss_regions_array_end = .
 *(.init)
 *(.fini)
                0x0000000008000410                . = ALIGN (0x4)
                0x0000000008000410                PROVIDE (__preinit_array_start, .)
 *(.preinit_array_sysinit .preinit_array_sysinit.*)
 *(.preinit_array_platform .preinit_array_platform.*)
 *(.preinit_array .preinit_array.*)
                0x0000000008000410                PROVIDE (__preinit_array_end, .)
                0x0000000008000410                . = ALIGN (0x4)
                0x0000000008000410                PROVIDE (__init_array_start, .)
 *(SORT(.init_array.*))
 *(.init_array)
                0x0000000008000410                PROVIDE (__init_array_end, .)
                0x0000000008000410                . = ALIGN (0x4)
                0x0000000008000410                PROVIDE (__fini_array_start, .)
 *(SORT(.fini_array.*))
 *(.fini_array)
                0x0000000008000410                PROVIDE (__fini_array_end, .)

.flashtext
 *(.flashtext .flashtext.*)

.text           0x0000000008000410     0x4dda
 *(.text .text.*)
 .text.HAL_InitTick
                0x0000000008000410       0x28 ./system/src/stm32f4-hal/stm32f4xx_hal.o
                0x0000000008000410                HAL_InitTick
 .text.HAL_Init
                0x0000000008000438       0x34 ./system/src/stm32f4-hal/stm32f4xx_hal.o
                0x0000000008000438                HAL_Init
 .text.HAL_IncTick
                0x000000000800046c       0x10 ./system/src/stm32f4-hal/stm32f4xx_hal.o
                0x000000000800046c                HAL_IncTick
 .text.HAL_GetTick
                0x000000000800047c        0xc ./system/src/stm32f4-hal/stm32f4xx_hal.o
                0x000000000800047c                HAL_GetTick
 .text.HAL_Delay
                0x0000000008000488       0x1c ./system/src/stm32f4-hal/stm32f4xx_hal.o
                0x0000000008000488                HAL_Delay
 .text.ADC_Init
                0x00000000080004a4      0x154 ./system/src/stm32f4-hal/stm32f4xx_hal_adc.o
 .text.HAL_ADC_Init
                0x00000000080005f8      0x1d4 ./system/src/stm32f4-hal/stm32f4xx_hal_adc.o
                0x00000000080005f8                HAL_ADC_Init
 .text.HAL_ADC_ConfigChannel
                0x00000000080007cc      0x1c0 ./system/src/stm32f4-hal/stm32f4xx_hal_adc.o
                0x00000000080007cc                HAL_ADC_ConfigChannel
 .text.HAL_NVIC_SetPriorityGrouping
                0x000000000800098c       0x3c ./system/src/stm32f4-hal/stm32f4xx_hal_cortex.o
                0x000000000800098c                HAL_NVIC_SetPriorityGrouping
 .text.HAL_NVIC_SetPriority
                0x00000000080009c8       0x84 ./system/src/stm32f4-hal/stm32f4xx_hal_cortex.o
                0x00000000080009c8                HAL_NVIC_SetPriority
 .text.HAL_NVIC_EnableIRQ
                0x0000000008000a4c       0x28 ./system/src/stm32f4-hal/stm32f4xx_hal_cortex.o
                0x0000000008000a4c                HAL_NVIC_EnableIRQ
 .text.HAL_SYSTICK_Config
                0x0000000008000a74       0x2c ./system/src/stm32f4-hal/stm32f4xx_hal_cortex.o
                0x0000000008000a74                HAL_SYSTICK_Config
 .text.HAL_SYSTICK_CLKSourceConfig
                0x0000000008000aa0       0x38 ./system/src/stm32f4-hal/stm32f4xx_hal_cortex.o
                0x0000000008000aa0                HAL_SYSTICK_CLKSourceConfig
 .text.HAL_SYSTICK_Callback
                0x0000000008000ad8        0x4 ./system/src/stm32f4-hal/stm32f4xx_hal_cortex.o
                0x0000000008000ad8                HAL_SYSTICK_Callback
 .text.HAL_SYSTICK_IRQHandler
                0x0000000008000adc        0x8 ./system/src/stm32f4-hal/stm32f4xx_hal_cortex.o
                0x0000000008000adc                HAL_SYSTICK_IRQHandler
 .text.HAL_GPIO_Init
                0x0000000008000ae4      0x324 ./system/src/stm32f4-hal/stm32f4xx_hal_gpio.o
                0x0000000008000ae4                HAL_GPIO_Init
 .text.HAL_GPIO_WritePin
                0x0000000008000e08       0x34 ./system/src/stm32f4-hal/stm32f4xx_hal_gpio.o
                0x0000000008000e08                HAL_GPIO_WritePin
 .text.HAL_GPIO_TogglePin
                0x0000000008000e3c       0x20 ./system/src/stm32f4-hal/stm32f4xx_hal_gpio.o
                0x0000000008000e3c                HAL_GPIO_TogglePin
 .text.HAL_RCC_OscConfig
                0x0000000008000e5c      0x448 ./system/src/stm32f4-hal/stm32f4xx_hal_rcc.o
                0x0000000008000e5c                HAL_RCC_OscConfig
 .text.HAL_RCC_ClockConfig
                0x00000000080012a4      0x22c ./system/src/stm32f4-hal/stm32f4xx_hal_rcc.o
                0x00000000080012a4                HAL_RCC_ClockConfig
 .text.HAL_RCC_GetSysClockFreq
                0x00000000080014d0       0x94 ./system/src/stm32f4-hal/stm32f4xx_hal_rcc.o
                0x00000000080014d0                HAL_RCC_GetSysClockFreq
 .text.HAL_RCC_GetHCLKFreq
                0x0000000008001564       0x34 ./system/src/stm32f4-hal/stm32f4xx_hal_rcc.o
                0x0000000008001564                HAL_RCC_GetHCLKFreq
 .text.HAL_RCC_GetPCLK1Freq
                0x0000000008001598       0x2c ./system/src/stm32f4-hal/stm32f4xx_hal_rcc.o
                0x0000000008001598                HAL_RCC_GetPCLK1Freq
 .text.HAL_RCC_GetPCLK2Freq
                0x00000000080015c4       0x2c ./system/src/stm32f4-hal/stm32f4xx_hal_rcc.o
                0x00000000080015c4                HAL_RCC_GetPCLK2Freq
 .text.HAL_SPI_Init
                0x00000000080015f0      0x1bc ./system/src/stm32f4-hal/stm32f4xx_hal_spi.o
                0x00000000080015f0                HAL_SPI_Init
 .text.TIM_OC1_SetConfig
                0x00000000080017ac       0x64 ./system/src/stm32f4-hal/stm32f4xx_hal_tim.o
 .text.TIM_TI1_ConfigInputStage
                0x0000000008001810       0x28 ./system/src/stm32f4-hal/stm32f4xx_hal_tim.o
 .text.TIM_TI2_ConfigInputStage
                0x0000000008001838       0x28 ./system/src/stm32f4-hal/stm32f4xx_hal_tim.o
 .text.TIM_ITRx_SetConfig
                0x0000000008001860       0x10 ./system/src/stm32f4-hal/stm32f4xx_hal_tim.o
 .text.TIM_ETR_SetConfig
                0x0000000008001870       0x18 ./system/src/stm32f4-hal/stm32f4xx_hal_tim.o
 .text.TIM_OC3_SetConfig
                0x0000000008001888       0xb4 ./system/src/stm32f4-hal/stm32f4xx_hal_tim.o
 .text.TIM_OC4_SetConfig
                0x000000000800193c       0x7c ./system/src/stm32f4-hal/stm32f4xx_hal_tim.o
 .text.HAL_TIM_Base_Start_IT
                0x00000000080019b8       0x9c ./system/src/stm32f4-hal/stm32f4xx_hal_tim.o
                0x00000000080019b8                HAL_TIM_Base_Start_IT
 .text.HAL_TIM_ConfigClockSource
                0x0000000008001a54      0x5b4 ./system/src/stm32f4-hal/stm32f4xx_hal_tim.o
                0x0000000008001a54                HAL_TIM_ConfigClockSource
 .text.HAL_TIM_OC_DelayElapsedCallback
                0x0000000008002008        0x4 ./system/src/stm32f4-hal/stm32f4xx_hal_tim.o
                0x0000000008002008                HAL_TIM_OC_DelayElapsedCallback
 .text.HAL_TIM_IC_CaptureCallback
                0x000000000800200c        0x4 ./system/src/stm32f4-hal/stm32f4xx_hal_tim.o
                0x000000000800200c                HAL_TIM_IC_CaptureCallback
 .text.HAL_TIM_PWM_PulseFinishedCallback
                0x0000000008002010        0x4 ./system/src/stm32f4-hal/stm32f4xx_hal_tim.o
                0x0000000008002010                HAL_TIM_PWM_PulseFinishedCallback
 .text.HAL_TIM_TriggerCallback
                0x0000000008002014        0x4 ./system/src/stm32f4-hal/stm32f4xx_hal_tim.o
                0x0000000008002014                HAL_TIM_TriggerCallback
 .text.HAL_TIM_IRQHandler
                0x0000000008002018      0x174 ./system/src/stm32f4-hal/stm32f4xx_hal_tim.o
                0x0000000008002018                HAL_TIM_IRQHandler
 .text.TIM_Base_SetConfig
                0x000000000800218c      0x11c ./system/src/stm32f4-hal/stm32f4xx_hal_tim.o
                0x000000000800218c                TIM_Base_SetConfig
 .text.HAL_TIM_Base_Init
                0x00000000080022a8       0xf0 ./system/src/stm32f4-hal/stm32f4xx_hal_tim.o
                0x00000000080022a8                HAL_TIM_Base_Init
 .text.HAL_TIM_PWM_Init
                0x0000000008002398       0xf4 ./system/src/stm32f4-hal/stm32f4xx_hal_tim.o
                0x0000000008002398                HAL_TIM_PWM_Init
 .text.HAL_TIM_Encoder_Init
                0x000000000800248c      0x1a4 ./system/src/stm32f4-hal/stm32f4xx_hal_tim.o
                0x000000000800248c                HAL_TIM_Encoder_Init
 .text.TIM_OC2_SetConfig
                0x0000000008002630       0x90 ./system/src/stm32f4-hal/stm32f4xx_hal_tim.o
                0x0000000008002630                TIM_OC2_SetConfig
 .text.HAL_TIM_PWM_ConfigChannel
                0x00000000080026c0      0x274 ./system/src/stm32f4-hal/stm32f4xx_hal_tim.o
                0x00000000080026c0                HAL_TIM_PWM_ConfigChannel
 .text.TIM_CCxChannelCmd
                0x0000000008002934       0xa8 ./system/src/stm32f4-hal/stm32f4xx_hal_tim.o
                0x0000000008002934                TIM_CCxChannelCmd
 .text.HAL_TIM_PWM_Start
                0x00000000080029dc       0xe0 ./system/src/stm32f4-hal/stm32f4xx_hal_tim.o
                0x00000000080029dc                HAL_TIM_PWM_Start
 .text.HAL_TIM_Encoder_Start
                0x0000000008002abc       0x98 ./system/src/stm32f4-hal/stm32f4xx_hal_tim.o
                0x0000000008002abc                HAL_TIM_Encoder_Start
 .text.TIM_CCxNChannelCmd
                0x0000000008002b54       0x70 ./system/src/stm32f4-hal/stm32f4xx_hal_tim_ex.o
 .text.HAL_TIMEx_PWMN_Start
                0x0000000008002bc4       0x54 ./system/src/stm32f4-hal/stm32f4xx_hal_tim_ex.o
                0x0000000008002bc4                HAL_TIMEx_PWMN_Start
 .text.HAL_TIMEx_MasterConfigSynchronization
                0x0000000008002c18       0xf0 ./system/src/stm32f4-hal/stm32f4xx_hal_tim_ex.o
                0x0000000008002c18                HAL_TIMEx_MasterConfigSynchronization
 .text.HAL_TIMEx_CommutationCallback
                0x0000000008002d08        0x4 ./system/src/stm32f4-hal/stm32f4xx_hal_tim_ex.o
                0x0000000008002d08                HAL_TIMEx_CommutationCallback
 .text.HAL_TIMEx_BreakCallback
                0x0000000008002d0c        0x4 ./system/src/stm32f4-hal/stm32f4xx_hal_tim_ex.o
                0x0000000008002d0c                HAL_TIMEx_BreakCallback
 .text.UART_Transmit_IT
                0x0000000008002d10       0x68 ./system/src/stm32f4-hal/stm32f4xx_hal_uart.o
 .text.UART_SetConfig
                0x0000000008002d78      0x384 ./system/src/stm32f4-hal/stm32f4xx_hal_uart.o
 .text.UART_WaitOnFlagUntilTimeout
                0x00000000080030fc       0xdc ./system/src/stm32f4-hal/stm32f4xx_hal_uart.o
 .text.HAL_UART_Init
                0x00000000080031d8      0x120 ./system/src/stm32f4-hal/stm32f4xx_hal_uart.o
                0x00000000080031d8                HAL_UART_Init
 .text.HAL_UART_Transmit
                0x00000000080032f8       0xc0 ./system/src/stm32f4-hal/stm32f4xx_hal_uart.o
                0x00000000080032f8                HAL_UART_Transmit
 .text.HAL_UART_Receive_IT
                0x00000000080033b8       0x64 ./system/src/stm32f4-hal/stm32f4xx_hal_uart.o
                0x00000000080033b8                HAL_UART_Receive_IT
 .text.HAL_UART_TxCpltCallback
                0x000000000800341c        0x4 ./system/src/stm32f4-hal/stm32f4xx_hal_uart.o
                0x000000000800341c                HAL_UART_TxCpltCallback
 .text.UART_EndTransmit_IT
                0x0000000008003420       0x1c ./system/src/stm32f4-hal/stm32f4xx_hal_uart.o
 .text.UART_Receive_IT
                0x000000000800343c       0x9c ./system/src/stm32f4-hal/stm32f4xx_hal_uart.o
 .text.HAL_UART_ErrorCallback
                0x00000000080034d8        0x4 ./system/src/stm32f4-hal/stm32f4xx_hal_uart.o
                0x00000000080034d8                HAL_UART_ErrorCallback
 .text.HAL_UART_IRQHandler
                0x00000000080034dc      0x100 ./system/src/stm32f4-hal/stm32f4xx_hal_uart.o
                0x00000000080034dc                HAL_UART_IRQHandler
 .text._exit    0x00000000080035dc        0x4 ./system/src/newlib/_exit.o
                0x00000000080035dc                _exit
 .text._sbrk    0x00000000080035e0       0x44 ./system/src/newlib/_sbrk.o
                0x00000000080035e0                _sbrk
 .text.__initialize_args
                0x0000000008003624       0x10 ./system/src/newlib/_syscalls.o
                0x0000000008003624                __initialize_args
 .text.trace_printf
                0x0000000008003634       0x34 ./system/src/diag/Trace.o
                0x0000000008003634                trace_printf
 .text._trace_write_semihosting_debug
                0x0000000008003668       0x64 ./system/src/diag/trace_impl.o
 .text.trace_write
                0x00000000080036cc        0x8 ./system/src/diag/trace_impl.o
                0x00000000080036cc                trace_write
 .text.__initialize_hardware_early
                0x00000000080036d4       0x18 ./system/src/cortexm/_initialize_hardware.o
                0x00000000080036d4                __initialize_hardware_early
 .text.__initialize_hardware
                0x00000000080036ec        0x8 ./system/src/cortexm/_initialize_hardware.o
                0x00000000080036ec                __initialize_hardware
 .text.dumpExceptionStack
                0x00000000080036f4       0xf0 ./system/src/cortexm/exception_handlers.o
                0x00000000080036f4                dumpExceptionStack
 .text.isSemihosting
                0x00000000080037e4       0x20 ./system/src/cortexm/exception_handlers.o
                0x00000000080037e4                isSemihosting
 .text.Default_Handler
                0x0000000008003804        0x2 ./system/src/cmsis/startup_stm32f405xx.o
                0x0000000008003804                DMA1_Stream3_IRQHandler
                0x0000000008003804                HASH_RNG_IRQHandler
                0x0000000008003804                EXTI2_IRQHandler
                0x0000000008003804                TIM8_CC_IRQHandler
                0x0000000008003804                TIM1_CC_IRQHandler
                0x0000000008003804                DMA2_Stream5_IRQHandler
                0x0000000008003804                DMA1_Stream5_IRQHandler
                0x0000000008003804                PVD_IRQHandler
                0x0000000008003804                SDIO_IRQHandler
                0x0000000008003804                TAMP_STAMP_IRQHandler
                0x0000000008003804                CAN2_RX1_IRQHandler
                0x0000000008003804                EXTI3_IRQHandler
                0x0000000008003804                TIM8_TRG_COM_TIM14_IRQHandler
                0x0000000008003804                TIM1_UP_TIM10_IRQHandler
                0x0000000008003804                TIM8_UP_TIM13_IRQHandler
                0x0000000008003804                I2C3_ER_IRQHandler
                0x0000000008003804                EXTI0_IRQHandler
                0x0000000008003804                I2C2_EV_IRQHandler
                0x0000000008003804                DMA1_Stream2_IRQHandler
                0x0000000008003804                CAN1_RX0_IRQHandler
                0x0000000008003804                FPU_IRQHandler
                0x0000000008003804                OTG_HS_WKUP_IRQHandler
                0x0000000008003804                CAN2_SCE_IRQHandler
                0x0000000008003804                DMA2_Stream2_IRQHandler
                0x0000000008003804                SPI1_IRQHandler
                0x0000000008003804                TIM6_DAC_IRQHandler
                0x0000000008003804                TIM1_BRK_TIM9_IRQHandler
                0x0000000008003804                CAN2_RX0_IRQHandler
                0x0000000008003804                DMA2_Stream3_IRQHandler
                0x0000000008003804                USART6_IRQHandler
                0x0000000008003804                USART3_IRQHandler
                0x0000000008003804                CAN1_RX1_IRQHandler
                0x0000000008003804                UART5_IRQHandler
                0x0000000008003804                DMA2_Stream0_IRQHandler
                0x0000000008003804                TIM4_IRQHandler
                0x0000000008003804                I2C1_EV_IRQHandler
                0x0000000008003804                DMA1_Stream6_IRQHandler
                0x0000000008003804                DMA1_Stream1_IRQHandler
                0x0000000008003804                UART4_IRQHandler
                0x0000000008003804                RCC_IRQHandler
                0x0000000008003804                TIM8_BRK_TIM12_IRQHandler
                0x0000000008003804                Default_Handler
                0x0000000008003804                EXTI15_10_IRQHandler
                0x0000000008003804                ADC_IRQHandler
                0x0000000008003804                DMA1_Stream7_IRQHandler
                0x0000000008003804                TIM7_IRQHandler
                0x0000000008003804                CAN2_TX_IRQHandler
                0x0000000008003804                TIM5_IRQHandler
                0x0000000008003804                DMA2_Stream7_IRQHandler
                0x0000000008003804                I2C3_EV_IRQHandler
                0x0000000008003804                EXTI9_5_IRQHandler
                0x0000000008003804                RTC_WKUP_IRQHandler
                0x0000000008003804                SPI2_IRQHandler
                0x0000000008003804                OTG_HS_EP1_IN_IRQHandler
                0x0000000008003804                DMA1_Stream0_IRQHandler
                0x0000000008003804                CAN1_TX_IRQHandler
                0x0000000008003804                EXTI4_IRQHandler
                0x0000000008003804                FSMC_IRQHandler
                0x0000000008003804                OTG_HS_EP1_OUT_IRQHandler
                0x0000000008003804                WWDG_IRQHandler
                0x0000000008003804                TIM2_IRQHandler
                0x0000000008003804                OTG_FS_WKUP_IRQHandler
                0x0000000008003804                TIM1_TRG_COM_TIM11_IRQHandler
                0x0000000008003804                OTG_HS_IRQHandler
                0x0000000008003804                EXTI1_IRQHandler
                0x0000000008003804                USART2_IRQHandler
                0x0000000008003804                I2C2_ER_IRQHandler
                0x0000000008003804                DMA2_Stream1_IRQHandler
                0x0000000008003804                CAN1_SCE_IRQHandler
                0x0000000008003804                FLASH_IRQHandler
                0x0000000008003804                DMA2_Stream4_IRQHandler
                0x0000000008003804                OTG_FS_IRQHandler
                0x0000000008003804                SPI3_IRQHandler
                0x0000000008003804                DMA1_Stream4_IRQHandler
                0x0000000008003804                I2C1_ER_IRQHandler
                0x0000000008003804                DMA2_Stream6_IRQHandler
                0x0000000008003804                RTC_Alarm_IRQHandler
 *fill*         0x0000000008003806        0x2 
 .text.SystemInit
                0x0000000008003808       0x40 ./system/src/cmsis/system_stm32f4xx.o
                0x0000000008003808                SystemInit
 .text.SystemCoreClockUpdate
                0x0000000008003848       0xa0 ./system/src/cmsis/system_stm32f4xx.o
                0x0000000008003848                SystemCoreClockUpdate
 .text.MX_GPIO_Init
                0x00000000080038e8      0x184 ./src/main.o
 .text.MX_ADC1_Init
                0x0000000008003a6c       0x44 ./src/main.o
 .text.MX_SPI3_Init
                0x0000000008003ab0       0x38 ./src/main.o
 .text.MX_TIM2_Init
                0x0000000008003ae8       0x4c ./src/main.o
 .text.MX_TIM5_Init
                0x0000000008003b34       0x4c ./src/main.o
 .text.MX_TIM4_Init
                0x0000000008003b80       0x70 ./src/main.o
 .text.MX_USART1_UART_Init
                0x0000000008003bf0       0x2c ./src/main.o
 .text.MX_TIM1_Init
                0x0000000008003c1c       0x48 ./src/main.o
 .text.MX_TIM3_Init
                0x0000000008003c64       0x48 ./src/main.o
 .text.HAL_TIM_PeriodElapsedCallback
                0x0000000008003cac       0x4c ./src/main.o
                0x0000000008003cac                HAL_TIM_PeriodElapsedCallback
 .text.HAL_UART_RxCpltCallback
                0x0000000008003cf8       0x78 ./src/main.o
                0x0000000008003cf8                HAL_UART_RxCpltCallback
 .text.SystemClock_Config
                0x0000000008003d70       0xa4 ./src/main.o
                0x0000000008003d70                SystemClock_Config
 .text.main     0x0000000008003e14      0x2d0 ./src/main.o
                0x0000000008003e14                main
 .text.assert_failed
                0x00000000080040e4        0x4 ./src/main.o
                0x00000000080040e4                assert_failed
 .text.HAL_MspInit
                0x00000000080040e8       0x18 ./src/stm32f4xx_hal_msp.o
                0x00000000080040e8                HAL_MspInit
 .text.HAL_ADC_MspInit
                0x0000000008004100       0x6c ./src/stm32f4xx_hal_msp.o
                0x0000000008004100                HAL_ADC_MspInit
 .text.HAL_SPI_MspInit
                0x000000000800416c       0x54 ./src/stm32f4xx_hal_msp.o
                0x000000000800416c                HAL_SPI_MspInit
 .text.HAL_TIM_Base_MspInit
                0x00000000080041c0       0x64 ./src/stm32f4xx_hal_msp.o
                0x00000000080041c0                HAL_TIM_Base_MspInit
 .text.HAL_TIM_Encoder_MspInit
                0x0000000008004224       0x9c ./src/stm32f4xx_hal_msp.o
                0x0000000008004224                HAL_TIM_Encoder_MspInit
 .text.HAL_TIM_PWM_MspInit
                0x00000000080042c0       0x30 ./src/stm32f4xx_hal_msp.o
                0x00000000080042c0                HAL_TIM_PWM_MspInit
 .text.HAL_TIM_MspPostInit
                0x00000000080042f0       0x38 ./src/stm32f4xx_hal_msp.o
                0x00000000080042f0                HAL_TIM_MspPostInit
 .text.HAL_UART_MspInit
                0x0000000008004328       0x58 ./src/stm32f4xx_hal_msp.o
                0x0000000008004328                HAL_UART_MspInit
 .text.SysTick_Handler
                0x0000000008004380        0xc ./src/stm32f4xx_it.o
                0x0000000008004380                SysTick_Handler
 .text.TIM3_IRQHandler
                0x000000000800438c       0x10 ./src/stm32f4xx_it.o
                0x000000000800438c                TIM3_IRQHandler
 .text.USART1_IRQHandler
                0x000000000800439c       0x1c ./src/stm32f4xx_it.o
                0x000000000800439c                USART1_IRQHandler
 .text.atoi     0x00000000080043b8        0x8 /Users/nguyenbui/Documents/Eclipse/ARMToolchain/gcc-arm-none-eabi-4_9-2015q3/bin/../lib/gcc/arm-none-eabi/4.9.3/../../../../arm-none-eabi/lib/armv7e-m/libg_nano.a(lib_a-atoi.o)
                0x00000000080043b8                atoi
 .text.__errno  0x00000000080043c0        0xc /Users/nguyenbui/Documents/Eclipse/ARMToolchain/gcc-arm-none-eabi-4_9-2015q3/bin/../lib/gcc/arm-none-eabi/4.9.3/../../../../arm-none-eabi/lib/armv7e-m/libg_nano.a(lib_a-errno.o)
                0x00000000080043c0                __errno
 .text.sprintf  0x00000000080043cc       0x48 /Users/nguyenbui/Documents/Eclipse/ARMToolchain/gcc-arm-none-eabi-4_9-2015q3/bin/../lib/gcc/arm-none-eabi/4.9.3/../../../../arm-none-eabi/lib/armv7e-m/libg_nano.a(lib_a-sprintf.o)
                0x00000000080043cc                sprintf
                0x00000000080043cc                siprintf
 .text._strtol_r
                0x0000000008004414      0x10c /Users/nguyenbui/Documents/Eclipse/ARMToolchain/gcc-arm-none-eabi-4_9-2015q3/bin/../lib/gcc/arm-none-eabi/4.9.3/../../../../arm-none-eabi/lib/armv7e-m/libg_nano.a(lib_a-strtol.o)
                0x0000000008004414                _strtol_r
 .text.strtol   0x0000000008004520       0x1c /Users/nguyenbui/Documents/Eclipse/ARMToolchain/gcc-arm-none-eabi-4_9-2015q3/bin/../lib/gcc/arm-none-eabi/4.9.3/../../../../arm-none-eabi/lib/armv7e-m/libg_nano.a(lib_a-strtol.o)
                0x0000000008004520                strtol
 .text._vsnprintf_r
                0x000000000800453c       0x52 /Users/nguyenbui/Documents/Eclipse/ARMToolchain/gcc-arm-none-eabi-4_9-2015q3/bin/../lib/gcc/arm-none-eabi/4.9.3/../../../../arm-none-eabi/lib/armv7e-m/libg_nano.a(lib_a-vsnprintf.o)
                0x000000000800453c                _vsnprintf_r
                0x000000000800453c                _vsniprintf_r
 *fill*         0x000000000800458e        0x2 
 .text.vsnprintf
                0x0000000008004590       0x20 /Users/nguyenbui/Documents/Eclipse/ARMToolchain/gcc-arm-none-eabi-4_9-2015q3/bin/../lib/gcc/arm-none-eabi/4.9.3/../../../../arm-none-eabi/lib/armv7e-m/libg_nano.a(lib_a-vsnprintf.o)
                0x0000000008004590                vsnprintf
                0x0000000008004590                vsniprintf
 .text.__ssputs_r
                0x00000000080045b0       0xb2 /Users/nguyenbui/Documents/Eclipse/ARMToolchain/gcc-arm-none-eabi-4_9-2015q3/bin/../lib/gcc/arm-none-eabi/4.9.3/../../../../arm-none-eabi/lib/armv7e-m/libg_nano.a(lib_a-nano-svfprintf.o)
                0x00000000080045b0                __ssputs_r
 *fill*         0x0000000008004662        0x2 
 .text._svfprintf_r
                0x0000000008004664      0x1e4 /Users/nguyenbui/Documents/Eclipse/ARMToolchain/gcc-arm-none-eabi-4_9-2015q3/bin/../lib/gcc/arm-none-eabi/4.9.3/../../../../arm-none-eabi/lib/armv7e-m/libg_nano.a(lib_a-nano-svfprintf.o)
                0x0000000008004664                _svfprintf_r
                0x0000000008004664                _svfiprintf_r
 .text._printf_common
                0x0000000008004848       0xea /Users/nguyenbui/Documents/Eclipse/ARMToolchain/gcc-arm-none-eabi-4_9-2015q3/bin/../lib/gcc/arm-none-eabi/4.9.3/../../../../arm-none-eabi/lib/armv7e-m/libg_nano.a(lib_a-nano-vfprintf_i.o)
                0x0000000008004848                _printf_common
 *fill*         0x0000000008004932        0x2 
 .text._printf_i
                0x0000000008004934      0x240 /Users/nguyenbui/Documents/Eclipse/ARMToolchain/gcc-arm-none-eabi-4_9-2015q3/bin/../lib/gcc/arm-none-eabi/4.9.3/../../../../arm-none-eabi/lib/armv7e-m/libg_nano.a(lib_a-nano-vfprintf_i.o)
                0x0000000008004934                _printf_i
 .text.memchr   0x0000000008004b74       0x1e /Users/nguyenbui/Documents/Eclipse/ARMToolchain/gcc-arm-none-eabi-4_9-2015q3/bin/../lib/gcc/arm-none-eabi/4.9.3/../../../../arm-none-eabi/lib/armv7e-m/libg_nano.a(lib_a-memchr.o)
                0x0000000008004b74                memchr
 .text.memcpy   0x0000000008004b92       0x16 /Users/nguyenbui/Documents/Eclipse/ARMToolchain/gcc-arm-none-eabi-4_9-2015q3/bin/../lib/gcc/arm-none-eabi/4.9.3/../../../../arm-none-eabi/lib/armv7e-m/libg_nano.a(lib_a-memcpy.o)
                0x0000000008004b92                memcpy
 .text.memmove  0x0000000008004ba8       0x36 /Users/nguyenbui/Documents/Eclipse/ARMToolchain/gcc-arm-none-eabi-4_9-2015q3/bin/../lib/gcc/arm-none-eabi/4.9.3/../../../../arm-none-eabi/lib/armv7e-m/libg_nano.a(lib_a-memmove.o)
                0x0000000008004ba8                memmove
 *fill*         0x0000000008004bde        0x2 
 .text._free_r  0x0000000008004be0       0x88 /Users/nguyenbui/Documents/Eclipse/ARMToolchain/gcc-arm-none-eabi-4_9-2015q3/bin/../lib/gcc/arm-none-eabi/4.9.3/../../../../arm-none-eabi/lib/armv7e-m/libg_nano.a(lib_a-nano-freer.o)
                0x0000000008004be0                _free_r
 .text._malloc_r
                0x0000000008004c68       0xac /Users/nguyenbui/Documents/Eclipse/ARMToolchain/gcc-arm-none-eabi-4_9-2015q3/bin/../lib/gcc/arm-none-eabi/4.9.3/../../../../arm-none-eabi/lib/armv7e-m/libg_nano.a(lib_a-nano-mallocr.o)
                0x0000000008004c68                _malloc_r
 .text._realloc_r
                0x0000000008004d14       0x4c /Users/nguyenbui/Documents/Eclipse/ARMToolchain/gcc-arm-none-eabi-4_9-2015q3/bin/../lib/gcc/arm-none-eabi/4.9.3/../../../../arm-none-eabi/lib/armv7e-m/libg_nano.a(lib_a-nano-reallocr.o)
                0x0000000008004d14                _realloc_r
 .text._sbrk_r  0x0000000008004d60       0x20 /Users/nguyenbui/Documents/Eclipse/ARMToolchain/gcc-arm-none-eabi-4_9-2015q3/bin/../lib/gcc/arm-none-eabi/4.9.3/../../../../arm-none-eabi/lib/armv7e-m/libg_nano.a(lib_a-sbrkr.o)
                0x0000000008004d60                _sbrk_r
 .text._malloc_usable_size_r
                0x0000000008004d80       0x14 /Users/nguyenbui/Documents/Eclipse/ARMToolchain/gcc-arm-none-eabi-4_9-2015q3/bin/../lib/gcc/arm-none-eabi/4.9.3/../../../../arm-none-eabi/lib/armv7e-m/libg_nano.a(lib_a-nano-msizer.o)
                0x0000000008004d80                _malloc_usable_size_r
 *(.rodata .rodata.* .constdata .constdata.*)
 .rodata.str1.4
                0x0000000008004d94       0x2e ./system/src/stm32f4-hal/stm32f4xx_hal_adc.o
 *fill*         0x0000000008004dc2        0x2 
 .rodata.str1.4
                0x0000000008004dc4       0x31 ./system/src/stm32f4-hal/stm32f4xx_hal_cortex.o
 *fill*         0x0000000008004df5        0x3 
 .rodata.str1.4
                0x0000000008004df8       0x2f ./system/src/stm32f4-hal/stm32f4xx_hal_gpio.o
 *fill*         0x0000000008004e27        0x1 
 .rodata.APBAHBPrescTable
                0x0000000008004e28       0x10 ./system/src/stm32f4-hal/stm32f4xx_hal_rcc.o
                0x0000000008004e28                APBAHBPrescTable
 .rodata.str1.4
                0x0000000008004e38       0x2e ./system/src/stm32f4-hal/stm32f4xx_hal_rcc.o
 *fill*         0x0000000008004e66        0x2 
 .rodata.str1.4
                0x0000000008004e68       0x2e ./system/src/stm32f4-hal/stm32f4xx_hal_spi.o
 *fill*         0x0000000008004e96        0x2 
 .rodata.str1.4
                0x0000000008004e98       0x2e ./system/src/stm32f4-hal/stm32f4xx_hal_tim.o
 *fill*         0x0000000008004ec6        0x2 
 .rodata.str1.4
                0x0000000008004ec8       0x31 ./system/src/stm32f4-hal/stm32f4xx_hal_tim_ex.o
 *fill*         0x0000000008004ef9        0x3 
 .rodata.str1.4
                0x0000000008004efc       0x2f ./system/src/stm32f4-hal/stm32f4xx_hal_uart.o
 *fill*         0x0000000008004f2b        0x1 
 .rodata.str1.4
                0x0000000008004f2c      0x146 ./system/src/cortexm/exception_handlers.o
 *fill*         0x0000000008005072        0x2 
 .rodata.AHBPrescTable
                0x0000000008005074       0x10 ./system/src/cmsis/system_stm32f4xx.o
                0x0000000008005074                AHBPrescTable
 .rodata.str1.4
                0x0000000008005084       0x30 ./src/main.o
 .rodata.str1.1
                0x00000000080050b4        0x2 /Users/nguyenbui/Documents/Eclipse/ARMToolchain/gcc-arm-none-eabi-4_9-2015q3/bin/../lib/gcc/arm-none-eabi/4.9.3/../../../../arm-none-eabi/lib/armv7e-m/libg_nano.a(lib_a-impure.o)
 .rodata._ctype_
                0x00000000080050b6      0x101 /Users/nguyenbui/Documents/Eclipse/ARMToolchain/gcc-arm-none-eabi-4_9-2015q3/bin/../lib/gcc/arm-none-eabi/4.9.3/../../../../arm-none-eabi/lib/armv7e-m/libg_nano.a(lib_a-ctype_.o)
                0x00000000080050b6                _ctype_
 .rodata.str1.1
                0x00000000080051b7       0x11 /Users/nguyenbui/Documents/Eclipse/ARMToolchain/gcc-arm-none-eabi-4_9-2015q3/bin/../lib/gcc/arm-none-eabi/4.9.3/../../../../arm-none-eabi/lib/armv7e-m/libg_nano.a(lib_a-nano-svfprintf.o)
 .rodata.str1.1
                0x00000000080051c8       0x22 /Users/nguyenbui/Documents/Eclipse/ARMToolchain/gcc-arm-none-eabi-4_9-2015q3/bin/../lib/gcc/arm-none-eabi/4.9.3/../../../../arm-none-eabi/lib/armv7e-m/libg_nano.a(lib_a-nano-vfprintf_i.o)
 *(vtable)
 *(.eh_frame*)
 *(.glue_7)
 .glue_7        0x0000000000000000        0x0 linker stubs
 *(.glue_7t)
 .glue_7t       0x0000000000000000        0x0 linker stubs

.vfp11_veneer   0x00000000080051ec        0x0
 .vfp11_veneer  0x0000000000000000        0x0 linker stubs

.v4_bx          0x00000000080051ec        0x0
 .v4_bx         0x0000000000000000        0x0 linker stubs

.iplt           0x00000000080051ec        0x0
 .iplt          0x0000000000000000        0x0 ./system/src/stm32f4-hal/stm32f4xx_hal.o

.rel.dyn        0x00000000080051ec        0x0
 .rel.iplt      0x0000000000000000        0x0 ./system/src/stm32f4-hal/stm32f4xx_hal.o

.ARM.extab
 *(.ARM.extab* .gnu.linkonce.armextab.*)
                0x00000000080051ec                . = ALIGN (0x4)
                0x00000000080051ec                __exidx_start = .

.ARM.exidx
 *(.ARM.exidx* .gnu.linkonce.armexidx.*)
                0x00000000080051ec                __exidx_end = .
                0x00000000080051ec                . = ALIGN (0x4)
                0x00000000080051ec                _etext = .
                0x00000000080051ec                __etext = .

.data_CCMRAM    0x0000000010000000        0x0 load address 0x00000000080051ec
 FILL mask 0xff
 *(.data.CCMRAM .data.CCMRAM.*)
                0x0000000010000000                . = ALIGN (0x4)
                0x00000000080051ec                _sidata = LOADADDR (.data)

.data           0x0000000020000000       0x8c load address 0x00000000080051ec
 FILL mask 0xff
                0x0000000020000000                _sdata = .
                0x0000000020000000                __data_start__ = .
 *(.data_begin .data_begin.*)
 .data_begin    0x0000000020000000        0x4 ./system/src/newlib/_startup.o
 *(.data .data.*)
 .data.argv.4160
                0x0000000020000004        0x8 ./system/src/newlib/_syscalls.o
 .data.SystemCoreClock
                0x000000002000000c        0x4 ./system/src/cmsis/system_stm32f4xx.o
                0x000000002000000c                SystemCoreClock
 .data.lKp      0x0000000020000010        0x4 ./src/main.o
 .data.left_speed_set
                0x0000000020000014        0x4 ./src/main.o
                0x0000000020000014                left_speed_set
 .data.lKi      0x0000000020000018        0x4 ./src/main.o
 .data.lKd      0x000000002000001c        0x4 ./src/main.o
 .data.impure_data
                0x0000000020000020       0x60 /Users/nguyenbui/Documents/Eclipse/ARMToolchain/gcc-arm-none-eabi-4_9-2015q3/bin/../lib/gcc/arm-none-eabi/4.9.3/../../../../arm-none-eabi/lib/armv7e-m/libg_nano.a(lib_a-impure.o)
 .data._impure_ptr
                0x0000000020000080        0x4 /Users/nguyenbui/Documents/Eclipse/ARMToolchain/gcc-arm-none-eabi-4_9-2015q3/bin/../lib/gcc/arm-none-eabi/4.9.3/../../../../arm-none-eabi/lib/armv7e-m/libg_nano.a(lib_a-impure.o)
                0x0000000020000080                _impure_ptr
 .data.__ctype_ptr__
                0x0000000020000084        0x4 /Users/nguyenbui/Documents/Eclipse/ARMToolchain/gcc-arm-none-eabi-4_9-2015q3/bin/../lib/gcc/arm-none-eabi/4.9.3/../../../../arm-none-eabi/lib/armv7e-m/libg_nano.a(lib_a-ctype_.o)
                0x0000000020000084                __ctype_ptr__
 *(.data_end .data_end.*)
 .data_end      0x0000000020000088        0x4 ./system/src/newlib/_startup.o
                0x000000002000008c                . = ALIGN (0x4)
                0x000000002000008c                _edata = .
                0x000000002000008c                __data_end__ = .

.igot.plt       0x000000002000008c        0x0 load address 0x0000000008005278
 .igot.plt      0x0000000000000000        0x0 ./system/src/stm32f4-hal/stm32f4xx_hal.o

.bss_CCMRAM     0x0000000010000000        0x0
 *(.bss.CCMRAM .bss.CCMRAM.*)

.bss            0x000000002000008c      0x2f4
                0x000000002000008c                __bss_start__ = .
                0x000000002000008c                _sbss = .
 *(.bss_begin .bss_begin.*)
 .bss_begin     0x000000002000008c        0x4 ./system/src/newlib/_startup.o
 *(.bss .bss.*)
 .bss.current_heap_end.3862
                0x0000000020000090        0x4 ./system/src/newlib/_sbrk.o
 .bss.name.4159
                0x0000000020000094        0x1 ./system/src/newlib/_syscalls.o
 *fill*         0x0000000020000095        0x3 
 .bss.buf.4998  0x0000000020000098       0x80 ./system/src/diag/Trace.o
 .bss.Transfer_cplt
                0x0000000020000118        0x1 ./src/main.o
                0x0000000020000118                Transfer_cplt
 .bss.Rx_indx   0x0000000020000119        0x1 ./src/main.o
                0x0000000020000119                Rx_indx
 *fill*         0x000000002000011a        0x2 
 .bss.__malloc_sbrk_start
                0x000000002000011c        0x4 /Users/nguyenbui/Documents/Eclipse/ARMToolchain/gcc-arm-none-eabi-4_9-2015q3/bin/../lib/gcc/arm-none-eabi/4.9.3/../../../../arm-none-eabi/lib/armv7e-m/libg_nano.a(lib_a-nano-mallocr.o)
                0x000000002000011c                __malloc_sbrk_start
 .bss.__malloc_free_list
                0x0000000020000120        0x4 /Users/nguyenbui/Documents/Eclipse/ARMToolchain/gcc-arm-none-eabi-4_9-2015q3/bin/../lib/gcc/arm-none-eabi/4.9.3/../../../../arm-none-eabi/lib/armv7e-m/libg_nano.a(lib_a-nano-mallocr.o)
                0x0000000020000120                __malloc_free_list
 *(COMMON)
 COMMON         0x0000000020000124        0x4 ./system/src/stm32f4-hal/stm32f4xx_hal.o
                0x0000000020000124                uwTick
 COMMON         0x0000000020000128        0x4 ./system/src/newlib/_syscalls.o
                0x0000000020000128                errno
 COMMON         0x000000002000012c      0x250 ./src/main.o
                0x000000002000012c                right_speed_set
                0x0000000020000130                right_output
                0x0000000020000134                htim4
                0x0000000020000170                left_speed
                0x0000000020000174                left_output
                0x0000000020000178                Rx_data
                0x000000002000017c                Tx_Buffer
                0x0000000020000190                htim5
                0x00000000200001cc                htim3
                0x0000000020000208                hspi3
                0x0000000020000260                hadc1
                0x00000000200002a8                huart1
                0x00000000200002e8                right_speed
                0x00000000200002ec                err
                0x00000000200002f0                htim1
                0x000000002000032c                Rx_Buffer
                0x0000000020000340                htim2
 *(.bss_end .bss_end.*)
 .bss_end       0x000000002000037c        0x4 ./system/src/newlib/_startup.o
                0x0000000020000380                . = ALIGN (0x4)
                0x0000000020000380                __bss_end__ = .
                0x0000000020000380                _ebss = .

.noinit_CCMRAM
 *(.noinit.CCMRAM .noinit.CCMRAM.*)

.noinit         0x0000000020000380        0x0
                0x0000000020000380                _noinit = .
 *(.noinit .noinit.*)
                0x0000000020000380                . = ALIGN (0x4)
                0x0000000020000380                _end_noinit = .
                0x0000000020000380                PROVIDE (end, _end_noinit)
                0x0000000020000380                PROVIDE (_end, _end_noinit)
                0x0000000020000380                PROVIDE (__end, _end_noinit)
                0x0000000020000380                PROVIDE (__end__, _end_noinit)

._check_stack   0x0000000020000380      0x100
                0x0000000020000480                . = (. + _Minimum_Stack_Size)
 *fill*         0x0000000020000380      0x100 

.b1text
 *(.b1text)
 *(.b1rodata)
 *(.b1rodata.*)

.eb0text
 *(.eb0text)
 *(.eb0rodata)
 *(.eb0rodata.*)

.eb1text
 *(.eb1text)
 *(.eb1rodata)
 *(.eb1rodata.*)

.eb2text
 *(.eb2text)
 *(.eb2rodata)
 *(.eb2rodata.*)

.eb3text
 *(.eb3text)
 *(.eb3rodata)
 *(.eb3rodata.*)

.stab
 *(.stab)

.stabstr
 *(.stabstr)

.stab.excl
 *(.stab.excl)

.stab.exclstr
 *(.stab.exclstr)

.stab.index
 *(.stab.index)

.stab.indexstr
 *(.stab.indexstr)

.comment        0x0000000000000000       0x70
 *(.comment)
 .comment       0x0000000000000000       0x70 ./system/src/stm32f4-hal/stm32f4xx_hal.o
                                         0x71 (size before relaxing)
 .comment       0x0000000000000000       0x71 ./system/src/stm32f4-hal/stm32f4xx_hal_adc.o
 .comment       0x0000000000000000       0x71 ./system/src/stm32f4-hal/stm32f4xx_hal_cortex.o
 .comment       0x0000000000000000       0x71 ./system/src/stm32f4-hal/stm32f4xx_hal_gpio.o
 .comment       0x0000000000000000       0x71 ./system/src/stm32f4-hal/stm32f4xx_hal_rcc.o
 .comment       0x0000000000000000       0x71 ./system/src/stm32f4-hal/stm32f4xx_hal_spi.o
 .comment       0x0000000000000000       0x71 ./system/src/stm32f4-hal/stm32f4xx_hal_tim.o
 .comment       0x0000000000000000       0x71 ./system/src/stm32f4-hal/stm32f4xx_hal_tim_ex.o
 .comment       0x0000000000000000       0x71 ./system/src/stm32f4-hal/stm32f4xx_hal_uart.o
 .comment       0x0000000000000000       0x71 ./system/src/newlib/_exit.o
 .comment       0x0000000000000000       0x71 ./system/src/newlib/_sbrk.o
 .comment       0x0000000000000000       0x71 ./system/src/newlib/_startup.o
 .comment       0x0000000000000000       0x71 ./system/src/newlib/_syscalls.o
 .comment       0x0000000000000000       0x71 ./system/src/diag/Trace.o
 .comment       0x0000000000000000       0x71 ./system/src/diag/trace_impl.o
 .comment       0x0000000000000000       0x71 ./system/src/cortexm/_initialize_hardware.o
 .comment       0x0000000000000000       0x71 ./system/src/cortexm/exception_handlers.o
 .comment       0x0000000000000000       0x71 ./system/src/cmsis/system_stm32f4xx.o
 .comment       0x0000000000000000       0x71 ./src/main.o
 .comment       0x0000000000000000       0x71 ./src/stm32f4xx_hal_msp.o
 .comment       0x0000000000000000       0x71 ./src/stm32f4xx_it.o

.ARM.attributes
                0x0000000000000000       0x31
 .ARM.attributes
                0x0000000000000000       0x33 ./system/src/stm32f4-hal/stm32f4xx_hal.o
 .ARM.attributes
                0x0000000000000033       0x33 ./system/src/stm32f4-hal/stm32f4xx_hal_adc.o
 .ARM.attributes
                0x0000000000000066       0x33 ./system/src/stm32f4-hal/stm32f4xx_hal_cortex.o
 .ARM.attributes
                0x0000000000000099       0x33 ./system/src/stm32f4-hal/stm32f4xx_hal_gpio.o
 .ARM.attributes
                0x00000000000000cc       0x33 ./system/src/stm32f4-hal/stm32f4xx_hal_rcc.o
 .ARM.attributes
                0x00000000000000ff       0x33 ./system/src/stm32f4-hal/stm32f4xx_hal_spi.o
 .ARM.attributes
                0x0000000000000132       0x33 ./system/src/stm32f4-hal/stm32f4xx_hal_tim.o
 .ARM.attributes
                0x0000000000000165       0x33 ./system/src/stm32f4-hal/stm32f4xx_hal_tim_ex.o
 .ARM.attributes
                0x0000000000000198       0x33 ./system/src/stm32f4-hal/stm32f4xx_hal_uart.o
 .ARM.attributes
                0x00000000000001cb       0x33 ./system/src/newlib/_exit.o
 .ARM.attributes
                0x00000000000001fe       0x33 ./system/src/newlib/_sbrk.o
 .ARM.attributes
                0x0000000000000231       0x33 ./system/src/newlib/_startup.o
 .ARM.attributes
                0x0000000000000264       0x33 ./system/src/newlib/_syscalls.o
 .ARM.attributes
                0x0000000000000297       0x33 ./system/src/diag/Trace.o
 .ARM.attributes
                0x00000000000002ca       0x33 ./system/src/diag/trace_impl.o
 .ARM.attributes
                0x00000000000002fd       0x33 ./system/src/cortexm/_initialize_hardware.o
 .ARM.attributes
                0x0000000000000330       0x33 ./system/src/cortexm/exception_handlers.o
 .ARM.attributes
                0x0000000000000363       0x21 ./system/src/cmsis/startup_stm32f405xx.o
 .ARM.attributes
                0x0000000000000384       0x33 ./system/src/cmsis/system_stm32f4xx.o
 .ARM.attributes
                0x00000000000003b7       0x33 ./src/main.o
 .ARM.attributes
                0x00000000000003ea       0x33 ./src/stm32f4xx_hal_msp.o
 .ARM.attributes
                0x000000000000041d       0x33 ./src/stm32f4xx_it.o
 .ARM.attributes
                0x0000000000000450       0x2e /Users/nguyenbui/Documents/Eclipse/ARMToolchain/gcc-arm-none-eabi-4_9-2015q3/bin/../lib/gcc/arm-none-eabi/4.9.3/../../../../arm-none-eabi/lib/armv7e-m/libg_nano.a(lib_a-atoi.o)
 .ARM.attributes
                0x000000000000047e       0x2e /Users/nguyenbui/Documents/Eclipse/ARMToolchain/gcc-arm-none-eabi-4_9-2015q3/bin/../lib/gcc/arm-none-eabi/4.9.3/../../../../arm-none-eabi/lib/armv7e-m/libg_nano.a(lib_a-errno.o)
 .ARM.attributes
                0x00000000000004ac       0x2e /Users/nguyenbui/Documents/Eclipse/ARMToolchain/gcc-arm-none-eabi-4_9-2015q3/bin/../lib/gcc/arm-none-eabi/4.9.3/../../../../arm-none-eabi/lib/armv7e-m/libg_nano.a(lib_a-impure.o)
 .ARM.attributes
                0x00000000000004da       0x2e /Users/nguyenbui/Documents/Eclipse/ARMToolchain/gcc-arm-none-eabi-4_9-2015q3/bin/../lib/gcc/arm-none-eabi/4.9.3/../../../../arm-none-eabi/lib/armv7e-m/libg_nano.a(lib_a-sprintf.o)
 .ARM.attributes
                0x0000000000000508       0x2e /Users/nguyenbui/Documents/Eclipse/ARMToolchain/gcc-arm-none-eabi-4_9-2015q3/bin/../lib/gcc/arm-none-eabi/4.9.3/../../../../arm-none-eabi/lib/armv7e-m/libg_nano.a(lib_a-strtol.o)
 .ARM.attributes
                0x0000000000000536       0x2e /Users/nguyenbui/Documents/Eclipse/ARMToolchain/gcc-arm-none-eabi-4_9-2015q3/bin/../lib/gcc/arm-none-eabi/4.9.3/../../../../arm-none-eabi/lib/armv7e-m/libg_nano.a(lib_a-vsnprintf.o)
 .ARM.attributes
                0x0000000000000564       0x2e /Users/nguyenbui/Documents/Eclipse/ARMToolchain/gcc-arm-none-eabi-4_9-2015q3/bin/../lib/gcc/arm-none-eabi/4.9.3/../../../../arm-none-eabi/lib/armv7e-m/libg_nano.a(lib_a-ctype_.o)
 .ARM.attributes
                0x0000000000000592       0x2e /Users/nguyenbui/Documents/Eclipse/ARMToolchain/gcc-arm-none-eabi-4_9-2015q3/bin/../lib/gcc/arm-none-eabi/4.9.3/../../../../arm-none-eabi/lib/armv7e-m/libg_nano.a(lib_a-nano-svfprintf.o)
 .ARM.attributes
                0x00000000000005c0       0x2e /Users/nguyenbui/Documents/Eclipse/ARMToolchain/gcc-arm-none-eabi-4_9-2015q3/bin/../lib/gcc/arm-none-eabi/4.9.3/../../../../arm-none-eabi/lib/armv7e-m/libg_nano.a(lib_a-nano-vfprintf_i.o)
 .ARM.attributes
                0x00000000000005ee       0x2e /Users/nguyenbui/Documents/Eclipse/ARMToolchain/gcc-arm-none-eabi-4_9-2015q3/bin/../lib/gcc/arm-none-eabi/4.9.3/../../../../arm-none-eabi/lib/armv7e-m/libg_nano.a(lib_a-memchr.o)
 .ARM.attributes
                0x000000000000061c       0x2e /Users/nguyenbui/Documents/Eclipse/ARMToolchain/gcc-arm-none-eabi-4_9-2015q3/bin/../lib/gcc/arm-none-eabi/4.9.3/../../../../arm-none-eabi/lib/armv7e-m/libg_nano.a(lib_a-memcpy.o)
 .ARM.attributes
                0x000000000000064a       0x2e /Users/nguyenbui/Documents/Eclipse/ARMToolchain/gcc-arm-none-eabi-4_9-2015q3/bin/../lib/gcc/arm-none-eabi/4.9.3/../../../../arm-none-eabi/lib/armv7e-m/libg_nano.a(lib_a-memmove.o)
 .ARM.attributes
                0x0000000000000678       0x2e /Users/nguyenbui/Documents/Eclipse/ARMToolchain/gcc-arm-none-eabi-4_9-2015q3/bin/../lib/gcc/arm-none-eabi/4.9.3/../../../../arm-none-eabi/lib/armv7e-m/libg_nano.a(lib_a-nano-freer.o)
 .ARM.attributes
                0x00000000000006a6       0x2e /Users/nguyenbui/Documents/Eclipse/ARMToolchain/gcc-arm-none-eabi-4_9-2015q3/bin/../lib/gcc/arm-none-eabi/4.9.3/../../../../arm-none-eabi/lib/armv7e-m/libg_nano.a(lib_a-nano-mallocr.o)
 .ARM.attributes
                0x00000000000006d4       0x2e /Users/nguyenbui/Documents/Eclipse/ARMToolchain/gcc-arm-none-eabi-4_9-2015q3/bin/../lib/gcc/arm-none-eabi/4.9.3/../../../../arm-none-eabi/lib/armv7e-m/libg_nano.a(lib_a-nano-reallocr.o)
 .ARM.attributes
                0x0000000000000702       0x2e /Users/nguyenbui/Documents/Eclipse/ARMToolchain/gcc-arm-none-eabi-4_9-2015q3/bin/../lib/gcc/arm-none-eabi/4.9.3/../../../../arm-none-eabi/lib/armv7e-m/libg_nano.a(lib_a-sbrkr.o)
 .ARM.attributes
                0x0000000000000730       0x2e /Users/nguyenbui/Documents/Eclipse/ARMToolchain/gcc-arm-none-eabi-4_9-2015q3/bin/../lib/gcc/arm-none-eabi/4.9.3/../../../../arm-none-eabi/lib/armv7e-m/libg_nano.a(lib_a-nano-msizer.o)

.debug
 *(.debug)

.line
 *(.line)

.debug_srcinfo
 *(.debug_srcinfo)

.debug_sfnames
 *(.debug_sfnames)

.debug_aranges  0x0000000000000000      0xe30
 *(.debug_aranges)
 .debug_aranges
                0x0000000000000000       0xc0 ./system/src/stm32f4-hal/stm32f4xx_hal.o
 .debug_aranges
                0x00000000000000c0       0xe8 ./system/src/stm32f4-hal/stm32f4xx_hal_adc.o
 .debug_aranges
                0x00000000000001a8       0x98 ./system/src/stm32f4-hal/stm32f4xx_hal_cortex.o
 .debug_aranges
                0x0000000000000240       0x58 ./system/src/stm32f4-hal/stm32f4xx_hal_gpio.o
 .debug_aranges
                0x0000000000000298       0x88 ./system/src/stm32f4-hal/stm32f4xx_hal_rcc.o
 .debug_aranges
                0x0000000000000320      0x1b0 ./system/src/stm32f4-hal/stm32f4xx_hal_spi.o
 .debug_aranges
                0x00000000000004d0      0x368 ./system/src/stm32f4-hal/stm32f4xx_hal_tim.o
 .debug_aranges
                0x0000000000000838      0x140 ./system/src/stm32f4-hal/stm32f4xx_hal_tim_ex.o
 .debug_aranges
                0x0000000000000978      0x150 ./system/src/stm32f4-hal/stm32f4xx_hal_uart.o
 .debug_aranges
                0x0000000000000ac8       0x28 ./system/src/newlib/_exit.o
 .debug_aranges
                0x0000000000000af0       0x20 ./system/src/newlib/_sbrk.o
 .debug_aranges
                0x0000000000000b10       0x40 ./system/src/newlib/_startup.o
 .debug_aranges
                0x0000000000000b50       0x30 ./system/src/newlib/_syscalls.o
 .debug_aranges
                0x0000000000000b80       0x38 ./system/src/diag/Trace.o
 .debug_aranges
                0x0000000000000bb8       0x30 ./system/src/diag/trace_impl.o
 .debug_aranges
                0x0000000000000be8       0x28 ./system/src/cortexm/_initialize_hardware.o
 .debug_aranges
                0x0000000000000c10       0x90 ./system/src/cortexm/exception_handlers.o
 .debug_aranges
                0x0000000000000ca0       0x28 ./system/src/cmsis/startup_stm32f405xx.o
 .debug_aranges
                0x0000000000000cc8       0x28 ./system/src/cmsis/system_stm32f4xx.o
 .debug_aranges
                0x0000000000000cf0       0x88 ./src/main.o
 .debug_aranges
                0x0000000000000d78       0x88 ./src/stm32f4xx_hal_msp.o
 .debug_aranges
                0x0000000000000e00       0x30 ./src/stm32f4xx_it.o

.debug_pubnames
 *(.debug_pubnames)

.debug_info     0x0000000000000000    0x13448
 *(.debug_info .gnu.linkonce.wi.*)
 .debug_info    0x0000000000000000      0x90e ./system/src/stm32f4-hal/stm32f4xx_hal.o
 .debug_info    0x000000000000090e     0x11d1 ./system/src/stm32f4-hal/stm32f4xx_hal_adc.o
 .debug_info    0x0000000000001adf     0x1104 ./system/src/stm32f4-hal/stm32f4xx_hal_cortex.o
 .debug_info    0x0000000000002be3      0x86b ./system/src/stm32f4-hal/stm32f4xx_hal_gpio.o
 .debug_info    0x000000000000344e      0xf93 ./system/src/stm32f4-hal/stm32f4xx_hal_rcc.o
 .debug_info    0x00000000000043e1     0x1ac7 ./system/src/stm32f4-hal/stm32f4xx_hal_spi.o
 .debug_info    0x0000000000005ea8     0x4350 ./system/src/stm32f4-hal/stm32f4xx_hal_tim.o
 .debug_info    0x000000000000a1f8     0x1906 ./system/src/stm32f4-hal/stm32f4xx_hal_tim_ex.o
 .debug_info    0x000000000000bafe     0x14f0 ./system/src/stm32f4-hal/stm32f4xx_hal_uart.o
 .debug_info    0x000000000000cfee      0x100 ./system/src/newlib/_exit.o
 .debug_info    0x000000000000d0ee      0x125 ./system/src/newlib/_sbrk.o
 .debug_info    0x000000000000d213      0x50f ./system/src/newlib/_startup.o
 .debug_info    0x000000000000d722      0x1a9 ./system/src/newlib/_syscalls.o
 .debug_info    0x000000000000d8cb      0x32b ./system/src/diag/Trace.o
 .debug_info    0x000000000000dbf6      0x304 ./system/src/diag/trace_impl.o
 .debug_info    0x000000000000defa      0x2ad ./system/src/cortexm/_initialize_hardware.o
 .debug_info    0x000000000000e1a7      0x8f2 ./system/src/cortexm/exception_handlers.o
 .debug_info    0x000000000000ea99       0x8f ./system/src/cmsis/startup_stm32f405xx.o
 .debug_info    0x000000000000eb28      0x4a5 ./system/src/cmsis/system_stm32f4xx.o
 .debug_info    0x000000000000efcd     0x2502 ./src/main.o
 .debug_info    0x00000000000114cf     0x1678 ./src/stm32f4xx_hal_msp.o
 .debug_info    0x0000000000012b47      0x901 ./src/stm32f4xx_it.o

.debug_abbrev   0x0000000000000000     0x286b
 *(.debug_abbrev)
 .debug_abbrev  0x0000000000000000      0x25d ./system/src/stm32f4-hal/stm32f4xx_hal.o
 .debug_abbrev  0x000000000000025d      0x2a8 ./system/src/stm32f4-hal/stm32f4xx_hal_adc.o
 .debug_abbrev  0x0000000000000505      0x2fc ./system/src/stm32f4-hal/stm32f4xx_hal_cortex.o
 .debug_abbrev  0x0000000000000801      0x209 ./system/src/stm32f4-hal/stm32f4xx_hal_gpio.o
 .debug_abbrev  0x0000000000000a0a      0x306 ./system/src/stm32f4-hal/stm32f4xx_hal_rcc.o
 .debug_abbrev  0x0000000000000d10      0x247 ./system/src/stm32f4-hal/stm32f4xx_hal_spi.o
 .debug_abbrev  0x0000000000000f57      0x23f ./system/src/stm32f4-hal/stm32f4xx_hal_tim.o
 .debug_abbrev  0x0000000000001196      0x22c ./system/src/stm32f4-hal/stm32f4xx_hal_tim_ex.o
 .debug_abbrev  0x00000000000013c2      0x276 ./system/src/stm32f4-hal/stm32f4xx_hal_uart.o
 .debug_abbrev  0x0000000000001638       0xa4 ./system/src/newlib/_exit.o
 .debug_abbrev  0x00000000000016dc       0xbb ./system/src/newlib/_sbrk.o
 .debug_abbrev  0x0000000000001797      0x211 ./system/src/newlib/_startup.o
 .debug_abbrev  0x00000000000019a8       0xe7 ./system/src/newlib/_syscalls.o
 .debug_abbrev  0x0000000000001a8f      0x178 ./system/src/diag/Trace.o
 .debug_abbrev  0x0000000000001c07      0x1bd ./system/src/diag/trace_impl.o
 .debug_abbrev  0x0000000000001dc4       0xea ./system/src/cortexm/_initialize_hardware.o
 .debug_abbrev  0x0000000000001eae      0x23e ./system/src/cortexm/exception_handlers.o
 .debug_abbrev  0x00000000000020ec       0x12 ./system/src/cmsis/startup_stm32f405xx.o
 .debug_abbrev  0x00000000000020fe      0x104 ./system/src/cmsis/system_stm32f4xx.o
 .debug_abbrev  0x0000000000002202      0x2c1 ./src/main.o
 .debug_abbrev  0x00000000000024c3      0x207 ./src/stm32f4xx_hal_msp.o
 .debug_abbrev  0x00000000000026ca      0x1a1 ./src/stm32f4xx_it.o

.debug_line     0x0000000000000000     0xd4ed
 *(.debug_line)
 .debug_line    0x0000000000000000      0x799 ./system/src/stm32f4-hal/stm32f4xx_hal.o
 .debug_line    0x0000000000000799      0xca8 ./system/src/stm32f4-hal/stm32f4xx_hal_adc.o
 .debug_line    0x0000000000001441      0x87a ./system/src/stm32f4-hal/stm32f4xx_hal_cortex.o
 .debug_line    0x0000000000001cbb      0x920 ./system/src/stm32f4-hal/stm32f4xx_hal_gpio.o
 .debug_line    0x00000000000025db      0xa42 ./system/src/stm32f4-hal/stm32f4xx_hal_rcc.o
 .debug_line    0x000000000000301d      0xf93 ./system/src/stm32f4-hal/stm32f4xx_hal_spi.o
 .debug_line    0x0000000000003fb0     0x3358 ./system/src/stm32f4-hal/stm32f4xx_hal_tim.o
 .debug_line    0x0000000000007308     0x10e1 ./system/src/stm32f4-hal/stm32f4xx_hal_tim_ex.o
 .debug_line    0x00000000000083e9      0xe9d ./system/src/stm32f4-hal/stm32f4xx_hal_uart.o
 .debug_line    0x0000000000009286      0x31e ./system/src/newlib/_exit.o
 .debug_line    0x00000000000095a4      0x2cc ./system/src/newlib/_sbrk.o
 .debug_line    0x0000000000009870      0x39c ./system/src/newlib/_startup.o
 .debug_line    0x0000000000009c0c      0x40e ./system/src/newlib/_syscalls.o
 .debug_line    0x000000000000a01a      0x379 ./system/src/diag/Trace.o
 .debug_line    0x000000000000a393      0x6d1 ./system/src/diag/trace_impl.o
 .debug_line    0x000000000000aa64      0x63a ./system/src/cortexm/_initialize_hardware.o
 .debug_line    0x000000000000b09e      0x780 ./system/src/cortexm/exception_handlers.o
 .debug_line    0x000000000000b81e       0x88 ./system/src/cmsis/startup_stm32f405xx.o
 .debug_line    0x000000000000b8a6      0x63a ./system/src/cmsis/system_stm32f4xx.o
 .debug_line    0x000000000000bee0      0x88f ./src/main.o
 .debug_line    0x000000000000c76f      0x748 ./src/stm32f4xx_hal_msp.o
 .debug_line    0x000000000000ceb7      0x636 ./src/stm32f4xx_it.o

.debug_frame    0x0000000000000000     0x29f8
 *(.debug_frame)
 .debug_frame   0x0000000000000000      0x188 ./system/src/stm32f4-hal/stm32f4xx_hal.o
 .debug_frame   0x0000000000000188      0x27c ./system/src/stm32f4-hal/stm32f4xx_hal_adc.o
 .debug_frame   0x0000000000000404      0x17c ./system/src/stm32f4-hal/stm32f4xx_hal_cortex.o
 .debug_frame   0x0000000000000580       0xfc ./system/src/stm32f4-hal/stm32f4xx_hal_gpio.o
 .debug_frame   0x000000000000067c      0x144 ./system/src/stm32f4-hal/stm32f4xx_hal_rcc.o
 .debug_frame   0x00000000000007c0      0x510 ./system/src/stm32f4-hal/stm32f4xx_hal_spi.o
 .debug_frame   0x0000000000000cd0      0xa88 ./system/src/stm32f4-hal/stm32f4xx_hal_tim.o
 .debug_frame   0x0000000000001758      0x3e4 ./system/src/stm32f4-hal/stm32f4xx_hal_tim_ex.o
 .debug_frame   0x0000000000001b3c      0x39c ./system/src/stm32f4-hal/stm32f4xx_hal_uart.o
 .debug_frame   0x0000000000001ed8       0x38 ./system/src/newlib/_exit.o
 .debug_frame   0x0000000000001f10       0x28 ./system/src/newlib/_sbrk.o
 .debug_frame   0x0000000000001f38       0x7c ./system/src/newlib/_startup.o
 .debug_frame   0x0000000000001fb4       0x50 ./system/src/newlib/_syscalls.o
 .debug_frame   0x0000000000002004       0x94 ./system/src/diag/Trace.o
 .debug_frame   0x0000000000002098       0x60 ./system/src/diag/trace_impl.o
 .debug_frame   0x00000000000020f8       0x40 ./system/src/cortexm/_initialize_hardware.o
 .debug_frame   0x0000000000002138      0x158 ./system/src/cortexm/exception_handlers.o
 .debug_frame   0x0000000000002290       0x30 ./system/src/cmsis/system_stm32f4xx.o
 .debug_frame   0x00000000000022c0      0x1b0 ./src/main.o
 .debug_frame   0x0000000000002470      0x190 ./src/stm32f4xx_hal_msp.o
 .debug_frame   0x0000000000002600       0x58 ./src/stm32f4xx_it.o
 .debug_frame   0x0000000000002658       0x30 /Users/nguyenbui/Documents/Eclipse/ARMToolchain/gcc-arm-none-eabi-4_9-2015q3/bin/../lib/gcc/arm-none-eabi/4.9.3/../../../../arm-none-eabi/lib/armv7e-m/libg_nano.a(lib_a-atoi.o)
 .debug_frame   0x0000000000002688       0x20 /Users/nguyenbui/Documents/Eclipse/ARMToolchain/gcc-arm-none-eabi-4_9-2015q3/bin/../lib/gcc/arm-none-eabi/4.9.3/../../../../arm-none-eabi/lib/armv7e-m/libg_nano.a(lib_a-errno.o)
 .debug_frame   0x00000000000026a8       0x70 /Users/nguyenbui/Documents/Eclipse/ARMToolchain/gcc-arm-none-eabi-4_9-2015q3/bin/../lib/gcc/arm-none-eabi/4.9.3/../../../../arm-none-eabi/lib/armv7e-m/libg_nano.a(lib_a-sprintf.o)
 .debug_frame   0x0000000000002718       0x54 /Users/nguyenbui/Documents/Eclipse/ARMToolchain/gcc-arm-none-eabi-4_9-2015q3/bin/../lib/gcc/arm-none-eabi/4.9.3/../../../../arm-none-eabi/lib/armv7e-m/libg_nano.a(lib_a-strtol.o)
 .debug_frame   0x000000000000276c       0x50 /Users/nguyenbui/Documents/Eclipse/ARMToolchain/gcc-arm-none-eabi-4_9-2015q3/bin/../lib/gcc/arm-none-eabi/4.9.3/../../../../arm-none-eabi/lib/armv7e-m/libg_nano.a(lib_a-vsnprintf.o)
 .debug_frame   0x00000000000027bc       0x8c /Users/nguyenbui/Documents/Eclipse/ARMToolchain/gcc-arm-none-eabi-4_9-2015q3/bin/../lib/gcc/arm-none-eabi/4.9.3/../../../../arm-none-eabi/lib/armv7e-m/libg_nano.a(lib_a-nano-svfprintf.o)
 .debug_frame   0x0000000000002848       0x58 /Users/nguyenbui/Documents/Eclipse/ARMToolchain/gcc-arm-none-eabi-4_9-2015q3/bin/../lib/gcc/arm-none-eabi/4.9.3/../../../../arm-none-eabi/lib/armv7e-m/libg_nano.a(lib_a-nano-vfprintf_i.o)
 .debug_frame   0x00000000000028a0       0x28 /Users/nguyenbui/Documents/Eclipse/ARMToolchain/gcc-arm-none-eabi-4_9-2015q3/bin/../lib/gcc/arm-none-eabi/4.9.3/../../../../arm-none-eabi/lib/armv7e-m/libg_nano.a(lib_a-memchr.o)
 .debug_frame   0x00000000000028c8       0x28 /Users/nguyenbui/Documents/Eclipse/ARMToolchain/gcc-arm-none-eabi-4_9-2015q3/bin/../lib/gcc/arm-none-eabi/4.9.3/../../../../arm-none-eabi/lib/armv7e-m/libg_nano.a(lib_a-memcpy.o)
 .debug_frame   0x00000000000028f0       0x28 /Users/nguyenbui/Documents/Eclipse/ARMToolchain/gcc-arm-none-eabi-4_9-2015q3/bin/../lib/gcc/arm-none-eabi/4.9.3/../../../../arm-none-eabi/lib/armv7e-m/libg_nano.a(lib_a-memmove.o)
 .debug_frame   0x0000000000002918       0x2c /Users/nguyenbui/Documents/Eclipse/ARMToolchain/gcc-arm-none-eabi-4_9-2015q3/bin/../lib/gcc/arm-none-eabi/4.9.3/../../../../arm-none-eabi/lib/armv7e-m/libg_nano.a(lib_a-nano-freer.o)
 .debug_frame   0x0000000000002944       0x2c /Users/nguyenbui/Documents/Eclipse/ARMToolchain/gcc-arm-none-eabi-4_9-2015q3/bin/../lib/gcc/arm-none-eabi/4.9.3/../../../../arm-none-eabi/lib/armv7e-m/libg_nano.a(lib_a-nano-mallocr.o)
 .debug_frame   0x0000000000002970       0x3c /Users/nguyenbui/Documents/Eclipse/ARMToolchain/gcc-arm-none-eabi-4_9-2015q3/bin/../lib/gcc/arm-none-eabi/4.9.3/../../../../arm-none-eabi/lib/armv7e-m/libg_nano.a(lib_a-nano-reallocr.o)
 .debug_frame   0x00000000000029ac       0x2c /Users/nguyenbui/Documents/Eclipse/ARMToolchain/gcc-arm-none-eabi-4_9-2015q3/bin/../lib/gcc/arm-none-eabi/4.9.3/../../../../arm-none-eabi/lib/armv7e-m/libg_nano.a(lib_a-sbrkr.o)
 .debug_frame   0x00000000000029d8       0x20 /Users/nguyenbui/Documents/Eclipse/ARMToolchain/gcc-arm-none-eabi-4_9-2015q3/bin/../lib/gcc/arm-none-eabi/4.9.3/../../../../arm-none-eabi/lib/armv7e-m/libg_nano.a(lib_a-nano-msizer.o)

.debug_str      0x0000000000000000    0x81ad8
 *(.debug_str)
 .debug_str     0x0000000000000000    0x7b7f4 ./system/src/stm32f4-hal/stm32f4xx_hal.o
                                      0x7bc04 (size before relaxing)
 .debug_str     0x000000000007b7f4      0x712 ./system/src/stm32f4-hal/stm32f4xx_hal_adc.o
                                      0x7b845 (size before relaxing)
 .debug_str     0x000000000007bf06      0x363 ./system/src/stm32f4-hal/stm32f4xx_hal_cortex.o
                                      0x7ba6e (size before relaxing)
 .debug_str     0x000000000007c269      0x2dd ./system/src/stm32f4-hal/stm32f4xx_hal_gpio.o
                                      0x7b498 (size before relaxing)
 .debug_str     0x000000000007c546      0x384 ./system/src/stm32f4-hal/stm32f4xx_hal_rcc.o
                                      0x7b636 (size before relaxing)
 .debug_str     0x000000000007c8ca      0x65b ./system/src/stm32f4-hal/stm32f4xx_hal_spi.o
                                      0x7ba0b (size before relaxing)
 .debug_str     0x000000000007cf25      0xe61 ./system/src/stm32f4-hal/stm32f4xx_hal_tim.o
                                      0x7c2a1 (size before relaxing)
 .debug_str     0x000000000007dd86      0x4e2 ./system/src/stm32f4-hal/stm32f4xx_hal_tim_ex.o
                                      0x7bb59 (size before relaxing)
 .debug_str     0x000000000007e268      0x4bb ./system/src/stm32f4-hal/stm32f4xx_hal_uart.o
                                      0x7b912 (size before relaxing)
 .debug_str     0x000000000007e723     0x108b ./system/src/newlib/_exit.o
                                       0x6032 (size before relaxing)
 .debug_str     0x000000000007f7ae      0x4de ./system/src/newlib/_sbrk.o
                                       0x5443 (size before relaxing)
 .debug_str     0x000000000007fc8c      0x2cc ./system/src/newlib/_startup.o
                                       0x5081 (size before relaxing)
 .debug_str     0x000000000007ff58     0x11b1 ./system/src/newlib/_syscalls.o
                                       0x6636 (size before relaxing)
 .debug_str     0x0000000000081109      0x191 ./system/src/diag/Trace.o
                                       0x6953 (size before relaxing)
 .debug_str     0x000000000008129a      0x372 ./system/src/diag/trace_impl.o
                                      0x7c331 (size before relaxing)
 .debug_str     0x000000000008160c       0x5e ./system/src/cortexm/_initialize_hardware.o
                                      0x7b143 (size before relaxing)
 .debug_str     0x000000000008166a      0x19d ./system/src/cortexm/exception_handlers.o
                                      0x7c4b8 (size before relaxing)
 .debug_str     0x0000000000081807       0x46 ./system/src/cmsis/system_stm32f4xx.o
                                      0x7b22c (size before relaxing)
 .debug_str     0x000000000008184d      0x206 ./src/main.o
                                      0x7c800 (size before relaxing)
 .debug_str     0x0000000000081a53       0x3b ./src/stm32f4xx_hal_msp.o
                                      0x7c14d (size before relaxing)
 .debug_str     0x0000000000081a8e       0x4a ./src/stm32f4xx_it.o
                                      0x7b748 (size before relaxing)

.debug_loc      0x0000000000000000     0x7a1e
 *(.debug_loc)
 .debug_loc     0x0000000000000000       0x90 ./system/src/stm32f4-hal/stm32f4xx_hal.o
 .debug_loc     0x0000000000000090      0x6d6 ./system/src/stm32f4-hal/stm32f4xx_hal_adc.o
 .debug_loc     0x0000000000000766      0x61b ./system/src/stm32f4-hal/stm32f4xx_hal_cortex.o
 .debug_loc     0x0000000000000d81      0x488 ./system/src/stm32f4-hal/stm32f4xx_hal_gpio.o
 .debug_loc     0x0000000000001209      0x607 ./system/src/stm32f4-hal/stm32f4xx_hal_rcc.o
 .debug_loc     0x0000000000001810     0x11a1 ./system/src/stm32f4-hal/stm32f4xx_hal_spi.o
 .debug_loc     0x00000000000029b1     0x273f ./system/src/stm32f4-hal/stm32f4xx_hal_tim.o
 .debug_loc     0x00000000000050f0      0xc76 ./system/src/stm32f4-hal/stm32f4xx_hal_tim_ex.o
 .debug_loc     0x0000000000005d66      0xf08 ./system/src/stm32f4-hal/stm32f4xx_hal_uart.o
 .debug_loc     0x0000000000006c6e       0x82 ./system/src/newlib/_sbrk.o
 .debug_loc     0x0000000000006cf0      0x36e ./system/src/newlib/_startup.o
 .debug_loc     0x000000000000705e       0x63 ./system/src/newlib/_syscalls.o
 .debug_loc     0x00000000000070c1       0xf7 ./system/src/diag/Trace.o
 .debug_loc     0x00000000000071b8      0x17c ./system/src/diag/trace_impl.o
 .debug_loc     0x0000000000007334      0x2a8 ./system/src/cortexm/exception_handlers.o
 .debug_loc     0x00000000000075dc      0x137 ./system/src/cmsis/system_stm32f4xx.o
 .debug_loc     0x0000000000007713      0x11e ./src/main.o
 .debug_loc     0x0000000000007831      0x1ed ./src/stm32f4xx_hal_msp.o

.debug_macinfo
 *(.debug_macinfo)

.debug_weaknames
 *(.debug_weaknames)

.debug_funcnames
 *(.debug_funcnames)

.debug_typenames
 *(.debug_typenames)

.debug_varnames
 *(.debug_varnames)
OUTPUT(test2.elf elf32-littlearm)

.debug_ranges   0x0000000000000000      0xd08
 .debug_ranges  0x0000000000000000       0xb0 ./system/src/stm32f4-hal/stm32f4xx_hal.o
 .debug_ranges  0x00000000000000b0       0xd8 ./system/src/stm32f4-hal/stm32f4xx_hal_adc.o
 .debug_ranges  0x0000000000000188       0x88 ./system/src/stm32f4-hal/stm32f4xx_hal_cortex.o
 .debug_ranges  0x0000000000000210       0x48 ./system/src/stm32f4-hal/stm32f4xx_hal_gpio.o
 .debug_ranges  0x0000000000000258       0x78 ./system/src/stm32f4-hal/stm32f4xx_hal_rcc.o
 .debug_ranges  0x00000000000002d0      0x1a0 ./system/src/stm32f4-hal/stm32f4xx_hal_spi.o
 .debug_ranges  0x0000000000000470      0x358 ./system/src/stm32f4-hal/stm32f4xx_hal_tim.o
 .debug_ranges  0x00000000000007c8      0x130 ./system/src/stm32f4-hal/stm32f4xx_hal_tim_ex.o
 .debug_ranges  0x00000000000008f8      0x140 ./system/src/stm32f4-hal/stm32f4xx_hal_uart.o
 .debug_ranges  0x0000000000000a38       0x18 ./system/src/newlib/_exit.o
 .debug_ranges  0x0000000000000a50       0x10 ./system/src/newlib/_sbrk.o
 .debug_ranges  0x0000000000000a60       0x30 ./system/src/newlib/_startup.o
 .debug_ranges  0x0000000000000a90       0x20 ./system/src/newlib/_syscalls.o
 .debug_ranges  0x0000000000000ab0       0x28 ./system/src/diag/Trace.o
 .debug_ranges  0x0000000000000ad8       0x38 ./system/src/diag/trace_impl.o
 .debug_ranges  0x0000000000000b10       0x18 ./system/src/cortexm/_initialize_hardware.o
 .debug_ranges  0x0000000000000b28       0x98 ./system/src/cortexm/exception_handlers.o
 .debug_ranges  0x0000000000000bc0       0x20 ./system/src/cmsis/startup_stm32f405xx.o
 .debug_ranges  0x0000000000000be0       0x18 ./system/src/cmsis/system_stm32f4xx.o
 .debug_ranges  0x0000000000000bf8       0x78 ./src/main.o
 .debug_ranges  0x0000000000000c70       0x78 ./src/stm32f4xx_hal_msp.o
 .debug_ranges  0x0000000000000ce8       0x20 ./src/stm32f4xx_it.o

.debug_macro    0x0000000000000000    0x15ffc
 .debug_macro   0x0000000000000000      0x2f9 ./system/src/stm32f4-hal/stm32f4xx_hal.o
 .debug_macro   0x00000000000002f9      0x898 ./system/src/stm32f4-hal/stm32f4xx_hal.o
 .debug_macro   0x0000000000000b91       0xc4 ./system/src/stm32f4-hal/stm32f4xx_hal.o
 .debug_macro   0x0000000000000c55      0x1b6 ./system/src/stm32f4-hal/stm32f4xx_hal.o
 .debug_macro   0x0000000000000e0b       0x2e ./system/src/stm32f4-hal/stm32f4xx_hal.o
 .debug_macro   0x0000000000000e39       0x28 ./system/src/stm32f4-hal/stm32f4xx_hal.o
 .debug_macro   0x0000000000000e61      0x34e ./system/src/stm32f4-hal/stm32f4xx_hal.o
 .debug_macro   0x00000000000011af       0x35 ./system/src/stm32f4-hal/stm32f4xx_hal.o
 .debug_macro   0x00000000000011e4       0x50 ./system/src/stm32f4-hal/stm32f4xx_hal.o
 .debug_macro   0x0000000000001234      0xe66 ./system/src/stm32f4-hal/stm32f4xx_hal.o
 .debug_macro   0x000000000000209a     0x891e ./system/src/stm32f4-hal/stm32f4xx_hal.o
 .debug_macro   0x000000000000a9b8       0x43 ./system/src/stm32f4-hal/stm32f4xx_hal.o
 .debug_macro   0x000000000000a9fb     0x33a6 ./system/src/stm32f4-hal/stm32f4xx_hal.o
 .debug_macro   0x000000000000dda1       0x58 ./system/src/stm32f4-hal/stm32f4xx_hal.o
 .debug_macro   0x000000000000ddf9       0x22 ./system/src/stm32f4-hal/stm32f4xx_hal.o
 .debug_macro   0x000000000000de1b       0x35 ./system/src/stm32f4-hal/stm32f4xx_hal.o
 .debug_macro   0x000000000000de50       0x9c ./system/src/stm32f4-hal/stm32f4xx_hal.o
 .debug_macro   0x000000000000deec       0x16 ./system/src/stm32f4-hal/stm32f4xx_hal.o
 .debug_macro   0x000000000000df02       0x4a ./system/src/stm32f4-hal/stm32f4xx_hal.o
 .debug_macro   0x000000000000df4c       0x97 ./system/src/stm32f4-hal/stm32f4xx_hal.o
 .debug_macro   0x000000000000dfe3      0x27a ./system/src/stm32f4-hal/stm32f4xx_hal.o
 .debug_macro   0x000000000000e25d       0xf6 ./system/src/stm32f4-hal/stm32f4xx_hal.o
 .debug_macro   0x000000000000e353       0x10 ./system/src/stm32f4-hal/stm32f4xx_hal.o
 .debug_macro   0x000000000000e363       0x52 ./system/src/stm32f4-hal/stm32f4xx_hal.o
 .debug_macro   0x000000000000e3b5       0x16 ./system/src/stm32f4-hal/stm32f4xx_hal.o
 .debug_macro   0x000000000000e3cb       0x43 ./system/src/stm32f4-hal/stm32f4xx_hal.o
 .debug_macro   0x000000000000e40e      0x180 ./system/src/stm32f4-hal/stm32f4xx_hal.o
 .debug_macro   0x000000000000e58e       0x10 ./system/src/stm32f4-hal/stm32f4xx_hal.o
 .debug_macro   0x000000000000e59e       0x22 ./system/src/stm32f4-hal/stm32f4xx_hal.o
 .debug_macro   0x000000000000e5c0       0x22 ./system/src/stm32f4-hal/stm32f4xx_hal.o
 .debug_macro   0x000000000000e5e2       0xbe ./system/src/stm32f4-hal/stm32f4xx_hal.o
 .debug_macro   0x000000000000e6a0       0x16 ./system/src/stm32f4-hal/stm32f4xx_hal.o
 .debug_macro   0x000000000000e6b6      0x197 ./system/src/stm32f4-hal/stm32f4xx_hal.o
 .debug_macro   0x000000000000e84d       0x57 ./system/src/stm32f4-hal/stm32f4xx_hal.o
 .debug_macro   0x000000000000e8a4      0x8a0 ./system/src/stm32f4-hal/stm32f4xx_hal.o
 .debug_macro   0x000000000000f144      0x9da ./system/src/stm32f4-hal/stm32f4xx_hal.o
 .debug_macro   0x000000000000fb1e      0x11e ./system/src/stm32f4-hal/stm32f4xx_hal.o
 .debug_macro   0x000000000000fc3c      0x130 ./system/src/stm32f4-hal/stm32f4xx_hal.o
 .debug_macro   0x000000000000fd6c       0x27 ./system/src/stm32f4-hal/stm32f4xx_hal.o
 .debug_macro   0x000000000000fd93      0x272 ./system/src/stm32f4-hal/stm32f4xx_hal.o
 .debug_macro   0x0000000000010005       0x5f ./system/src/stm32f4-hal/stm32f4xx_hal.o
 .debug_macro   0x0000000000010064      0x23a ./system/src/stm32f4-hal/stm32f4xx_hal.o
 .debug_macro   0x000000000001029e      0x391 ./system/src/stm32f4-hal/stm32f4xx_hal.o
 .debug_macro   0x000000000001062f      0x16f ./system/src/stm32f4-hal/stm32f4xx_hal.o
 .debug_macro   0x000000000001079e       0xf9 ./system/src/stm32f4-hal/stm32f4xx_hal.o
 .debug_macro   0x0000000000010897      0x13a ./system/src/stm32f4-hal/stm32f4xx_hal.o
 .debug_macro   0x00000000000109d1      0x21e ./system/src/stm32f4-hal/stm32f4xx_hal.o
 .debug_macro   0x0000000000010bef       0x2e ./system/src/stm32f4-hal/stm32f4xx_hal.o
 .debug_macro   0x0000000000010c1d      0x11e ./system/src/stm32f4-hal/stm32f4xx_hal.o
 .debug_macro   0x0000000000010d3b       0x7f ./system/src/stm32f4-hal/stm32f4xx_hal.o
 .debug_macro   0x0000000000010dba       0x89 ./system/src/stm32f4-hal/stm32f4xx_hal.o
 .debug_macro   0x0000000000010e43      0x202 ./system/src/stm32f4-hal/stm32f4xx_hal.o
 .debug_macro   0x0000000000011045      0x6d9 ./system/src/stm32f4-hal/stm32f4xx_hal.o
 .debug_macro   0x000000000001171e       0x5b ./system/src/stm32f4-hal/stm32f4xx_hal.o
 .debug_macro   0x0000000000011779      0x14d ./system/src/stm32f4-hal/stm32f4xx_hal.o
 .debug_macro   0x00000000000118c6      0x287 ./system/src/stm32f4-hal/stm32f4xx_hal.o
 .debug_macro   0x0000000000011b4d      0x125 ./system/src/stm32f4-hal/stm32f4xx_hal.o
 .debug_macro   0x0000000000011c72      0x2ac ./system/src/stm32f4-hal/stm32f4xx_hal_adc.o
 .debug_macro   0x0000000000011f1e      0x2ab ./system/src/stm32f4-hal/stm32f4xx_hal_cortex.o
 .debug_macro   0x00000000000121c9      0x2e3 ./system/src/stm32f4-hal/stm32f4xx_hal_gpio.o
 .debug_macro   0x00000000000124ac      0x2d5 ./system/src/stm32f4-hal/stm32f4xx_hal_rcc.o
 .debug_macro   0x0000000000012781      0x2b3 ./system/src/stm32f4-hal/stm32f4xx_hal_spi.o
 .debug_macro   0x0000000000012a34      0x2ac ./system/src/stm32f4-hal/stm32f4xx_hal_tim.o
 .debug_macro   0x0000000000012ce0      0x2ab ./system/src/stm32f4-hal/stm32f4xx_hal_tim_ex.o
 .debug_macro   0x0000000000012f8b      0x2ac ./system/src/stm32f4-hal/stm32f4xx_hal_uart.o
 .debug_macro   0x0000000000013237      0x131 ./system/src/newlib/_exit.o
 .debug_macro   0x0000000000013368      0x10e ./system/src/newlib/_exit.o
 .debug_macro   0x0000000000013476       0x86 ./system/src/newlib/_exit.o
 .debug_macro   0x00000000000134fc       0x35 ./system/src/newlib/_exit.o
 .debug_macro   0x0000000000013531       0xed ./system/src/newlib/_sbrk.o
 .debug_macro   0x000000000001361e      0x16d ./system/src/newlib/_sbrk.o
 .debug_macro   0x000000000001378b       0x10 ./system/src/newlib/_sbrk.o
 .debug_macro   0x000000000001379b      0x23b ./system/src/newlib/_sbrk.o
 .debug_macro   0x00000000000139d6       0xf7 ./system/src/newlib/_startup.o
 .debug_macro   0x0000000000013acd      0x89e ./system/src/newlib/_startup.o
 .debug_macro   0x000000000001436b      0x1ad ./system/src/newlib/_syscalls.o
 .debug_macro   0x0000000000014518       0x1c ./system/src/newlib/_syscalls.o
 .debug_macro   0x0000000000014534       0x10 ./system/src/newlib/_syscalls.o
 .debug_macro   0x0000000000014544       0x10 ./system/src/newlib/_syscalls.o
 .debug_macro   0x0000000000014554       0x10 ./system/src/newlib/_syscalls.o
 .debug_macro   0x0000000000014564       0x10 ./system/src/newlib/_syscalls.o
 .debug_macro   0x0000000000014574       0x35 ./system/src/newlib/_syscalls.o
 .debug_macro   0x00000000000145a9      0x122 ./system/src/newlib/_syscalls.o
 .debug_macro   0x00000000000146cb       0x2e ./system/src/newlib/_syscalls.o
 .debug_macro   0x00000000000146f9       0x82 ./system/src/newlib/_syscalls.o
 .debug_macro   0x000000000001477b       0x2b ./system/src/newlib/_syscalls.o
 .debug_macro   0x00000000000147a6      0x118 ./system/src/newlib/_syscalls.o
 .debug_macro   0x00000000000148be      0x159 ./system/src/newlib/_syscalls.o
 .debug_macro   0x0000000000014a17       0x16 ./system/src/newlib/_syscalls.o
 .debug_macro   0x0000000000014a2d      0x15e ./system/src/diag/Trace.o
 .debug_macro   0x0000000000014b8b       0x52 ./system/src/diag/Trace.o
 .debug_macro   0x0000000000014bdd       0x16 ./system/src/diag/Trace.o
 .debug_macro   0x0000000000014bf3      0x2f1 ./system/src/diag/trace_impl.o
 .debug_macro   0x0000000000014ee4       0x22 ./system/src/diag/trace_impl.o
 .debug_macro   0x0000000000014f06      0x2b5 ./system/src/cortexm/_initialize_hardware.o
 .debug_macro   0x00000000000151bb      0x30a ./system/src/cortexm/exception_handlers.o
 .debug_macro   0x00000000000154c5       0x3b ./system/src/cortexm/exception_handlers.o
 .debug_macro   0x0000000000015500      0x2b1 ./system/src/cmsis/system_stm32f4xx.o
 .debug_macro   0x00000000000157b1      0x2eb ./src/main.o
 .debug_macro   0x0000000000015a9c      0x2ab ./src/stm32f4xx_hal_msp.o
 .debug_macro   0x0000000000015d47      0x2b5 ./src/stm32f4xx_it.o
